******************************************************************************
                  TI ARM Linker PC v20.2.7                     
******************************************************************************
>> Linked Tue Nov 26 12:47:49 2024

OUTPUT FILE NAME:   <uartecho_MSP_EXP432E401Y_tirtos_ccs.out>
ENTRY POINT SYMBOL: "_c_int00"  address: 0000a5d1


MEMORY CONFIGURATION

         name            origin    length      used     unused   attr    fill
----------------------  --------  ---------  --------  --------  ----  --------
  FLASH                 00000000   00100000  0000ec0c  000f13f4  R  X
  SRAM                  20000000   00040000  00029419  00016be7  RW X


SEGMENT ALLOCATION MAP

run origin  load origin   length   init length attrs members
----------  ----------- ---------- ----------- ----- -------
00000000    00000000    0000ec18   0000ec18    r-x
  00000000    00000000    0000003c   0000003c    r-- .resetVecs
  00000040    00000040    0000d73a   0000d73a    r-x .text
  0000d780    0000d780    0000104e   0000104e    r-- .const
  0000e7d0    0000e7d0    00000448   00000448    r-- .cinit
20000360    20000360    00020000   00000000    r--
  20000360    20000360    00020000   00000000    r-- .priheap
20020360    20020360    00008cb9   00000000    rw-
  20020360    20020360    000082a8   00000000    rw- .bss
  20028608    20028608    00000a11   00000000    rw- .data
2003fc00    2003fc00    00000400   00000000    rw-
  2003fc00    2003fc00    00000400   00000000    rw- .stack


SECTION ALLOCATION MAP

 output                                  attributes/
section   page    origin      length       input sections
--------  ----  ----------  ----------   ----------------
.text      0    00000040    0000d73a     
                  00000040    00001dd2     p100.obj (.text:CMD_help)
                  00001e12    00000002     ti_drivers_config.obj (.text:Board_initHook)
                  00001e14    00000b14     rtsv7M4_T_le_v4SPD16_eabi.lib : _scanfi.c.obj (.text:__TI_scanfi)
                  00002928    00000a4e                                   : _printfi.c.obj (.text:__TI_printfi)
                  00003376    00000002     p100.obj (.text:CMD_rem)
                  00003378    00000460     rtsv7M4_T_le_v4SPD16_eabi.lib : strtod.c.obj (.text:strtod)
                  000037d8    00000300     p100.obj (.text:CMD_reg)
                  00003ad8    000002f0     drivers_msp432e4.aem4f : UARTMSP432E4.oem4f (.text:UARTMSP432E4_open)
                  00003dc8    000002a0     sysbios.aem4f : BIOS.obj (.text:ti_sysbios_family_arm_msp432e4_init_Boot_sysCtlClockFreqSetI__I)
                  00004068    00000270     rtsv7M4_T_le_v4SPD16_eabi.lib : _printfi.c.obj (.text:_pconv_a)
                  000042d8    0000025b     p100.obj (.text:CMD_gpio)
                  00004533    00000001     --HOLE-- [fill = 0]
                  00004534    0000023a     msp432e4_driverlib.a : gpio.o (.text:GPIOPadConfigSet)
                  0000476e    00000002     drivers_msp432e4.aem4f : TimerMSP432E4.oem4f (.text:TimerMSP432E4_init)
                  00004770    0000022d     p100.obj (.text:CMD_if)
                  0000499d    00000001     --HOLE-- [fill = 0]
                  0000499e    00000002     drivers_msp432e4.aem4f : UARTMSP432E4.oem4f (.text:UARTMSP432E4_init)
                  000049a0    0000020c     script.obj (.text:print_script_line)
                  00004bac    00000200     p100.obj (.text:emergency_stop)
                  00004dac    000001ec     script.obj (.text:print_all_script_lines)
                  00004f98    000001dc     rtsv7M4_T_le_v4SPD16_eabi.lib : strtoll.c.obj (.text:strtoll)
                  00005174    000001d0                                   : _printfi.c.obj (.text:_pconv_g)
                  00005344    000001c4     p100.obj (.text:CMD_ticker)
                  00005508    000001b6     rtsv7M4_T_le_v4SPD16_eabi.lib : fd_add_t2.asm.obj (.text)
                  000056be    00000002                                   : _lock.c.obj (.text:_nop)
                  000056c0    0000019f     p100.obj (.text:execute_payload)
                  0000585f    00000001     --HOLE-- [fill = 0]
                  00005860    00000184     drivers_msp432e4.aem4f : GPIOMSP432E4.oem4f (.text:GPIO_setConfig)
                  000059e4    00000160     p100.obj (.text:init_globals)
                  00005b44    0000015c     rtsv7M4_T_le_v4SPD16_eabi.lib : strtoull.c.obj (.text:strtoull)
                  00005ca0    00000154     tickers.obj (.text:print_all_tickers)
                  00005df4    00000004     dpl_msp432e4.aem4f : ClockP_tirtos.oem4f (.text:ClockP_getCpuFreq)
                  00005df8    00000154     sysbios.aem4f : BIOS.obj (.text:ti_sysbios_knl_Task_Instance_finalize__E)
                  00005f4c    00000148     p100.obj (.text:CMD_script)
                  00006094    00000144     p100.obj (.text:CMD_memr)
                  000061d8    00000144     register.obj (.text:parse_operands)
                  0000631c    0000013c     rtsv7M4_T_le_v4SPD16_eabi.lib : _printfi.c.obj (.text:_pconv_e)
                  00006458    00000138     p100.obj (.text:init_drivers)
                  00006590    00000138     tasks.obj (.text:uartWriteTask)
                  000066c8    00000136     rtsv7M4_T_le_v4SPD16_eabi.lib : fd_div_t2.asm.obj (.text)
                  000067fe    00000002                                   : div0.asm.obj (.text)
                  00006800    00000130                                   : strtol.c.obj (.text:strtol)
                  00006930    00000130     sysbios.aem4f : BIOS.obj (.text:ti_sysbios_knl_Semaphore_pend__E)
                  00006a60    00000124     rtsv7M4_T_le_v4SPD16_eabi.lib : _printfi.c.obj (.text:fcvt)
                  00006b84    00000004     dpl_msp432e4.aem4f : ClockP_tirtos.oem4f (.text:ClockP_setTimeout)
                  00006b88    00000120     sysbios.aem4f : BIOS.obj (.text:xdc_runtime_Startup_startMods__I)
                  00006ca8    00000118     drivers_msp432e4.aem4f : TimerMSP432E4.oem4f (.text:TimerMSP432E4_open)
                  00006dc0    00000114     p100.obj (.text:CMD_callback)
                  00006ed4    00000114     register.obj (.text:reg_mov)
                  00006fe8    00000110     rtsv7M4_T_le_v4SPD16_eabi.lib : s_scalbn.c.obj (.text:scalbn)
                  000070f8    00000110                                   : strtoul.c.obj (.text:strtoul)
                  00007208    00000110     sysbios.aem4f : BIOS.obj (.text:ti_sysbios_knl_Task_postInit__I)
                  00007318    0000010c                   : BIOS.obj (.text:ti_sysbios_family_arm_lm4_Timer_start__E)
                  00007424    00000100     callback.obj (.text:print_all_callbacks)
                  00007524    000000fc     p100.obj (.text:CMD_timer)
                  00007620    000000fc     rtsv7M4_T_le_v4SPD16_eabi.lib : fd_mul_t2.asm.obj (.text)
                  0000771c    000000f0     sysbios.aem4f : m3_Hwi_asm.obj (.text:ti_sysbios_family_arm_m3_Hwi_dispatch__I)
                  0000780c    000000ec     p100.obj (.text:CMD_about)
                  000078f8    000000ec     register.obj (.text:print_all_registers)
                  000079e4    000000d8     tickers.obj (.text:init_tickers)
                  00007abc    000000d0     p100.obj (.text:AddPayload)
                  00007b8c    000000d0     p100.obj (.text:handle_UART)
                  00007c5c    00000004     dpl_msp432e4.aem4f : ClockP_tirtos.oem4f (.text:ClockP_start)
                  00007c60    000000d0     sysbios.aem4f : BIOS.obj (.text:ti_sysbios_heaps_HeapMem_alloc__E)
                  00007d30    000000c8     p100.obj (.text:AddOutMessage)
                  00007df8    000000c8     p100.obj (.text:AddProgramMessage)
                  00007ec0    000000c4     sysbios.aem4f : BIOS.obj (.text:ti_sysbios_knl_Task_sleep__E)
                  00007f84    000000be     drivers_msp432e4.aem4f : UARTMSP432E4.oem4f (.text:UARTMSP432E4_close)
                  00008042    00000006                            : TimerMSP432E4.oem4f (.text:TimerMSP432E4_control)
                  00008048    000000bc     sysbios.aem4f : BIOS.obj (.text:ti_sysbios_knl_Task_exit__E)
                  00008104    00000004     dpl_msp432e4.aem4f : ClockP_tirtos.oem4f (.text:ClockP_stop)
                  00008108    000000bc     sysbios.aem4f : BIOS.obj (.text:xdc_runtime_Core_createObject__I)
                  000081c4    000000b8     tasks.obj (.text:executePayloadTask)
                  0000827c    000000b8     register.obj (.text:reg_xchg)
                  00008334    00000004     dpl_msp432e4.aem4f : HwiP_tirtos.oem4f (.text:HwiP_clearInterrupt)
                  00008338    000000b8     sysbios.aem4f : BIOS.obj (.text:ti_sysbios_family_arm_m3_Hwi_Instance_init__E)
                  000083f0    000000b6     drivers_msp432e4.aem4f : UARTMSP432E4.oem4f (.text:readTaskCallback)
                  000084a6    00000002     release_pem4f.oem4f (.text:ti_sysbios_BIOS_nullFunc__I)
                  000084a8    000000b4     tickers.obj (.text:process_tickers)
                  0000855c    000000b1     rtsv7M4_T_le_v4SPD16_eabi.lib : _printfi.c.obj (.text:_ltostr)
                  0000860d    00000001     --HOLE-- [fill = 0]
                  0000860e    000000b0     drivers_msp432e4.aem4f : UARTMSP432E4.oem4f (.text:readTaskBlocking)
                  000086be    00000002     --HOLE-- [fill = 0]
                  000086c0    000000b0     sysbios.aem4f : BIOS.obj (.text:ti_sysbios_family_arm_lm4_Timer_enableTiva__I)
                  00008770    000000ac     drivers_msp432e4.aem4f : GPIOMSP432E4.oem4f (.text:GPIO_init)
                  0000881c    000000a4     msp432e4_driverlib.a : gpio.o (.text:GPIOIntTypeSet)
                  000088c0    000000a0     auto_init.aem4f : auto_init.oem4f (.text)
                  00008960    0000009e     drivers_msp432e4.aem4f : UARTMSP432E4.oem4f (.text:UARTMSP432E4_readPolling)
                  000089fe    00000002     --HOLE-- [fill = 0]
                  00008a00    0000009c     script.obj (.text:getOperandValue)
                  00008a9c    0000009c     rtsv7M4_T_le_v4SPD16_eabi.lib : memcpy_t2.asm.obj (.text)
                  00008b38    00000098     drivers_msp432e4.aem4f : UARTMSP432E4.oem4f (.text:UARTMSP432E4_write)
                  00008bd0    00000096     rtsv7M4_T_le_v4SPD16_eabi.lib : ull_div_t2.asm.obj (.text)
                  00008c66    00000094     drivers_msp432e4.aem4f : UARTMSP432E4.oem4f (.text:readIsrTextBlocking)
                  00008cfa    00000004     dpl_msp432e4.aem4f : HwiP_tirtos.oem4f (.text:HwiP_disable)
                  00008cfe    00000002     --HOLE-- [fill = 0]
                  00008d00    00000094     sysbios.aem4f : BIOS.obj (.text:ti_sysbios_family_arm_m3_Hwi_initNVIC__E)
                  00008d94    00000090     drivers_msp432e4.aem4f : UARTMSP432E4.oem4f (.text:UARTMSP432E4_control)
                  00008e24    00000004     dpl_msp432e4.aem4f : SemaphoreP_tirtos.oem4f (.text:SemaphoreP_post)
                  00008e28    00000090     sysbios.aem4f : BIOS.obj (.text:ti_sysbios_knl_Task_Module_startup__E)
                  00008eb8    0000008c                   : m3_TaskSupport_asm.obj (.text:ti_sysbios_family_arm_m3_TaskSupport_buildTaskStack)
                  00008f44    00000004     release_pem4f.oem4f (.text:ti_sysbios_BIOS_RtsGateProxy_enter__E)
                  00008f48    0000008c     sysbios.aem4f : BIOS.obj (.text:xdc_runtime_Memory_alloc__E)
                  00008fd4    00000088     drivers_msp432e4.aem4f : TimerMSP432E4.oem4f (.text:TimerMSP432E4_setPeriod)
                  0000905c    00000088                            : UARTMSP432E4.oem4f (.text:readIsrTextCallback)
                  000090e4    00000086     rtsv7M4_T_le_v4SPD16_eabi.lib : fd_cmp_t2.asm.obj (.text:__aeabi_cdcmple)
                  0000916a    00000086                                   : fd_cmp_t2.asm.obj (.text:__aeabi_cdrcmple)
                  000091f0    00000086     sysbios.aem4f : BIOS.obj (.text:xdc_runtime_Core_constructObject__I)
                  00009276    00000002     --HOLE-- [fill = 0]
                  00009278    00000084     p100.obj (.text:UART_write_safe)
                  000092fc    00000004     release_pem4f.oem4f (.text:ti_sysbios_BIOS_RtsGateProxy_leave__E)
                  00009300    00000084     sysbios.aem4f : BIOS.obj (.text:ti_sysbios_family_arm_m3_Hwi_postInit__I)
                  00009384    00000004                   : BIOS.obj (.text:ti_sysbios_family_arm_lm4_Timer_masterEnable__I)
                  00009388    00000084                   : BIOS.obj (.text:ti_sysbios_heaps_HeapMem_free__E)
                  0000940c    00000080     register.obj (.text:reg_rem)
                  0000948c    00000004     release_pem4f.oem4f (.text:ti_sysbios_family_arm_m3_Hwi_delete)
                  00009490    00000080     sysbios.aem4f : BIOS.obj (.text:ti_sysbios_knl_Clock_workFunc__E)
                  00009510    0000007c     register.obj (.text:reg_div)
                  0000958c    0000007c     register.obj (.text:reg_neg)
                  00009608    0000007c     register.obj (.text:reg_not)
                  00009684    0000007c     drivers_msp432e4.aem4f : UARTMSP432E4.oem4f (.text:writeData)
                  00009700    0000007a     rtsv7M4_T_le_v4SPD16_eabi.lib : memset_t2.asm.obj (.text)
                  0000977a    00000076     msp432e4_driverlib.a : uart.o (.text:UARTConfigSetExpClk)
                  000097f0    00000074     register.obj (.text:reg_dec)
                  00009864    00000074     register.obj (.text:reg_inc)
                  000098d8    00000074     sysbios.aem4f : BIOS.obj (.text:xdc_runtime_Core_deleteObject__I)
                  0000994c    00000072     drivers_msp432e4.aem4f : TimerMSP432E4.oem4f (.text:TimerMSP432E4_start)
                  000099be    00000002     --HOLE-- [fill = 0]
                  000099c0    00000070     sysbios.aem4f : BIOS.obj (.text:ti_sysbios_heaps_HeapMem_initPrimary__I)
                  00009a30    0000006e     rtsv7M4_T_le_v4SPD16_eabi.lib : _printfi.c.obj (.text:_mcpy)
                  00009a9e    0000006e                                   : fd_tos_t2.asm.obj (.text)
                  00009b0c    0000006c     drivers_msp432e4.aem4f : PowerMSP432E4.oem4f (.text:Power_releaseDependency)
                  00009b78    0000006c     sysbios.aem4f : BIOS.obj (.text:ti_sysbios_knl_Swi_restoreHwi__E)
                  00009be4    00000068     p100.obj (.text:CMD_error)
                  00009c4c    00000068     drivers_msp432e4.aem4f : GPIOMSP432E4.oem4f (.text:GPIO_hwiIntFxn)
                  00009cb4    00000068                            : PowerMSP432E4.oem4f (.text:Power_setDependency)
                  00009d1c    00000068                            : TimerMSP432E4.oem4f (.text:TimerMSP432E4_allocateTimerResource)
                  00009d84    00000068     rtsv7M4_T_le_v4SPD16_eabi.lib : sscanf.c.obj (.text:_chkmbc)
                  00009dec    00000068                                   : copy_decompress_lzss.c.obj (.text:decompress:lzss:__TI_decompress_lzss)
                  00009e54    00000068     drivers_msp432e4.aem4f : UARTMSP432E4.oem4f (.text:readIsrBinaryBlocking)
                  00009ebc    00000064                            : PowerMSP432E4.oem4f (.text:Power_init)
                  00009f20    00000064     rtsv7M4_T_le_v4SPD16_eabi.lib : s_frexp.c.obj (.text:frexp)
                  00009f84    00000064     drivers_msp432e4.aem4f : UARTMSP432E4.oem4f (.text:readIsrBinaryCallback)
                  00009fe8    00000064     sysbios.aem4f : BIOS.obj (.text:ti_sysbios_family_arm_lm4_Timer_Module_startup__E)
                  0000a04c    00000004     release_pem4f.oem4f (.text:ti_sysbios_family_arm_m3_TaskSupport_Module__startupDone__S)
                  0000a050    00000064     sysbios.aem4f : BIOS.obj (.text:ti_sysbios_family_arm_m3_Hwi_dispatchC__I)
                  0000a0b4    00000004     release_pem4f.oem4f (.text:ti_sysbios_heaps_HeapMem_Module_GateProxy_enter__E)
                  0000a0b8    00000060     sysbios.aem4f : BIOS.obj (.text:ti_sysbios_knl_Semaphore_post__E)
                  0000a118    00000060                   : BIOS.obj (.text:ti_sysbios_knl_Swi_run__I)
                  0000a178    00000060     tasks.obj (.text:uartReadTask)
                  0000a1d8    0000005c     msp432e4_driverlib.a : gpio.o (.text:GPIODirModeSet)
                  0000a234    0000005c     drivers_msp432e4.aem4f : TimerMSP432E4.oem4f (.text:getPowerMgrId)
                  0000a290    0000005c                            : UARTMSP432E4.oem4f (.text:getPowerResourceId)
                  0000a2ec    0000005c     register.obj (.text:reg_max)
                  0000a348    0000005c     register.obj (.text:reg_min)
                  0000a3a4    00000004     release_pem4f.oem4f (.text:ti_sysbios_heaps_HeapMem_Module_GateProxy_leave__E)
                  0000a3a8    0000005c     sysbios.aem4f : BIOS.obj (.text:ti_sysbios_knl_Swi_schedule__I)
                  0000a404    00000004     release_pem4f.oem4f (.text:ti_sysbios_knl_Clock_TimerProxy_getMaxTicks__E)
                  0000a408    0000005c     sysbios.aem4f : BIOS.obj (.text:ti_sysbios_knl_Task_startCore__E)
                  0000a464    00000004     release_pem4f.oem4f (.text:ti_sysbios_knl_Clock_delete)
                  0000a468    0000005c     sysbios.aem4f : BIOS.obj (.text:xdc_runtime_Startup_exec__E)
                  0000a4c4    0000005a     register.obj (.text:parse_immediate)
                  0000a51e    0000005a     register.obj (.text:parse_memory_address)
                  0000a578    00000058     drivers_msp432e4.aem4f : GPIOMSP432E4.oem4f (.text:GPIO_setCallback)
                  0000a5d0    00000058     boot.aem4f : boot.oem4f (.text)
                  0000a628    00000058     sysbios.aem4f : m3_Hwi_asm_switch.obj (.text:ti_sysbios_family_arm_m3_Hwi_initStacks__E)
                  0000a680    00000056     rtsv7M4_T_le_v4SPD16_eabi.lib : _printfi.c.obj (.text:_pconv_f)
                  0000a6d6    00000002     --HOLE-- [fill = 0]
                  0000a6d8    00000054     drivers_msp432e4.aem4f : GPIOMSP432E4.oem4f (.text:GPIO_write)
                  0000a72c    00000054     rtsv7M4_T_le_v4SPD16_eabi.lib : _ltoa.c.obj (.text:__TI_ltoa)
                  0000a780    00000054     p100.obj (.text:formatAboutHeaderMsg)
                  0000a7d4    00000054     register.obj (.text:reg_add)
                  0000a828    00000054     register.obj (.text:reg_and)
                  0000a87c    00000054     register.obj (.text:reg_ior)
                  0000a8d0    00000054     register.obj (.text:reg_mul)
                  0000a924    00000054     register.obj (.text:reg_sub)
                  0000a978    00000054     register.obj (.text:reg_xor)
                  0000a9cc    00000004     release_pem4f.oem4f (.text:ti_sysbios_knl_Semaphore_delete)
                  0000a9d0    00000054     sysbios.aem4f : BIOS.obj (.text:ti_sysbios_family_arm_lm4_Timer_initDevice__I)
                  0000aa24    00000054     release_pem4f.oem4f (.text:ti_sysbios_family_arm_m3_Hwi_create)
                  0000aa78    00000052     rtsv7M4_T_le_v4SPD16_eabi.lib : _printfi.c.obj (.text:_ecpy)
                  0000aaca    00000002     --HOLE-- [fill = 0]
                  0000aacc    00000050     drivers_msp432e4.aem4f : GPIOMSP432E4.oem4f (.text:GPIO_toggle)
                  0000ab1c    00000050                            : UARTMSP432E4.oem4f (.text:UARTMSP432E4_hwiIntFxn)
                  0000ab6c    00000050     p100.obj (.text:raiseError)
                  0000abbc    00000004     release_pem4f.oem4f (.text:ti_sysbios_knl_Task_delete)
                  0000abc0    00000050     sysbios.aem4f : BIOS.obj (.text:ti_sysbios_family_arm_m3_Hwi_Module_startup__E)
                  0000ac10    00000050                   : BIOS.obj (.text:ti_sysbios_knl_Clock_Instance_init__E)
                  0000ac60    0000004e     drivers_msp432e4.aem4f : TimerMSP432E4.oem4f (.text:TimerMSP432E4_stop)
                  0000acae    0000004e                            : TimerMSP432E4.oem4f (.text:initHw)
                  0000acfc    0000004c                            : TimerMSP432E4.oem4f (.text:TimerMSP432E4_freeTimerResource)
                  0000ad48    0000004c                            : UARTMSP432E4.oem4f (.text:UARTMSP432E4_writePolling)
                  0000ad94    0000004c     rtsv7M4_T_le_v4SPD16_eabi.lib : atoi.c.obj (.text:atoi)
                  0000ade0    0000004c                                   : cpy_tbl.c.obj (.text:copy_in)
                  0000ae2c    0000004c     drivers_msp432e4.aem4f : UARTMSP432E4.oem4f (.text:ringBufGet)
                  0000ae78    0000004c     rtsv7M4_T_le_v4SPD16_eabi.lib : snprintf.c.obj (.text:snprintf)
                  0000aec4    00000004     release_pem4f.oem4f (.text:xdc_runtime_System_Module_GateProxy_enter__E)
                  0000aec8    0000004c     sysbios.aem4f : BIOS.obj (.text:ti_sysbios_heaps_HeapMem_getStats__E)
                  0000af14    00000004     release_pem4f.oem4f (.text:xdc_runtime_System_Module_GateProxy_leave__E)
                  0000af18    0000004c     sysbios.aem4f : BIOS.obj (.text:ti_sysbios_knl_Swi_runLoop__I)
                  0000af64    00000004     --HOLE-- [fill = 0]
                  0000af68    0000004c                   : BIOS.obj (.text:ti_sysbios_knl_Task_allBlockedFunction__I)
                  0000afb4    00000004     --HOLE-- [fill = 0]
                  0000afb8    0000004c                   : BIOS.obj (.text:ti_sysbios_knl_Task_schedule__I)
                  0000b004    0000004a     script.obj (.text:trim)
                  0000b04e    00000048     drivers_msp432e4.aem4f : UARTMSP432E4.oem4f (.text:UARTMSP432E4_writeCancel)
                  0000b096    00000002     --HOLE-- [fill = 0]
                  0000b098    00000048     p100.obj (.text:formatCompileDateTime)
                  0000b0e0    00000048     rtsv7M4_T_le_v4SPD16_eabi.lib : fd_toi_t2.asm.obj (.text)
                  0000b128    00000048     sysbios.aem4f : BIOS.obj (.text:ti_sysbios_family_arm_lm4_Timer_enableTimers__I)
                  0000b170    00000048                   : BIOS.obj (.text:ti_sysbios_family_arm_m3_Hwi_disableInterrupt__E)
                  0000b1b8    00000048                   : BIOS.obj (.text:ti_sysbios_family_arm_m3_Hwi_enableInterrupt__E)
                  0000b200    00000048                   : BIOS.obj (.text:ti_sysbios_knl_Mailbox_Module_startup__E)
                  0000b248    00000048                   : BIOS.obj (.text:ti_sysbios_knl_Task_deleteTerminatedTasksFunc__I)
                  0000b290    00000048                   : BIOS.obj (.text:xdc_runtime_Core_assignParams__I)
                  0000b2d8    00000046     drivers_msp432e4.aem4f : RingBuf.oem4f (.text:RingBuf_put)
                  0000b31e    00000046                            : TimerMSP432E4.oem4f (.text:getPrescaler)
                  0000b364    00000044     msp432e4_driverlib.a : gpio.o (.text:GPIOPinConfigure)
                  0000b3a8    00000044                          : sysctl.o (.text:SysCtlPeripheralPresent)
                  0000b3ec    00000044                          : sysctl.o (.text:SysCtlPeripheralReady)
                  0000b430    00000044     drivers_msp432e4.aem4f : Timer.oem4f (.text:Timer_init)
                  0000b474    00000044                            : UART.oem4f (.text:UART_init)
                  0000b4b8    00000044     p100.obj (.text:refreshUserInputLine)
                  0000b4fc    00000004     --HOLE-- [fill = 0]
                  0000b500    00000044     sysbios.aem4f : BIOS.obj (.text:ti_sysbios_family_arm_lm4_Timer_isrStub__E)
                  0000b544    00000004     --HOLE-- [fill = 0]
                  0000b548    00000044                   : BIOS.obj (.text:ti_sysbios_family_arm_m3_Hwi_getStackInfo__E)
                  0000b58c    00000004     --HOLE-- [fill = 0]
                  0000b590    00000044                   : BIOS.obj (.text:ti_sysbios_knl_Mailbox_postInit__I)
                  0000b5d4    00000004     --HOLE-- [fill = 0]
                  0000b5d8    00000044                   : BIOS.obj (.text:ti_sysbios_knl_Swi_post__E)
                  0000b61c    00000044     tasks.obj (.text:tickerProcessingTask)
                  0000b660    00000044     sysbios.aem4f : BIOS.obj (.text:xdc_runtime_System_atexit__E)
                  0000b6a4    00000040     dpl_msp432e4.aem4f : ClockP_tirtos.oem4f (.text:ClockP_create)
                  0000b6e4    00000040                        : HwiP_tirtos.oem4f (.text:HwiP_create)
                  0000b724    00000040     drivers_msp432e4.aem4f : RingBuf.oem4f (.text:RingBuf_get)
                  0000b764    00000040     msp432e4_driverlib.a : sysctl.o (.text:SysCtlPeripheralDisable)
                  0000b7a4    00000040                          : sysctl.o (.text:SysCtlPeripheralEnable)
                  0000b7e4    00000040                          : sysctl.o (.text:SysCtlPeripheralPowerOff)
                  0000b824    00000040                          : sysctl.o (.text:SysCtlPeripheralPowerOn)
                  0000b864    00000040                          : sysctl.o (.text:SysCtlPeripheralSleepDisable)
                  0000b8a4    00000040                          : sysctl.o (.text:SysCtlPeripheralSleepEnable)
                  0000b8e4    00000040     drivers_msp432e4.aem4f : Timer.oem4f (.text:Timer_open)
                  0000b924    00000040                            : UARTMSP432E4.oem4f (.text:UARTMSP432E4_read)
                  0000b964    00000040                            : UART.oem4f (.text:UART_open)
                  0000b9a4    00000040     p100.obj (.text:getErrorName)
                  0000b9e4    00000040     register.obj (.text:is_valid_memory_address)
                  0000ba24    00000040     rtsv7M4_T_le_v4SPD16_eabi.lib : sprintf.c.obj (.text:sprintf)
                  0000ba64    00000040                                   : strtok.c.obj (.text:strtok)
                  0000baa4    00000040     callback.obj (.text:sw2SWI)
                  0000bae4    00000004     --HOLE-- [fill = 0]
                  0000bae8    00000040     sysbios.aem4f : BIOS.obj (.text:ti_sysbios_family_arm_lm4_Timer_startup__E)
                  0000bb28    00000040                   : BIOS.obj (.text:ti_sysbios_heaps_HeapMem_Instance_init__E)
                  0000bb68    0000003e     rtsv7M4_T_le_v4SPD16_eabi.lib : _printfi.c.obj (.text:_fcpy)
                  0000bba6    0000003e     register.obj (.text:parse_register)
                  0000bbe4    0000003c     dpl_msp432e4.aem4f : SemaphoreP_tirtos.oem4f (.text:SemaphoreP_create)
                  0000bc20    0000003c     callback.obj (.text:sw1SWI)
                  0000bc5c    00000004     --HOLE-- [fill = 0]
                  0000bc60    0000003c     sysbios.aem4f : BIOS.obj (.text:ti_sysbios_family_arm_m3_Hwi_Instance_finalize__E)
                  0000bc9c    0000003c     release_pem4f.oem4f (.text:ti_sysbios_knl_Clock_create)
                  0000bcd8    0000003c     sysbios.aem4f : BIOS.obj (.text:ti_sysbios_knl_Swi_restore__E)
                  0000bd14    00000004     --HOLE-- [fill = 0]
                  0000bd18    0000003c                   : BIOS.obj (.text:xdc_runtime_System_processAtExit__E)
                  0000bd54    00000038     drivers_msp432e4.aem4f : TimerMSP432E4.oem4f (.text:TimerMSP432E4_hwiIntFunction)
                  0000bd8c    00000038     script.obj (.text:execute_script_from_line)
                  0000bdc4    00000038     p100.obj (.text:refresh_user_input)
                  0000bdfc    00000038     rtsv7M4_T_le_v4SPD16_eabi.lib : sscanf.c.obj (.text:sscanf)
                  0000be34    00000004     --HOLE-- [fill = 0]
                  0000be38    00000038     sysbios.aem4f : BIOS.obj (.text:ti_sysbios_knl_Task_processVitalTaskFlag__I)
                  0000be70    00000038     callback.obj (.text:timer0SWI)
                  0000bea8    00000036     msp432e4_driverlib.a : timer.o (.text:TimerControlStall)
                  0000bede    00000036     drivers_msp432e4.aem4f : UARTMSP432E4.oem4f (.text:UARTMSP432E4_readCancel)
                  0000bf14    00000036     rtsv7M4_T_le_v4SPD16_eabi.lib : strncpy.c.obj (.text:strncpy)
                  0000bf4a    00000034     drivers_msp432e4.aem4f : TimerMSP432E4.oem4f (.text:TimerMSP432E4_close)
                  0000bf7e    00000002     --HOLE-- [fill = 0]
                  0000bf80    00000034     sysbios.aem4f : BIOS.obj (.text:_pthread_delete$44)
                  0000bfb4    00000034     p100.obj (.text:memory_strdup)
                  0000bfe8    00000034     p100.obj (.text:reset_buffer)
                  0000c01c    00000034     release_pem4f.oem4f (.text:ti_sysbios_knl_Semaphore_create)
                  0000c050    00000033     p100.obj (.text:moveCursorDown)
                  0000c083    00000001     --HOLE-- [fill = 0]
                  0000c084    00000032     p100.obj (.text:moveCursorUp)
                  0000c0b6    00000002     --HOLE-- [fill = 0]
                  0000c0b8    00000032     sysbios.aem4f : BIOS.obj (.text:ti_sysbios_hal_Hwi_initStack)
                  0000c0ea    00000002     --HOLE-- [fill = 0]
                  0000c0ec    00000030     ti_drivers_config.obj (.text:Board_init)
                  0000c11c    00000030     drivers_msp432e4.aem4f : GPIOMSP432E4.oem4f (.text:GPIOMSP432E4_undoPinConfig)
                  0000c14c    00000030                            : GPIOMSP432E4.oem4f (.text:GPIO_enableInt)
                  0000c17c    00000030                            : GPIOMSP432E4.oem4f (.text:GPIO_read)
                  0000c1ac    00000030     msp432e4_driverlib.a : uart.o (.text:UARTDisable)
                  0000c1dc    00000030     rtsv7M4_T_le_v4SPD16_eabi.lib : snprintf.c.obj (.text:_outs)
                  0000c20c    00000030     release_pem4f.oem4f (.text:ti_sysbios_BIOS_atExitFunc__I)
                  0000c23c    00000030     release_pem4f.oem4f (.text:ti_sysbios_BIOS_startFunc__I)
                  0000c26c    00000004     --HOLE-- [fill = 0]
                  0000c270    00000030     sysbios.aem4f : BIOS.obj (.text:ti_sysbios_family_arm_lm4_Timer_stop__E)
                  0000c2a0    00000030                   : BIOS.obj (.text:ti_sysbios_family_arm_m3_TaskSupport_start__E)
                  0000c2d0    00000030     release_pem4f.oem4f (.text:ti_sysbios_gates_GateHwi_Object__create__S)
                  0000c300    00000030     release_pem4f.oem4f (.text:ti_sysbios_gates_GateMutex_Object__create__S)
                  0000c330    00000030     sysbios.aem4f : BIOS.obj (.text:ti_sysbios_gates_GateMutex_enter__E)
                  0000c360    00000030     release_pem4f.oem4f (.text:ti_sysbios_gates_GateSwi_Object__create__S)
                  0000c390    00000030     release_pem4f.oem4f (.text:ti_sysbios_heaps_HeapMem_Object__create__S)
                  0000c3c0    00000030     release_pem4f.oem4f (.text:ti_sysbios_knl_Semaphore_construct)
                  0000c3f0    00000030     sysbios.aem4f : BIOS.obj (.text:ti_sysbios_knl_Semaphore_pendTimeout__I)
                  0000c420    00000030                   : BIOS.obj (.text:ti_sysbios_knl_Task_restore__E)
                  0000c450    00000030                   : BIOS.obj (.text:ti_sysbios_knl_Task_unblockI__E)
                  0000c480    0000002e     p100.obj (.text:moveCursorToColumn)
                  0000c4ae    0000002e     rtsv7M4_T_le_v4SPD16_eabi.lib : i_tofd_t2.asm.obj (.text)
                  0000c4dc    0000002c     dpl_msp432e4.aem4f : SemaphoreP_tirtos.oem4f (.text:SemaphoreP_createBinary)
                  0000c508    0000002c     msp432e4_driverlib.a : sysctl.o (.text:SysCtlPeripheralClockGating)
                  0000c534    00000004     --HOLE-- [fill = 0]
                  0000c538    0000002c     sysbios.aem4f : BIOS.obj (.text:_pthread_cleanupFxn)
                  0000c564    0000002c     script.obj (.text:init_script_lines)
                  0000c590    0000002c     main_tirtos.obj (.text:main)
                  0000c5bc    0000002c     release_pem4f.oem4f (.text:ti_sysbios_gates_GateHwi_Handle__label__S)
                  0000c5e8    0000002c     release_pem4f.oem4f (.text:ti_sysbios_gates_GateMutex_Handle__label__S)
                  0000c614    0000002c     release_pem4f.oem4f (.text:ti_sysbios_gates_GateSwi_Handle__label__S)
                  0000c640    0000002c     release_pem4f.oem4f (.text:ti_sysbios_heaps_HeapMem_Handle__label__S)
                  0000c66c    0000002c     release_pem4f.oem4f (.text:ti_sysbios_knl_Clock_doTick__I)
                  0000c698    0000002c     release_pem4f.oem4f (.text:ti_sysbios_knl_Queue_construct)
                  0000c6c4    0000002a     msp432e4_driverlib.a : timer.o (.text:TimerLoadSet)
                  0000c6ee    0000002a                          : timer.o (.text:TimerPrescaleSet)
                  0000c718    0000002a     script.obj (.text:execute_destination)
                  0000c742    0000002a     rtsv7M4_T_le_v4SPD16_eabi.lib : strspn.c.obj (.text:strspn)
                  0000c76c    00000028     sysbios.aem4f : m3_Hwi_asm.obj (.text:ti_sysbios_family_arm_m3_Hwi_excHandlerAsm__I)
                  0000c794    00000004     --HOLE-- [fill = 0]
                  0000c798    00000028                   : BIOS.obj (.text:ti_sysbios_knl_Clock_addI__E)
                  0000c7c0    00000028                   : BIOS.obj (.text:ti_sysbios_knl_Swi_Module_startup__E)
                  0000c7e8    00000026                   : m3_Hwi_asm.obj (.text:ti_sysbios_family_arm_m3_Hwi_pendSV__I)
                  0000c80e    00000024     msp432e4_driverlib.a : gpio.o (.text:GPIOPinTypeUART)
                  0000c832    00000024                          : uart.o (.text:UARTCharPutNonBlocking)
                  0000c856    00000024                          : uart.o (.text:UARTEnable)
                  0000c87a    00000024     rtsv7M4_T_le_v4SPD16_eabi.lib : strcspn.c.obj (.text:strcspn)
                  0000c89e    00000002     --HOLE-- [fill = 0]
                  0000c8a0    00000024     release_pem4f.oem4f (.text:ti_sysbios_BIOS_registerRTSLock__I)
                  0000c8c4    00000024     release_pem4f.oem4f (.text:ti_sysbios_BIOS_removeRTSLock__I)
                  0000c8e8    00000024     release_pem4f.oem4f (.text:ti_sysbios_gates_GateMutex_Object__delete__S)
                  0000c90c    00000004     --HOLE-- [fill = 0]
                  0000c910    00000024     sysbios.aem4f : BIOS.obj (.text:ti_sysbios_knl_Clock_Module_startup__E)
                  0000c934    00000024     release_pem4f.oem4f (.text:ti_sysbios_knl_Clock_Object__delete__S)
                  0000c958    00000024     sysbios.aem4f : BIOS.obj (.text:ti_sysbios_knl_Clock_start__E)
                  0000c97c    00000004     --HOLE-- [fill = 0]
                  0000c980    00000024                   : BIOS.obj (.text:ti_sysbios_knl_Semaphore_Instance_init__E)
                  0000c9a4    00000024     release_pem4f.oem4f (.text:ti_sysbios_knl_Semaphore_Object__delete__S)
                  0000c9c8    00000024     sysbios.aem4f : BIOS.obj (.text:ti_sysbios_knl_Task_restoreHwi__E)
                  0000c9ec    00000004     --HOLE-- [fill = 0]
                  0000c9f0    00000024                   : BIOS.obj (.text:xdc_runtime_Error_policyMin__E)
                  0000ca14    00000004     --HOLE-- [fill = 0]
                  0000ca18    00000024                   : BIOS.obj (.text:xdc_runtime_System_abort__E)
                  0000ca3c    00000023     p100.obj (.text:CMD_print)
                  0000ca5f    00000001     --HOLE-- [fill = 0]
                  0000ca60    00000022     msp432e4_driverlib.a : gpio.o (.text:GPIOIntStatus)
                  0000ca82    00000006     --HOLE-- [fill = 0]
                  0000ca88    00000022     sysbios.aem4f : BIOS.obj (.text:ti_sysbios_family_arm_lm4_Timer_write__I)
                  0000caaa    00000020     msp432e4_driverlib.a : gpio.o (.text:GPIOPinWrite)
                  0000caca    00000020     drivers_msp432e4.aem4f : RingBuf.oem4f (.text:RingBuf_peek)
                  0000caea    00000002     --HOLE-- [fill = 0]
                  0000caec    00000020     p100.obj (.text:digitalWrite)
                  0000cb0c    00000020     drivers_msp432e4.aem4f : GPIOMSP432E4.oem4f (.text:getGpioIntIndex)
                  0000cb2c    00000020     p100.obj (.text:isPrintable)
                  0000cb4c    00000020     release_pem4f.oem4f (.text:ti_sysbios_BIOS_rtsLock__I)
                  0000cb6c    00000020     release_pem4f.oem4f (.text:ti_sysbios_family_arm_m3_Hwi_Object__delete__S)
                  0000cb8c    00000004     --HOLE-- [fill = 0]
                  0000cb90    00000020     sysbios.aem4f : BIOS.obj (.text:ti_sysbios_family_arm_m3_Hwi_clearInterrupt__E)
                  0000cbb0    00000020     release_pem4f.oem4f (.text:ti_sysbios_gates_GateHwi_Object__delete__S)
                  0000cbd0    00000020     release_pem4f.oem4f (.text:ti_sysbios_gates_GateSwi_Object__delete__S)
                  0000cbf0    00000020     release_pem4f.oem4f (.text:ti_sysbios_heaps_HeapMem_Object__delete__S)
                  0000cc10    00000020     sysbios.aem4f : BIOS.obj (.text:ti_sysbios_knl_Idle_run__E)
                  0000cc30    00000020     release_pem4f.oem4f (.text:ti_sysbios_knl_Semaphore_destruct)
                  0000cc50    00000020     release_pem4f.oem4f (.text:ti_sysbios_knl_Task_Object__delete__S)
                  0000cc70    0000001e     msp432e4_driverlib.a : timer.o (.text:TimerDisable)
                  0000cc8e    0000001e                          : timer.o (.text:TimerEnable)
                  0000ccac    0000001e                          : uart.o (.text:UARTBusy)
                  0000ccca    0000001e                          : uart.o (.text:UARTCharPut)
                  0000cce8    0000001e                          : uart.o (.text:UARTCharsAvail)
                  0000cd06    0000001e                          : uart.o (.text:UARTIntStatus)
                  0000cd24    0000001e     sysbios.aem4f : m3_Hwi_asm_switch.obj (.text:ti_sysbios_family_xxx_Hwi_switchAndRunFunc)
                  0000cd42    0000001c     msp432e4_driverlib.a : uart.o (.text:UARTCharGetNonBlocking)
                  0000cd5e    0000001c                          : uart.o (.text:UARTFlowControlSet)
                  0000cd7a    0000001c                          : uart.o (.text:UARTTxIntModeSet)
                  0000cd96    0000001c     rtsv7M4_T_le_v4SPD16_eabi.lib : memccpy.c.obj (.text:memccpy)
                  0000cdb2    00000006     --HOLE-- [fill = 0]
                  0000cdb8    0000001c     sysbios.aem4f : BIOS.obj (.text:ti_sysbios_family_arm_m3_Hwi_excHandler__I)
                  0000cdd4    00000004     --HOLE-- [fill = 0]
                  0000cdd8    0000001c                   : BIOS.obj (.text:ti_sysbios_gates_GateMutex_Instance_init__E)
                  0000cdf4    00000004     --HOLE-- [fill = 0]
                  0000cdf8    0000001c                   : BIOS.obj (.text:ti_sysbios_knl_Clock_Instance_finalize__E)
                  0000ce14    0000001c     release_pem4f.oem4f (.text:ti_sysbios_knl_Queue_destruct)
                  0000ce30    0000001c     sysbios.aem4f : BIOS.obj (.text:ti_sysbios_knl_Queue_get__E)
                  0000ce4c    00000004     --HOLE-- [fill = 0]
                  0000ce50    0000001c                   : BIOS.obj (.text:ti_sysbios_knl_Queue_put__E)
                  0000ce6c    00000004     --HOLE-- [fill = 0]
                  0000ce70    0000001c                   : BIOS.obj (.text:ti_sysbios_knl_Task_enter__I)
                  0000ce8c    00000004     --HOLE-- [fill = 0]
                  0000ce90    0000001c                   : BIOS.obj (.text:ti_sysbios_rts_ti_ReentSupport_getReent__F)
                  0000ceac    0000001a     msp432e4_driverlib.a : gpio.o (.text:GPIOIntEnable)
                  0000cec6    0000001a     rtsv7M4_T_le_v4SPD16_eabi.lib : s_copysign.c.obj (.text:copysign)
                  0000cee0    00000018     msp432e4_driverlib.a : gpio.o (.text:GPIOPinRead)
                  0000cef8    00000018     drivers_msp432e4.aem4f : PowerMSP432E4.oem4f (.text:Power_idleFunc)
                  0000cf10    00000018     msp432e4_driverlib.a : timer.o (.text:TimerIntDisable)
                  0000cf28    00000018                          : timer.o (.text:TimerIntEnable)
                  0000cf40    00000018     drivers_msp432e4.aem4f : TimerMSP432E4.oem4f (.text:TimerMSP432E4_getCount)
                  0000cf58    00000018     msp432e4_driverlib.a : uart.o (.text:UARTFIFOLevelSet)
                  0000cf70    00000018                          : uart.o (.text:UARTIntDisable)
                  0000cf88    00000018                          : uart.o (.text:UARTIntEnable)
                  0000cfa0    00000018     drivers_msp432e4.aem4f : UART.oem4f (.text:UART_Params_init)
                  0000cfb8    00000018     rtsv7M4_T_le_v4SPD16_eabi.lib : args_main.c.obj (.text:_args_main)
                  0000cfd0    00000018                                   : snprintf.c.obj (.text:_outc)
                  0000cfe8    00000018                                   : sprintf.c.obj (.text:_outs)
                  0000d000    00000018     p100.obj (.text:digitalRead)
                  0000d018    00000018     rtsv7M4_T_le_v4SPD16_eabi.lib : ll_mul_t2.asm.obj (.text)
                  0000d030    00000018                                   : strcmp.c.obj (.text:strcmp)
                  0000d048    00000018                                   : strrchr.c.obj (.text:strrchr)
                  0000d060    00000018     release_pem4f.oem4f (.text:ti_sysbios_BIOS_rtsUnlock__I)
                  0000d078    00000018     release_pem4f.oem4f (.text:ti_sysbios_family_arm_lm4_Timer_Module__startupDone__F)
                  0000d090    00000018     release_pem4f.oem4f (.text:ti_sysbios_family_arm_m3_Hwi_Module__startupDone__F)
                  0000d0a8    00000018     sysbios.aem4f : m3_TaskSupport_asm.obj (.text:ti_sysbios_family_arm_m3_TaskSupport_swap__E)
                  0000d0c0    00000018                   : BIOS.obj (.text:ti_sysbios_gates_GateMutex_leave__E)
                  0000d0d8    00000018                   : BIOS.obj (.text:ti_sysbios_knl_Task_sleepTimeout__I)
                  0000d0f0    00000018     release_pem4f.oem4f (.text:ti_sysbios_rts_ti_ReentSupport_getTlsAddr__I)
                  0000d108    00000018     p100.obj (.text:togglePin)
                  0000d120    00000018     sysbios.aem4f : BIOS.obj (.text:xdc_runtime_Error_init__E)
                  0000d138    00000018                   : BIOS.obj (.text:xdc_runtime_System_exit__E)
                  0000d150    00000016     msp432e4_driverlib.a : uart.o (.text:UARTCharGet)
                  0000d166    00000016     p100.obj (.text:UART_write_safe_strlen)
                  0000d17c    00000016     rtsv7M4_T_le_v4SPD16_eabi.lib : strchr.c.obj (.text:strchr)
                  0000d192    00000016     release_pem4f.oem4f (.text:ti_sysbios_BIOS_exitFunc__I)
                  0000d1a8    00000016     p100.obj (.text:ti_sysbios_knl_Semaphore_Params_init)
                  0000d1be    00000014     msp432e4_driverlib.a : gpio.o (.text:GPIOIntClear)
                  0000d1d2    00000002     --HOLE-- [fill = 0]
                  0000d1d4    00000014     drivers_msp432e4.aem4f : GPIOMSP432E4.oem4f (.text:GPIOMSP432E4_getGpioBaseAddr)
                  0000d1e8    00000014                            : GPIOMSP432E4.oem4f (.text:GPIOMSP432E4_getPowerResourceId)
                  0000d1fc    00000014     p100.obj (.text:clear_console)
                  0000d210    00000014     rtsv7M4_T_le_v4SPD16_eabi.lib : strcpy.c.obj (.text:strcpy)
                  0000d224    00000014                                   : strlen.c.obj (.text:strlen)
                  0000d238    00000014     callback.obj (.text:sw1Callback_fxn)
                  0000d24c    00000014     callback.obj (.text:sw2Callback_fxn)
                  0000d260    00000014     release_pem4f.oem4f (.text:ti_sysbios_family_arm_m3_Hwi_Object__get__S)
                  0000d274    00000004     --HOLE-- [fill = 0]
                  0000d278    00000014     sysbios.aem4f : BIOS.obj (.text:ti_sysbios_family_arm_m3_Hwi_switchFromBootStack__E)
                  0000d28c    00000014     release_pem4f.oem4f (.text:ti_sysbios_heaps_HeapMem_Object__get__S)
                  0000d2a0    00000014     release_pem4f.oem4f (.text:ti_sysbios_knl_Swi_Object__get__S)
                  0000d2b4    00000014     release_pem4f.oem4f (.text:ti_sysbios_knl_Task_Object__first__S)
                  0000d2c8    00000014     release_pem4f.oem4f (.text:ti_sysbios_knl_Task_Object__next__S)
                  0000d2dc    00000014     tickers.obj (.text:ticker_timer_callback)
                  0000d2f0    00000014     callback.obj (.text:timer0Callback_fxn)
                  0000d304    00000012     drivers_msp432e4.aem4f : RingBuf.oem4f (.text:RingBuf_construct)
                  0000d316    00000012     dpl_msp432e4.aem4f : SemaphoreP_tirtos.oem4f (.text:SemaphoreP_pend)
                  0000d328    00000012     msp432e4_driverlib.a : timer.o (.text:TimerIntClear)
                  0000d33a    00000012                          : uart.o (.text:UARTIntClear)
                  0000d34c    00000012                          : uart.o (.text:UARTRxErrorGet)
                  0000d35e    00000012     rtsv7M4_T_le_v4SPD16_eabi.lib : sscanf.c.obj (.text:_inpchar)
                  0000d370    00000012     sysbios.aem4f : BIOS.obj (.text:ti_sysbios_hal_Hwi_Module_startup__E)
                  0000d382    00000012     rtsv7M4_T_le_v4SPD16_eabi.lib : wcslen.c.obj (.text:wcslen)
                  0000d394    00000012     release_pem4f.oem4f (.text:xdc_runtime_Startup_exec__I)
                  0000d3a6    00000002     --HOLE-- [fill = 0]
                  0000d3a8    00000010     release_pem4f.oem4f (.text:.bootCodeSection:ti_sysbios_family_arm_msp432e4_init_Boot_init__I)
                  0000d3b8    00000010     dpl_msp432e4.aem4f : HwiP_tirtos.oem4f (.text:HwiP_Params_init)
                  0000d3c8    00000010                        : PowerMSP432E4_tirtos.oem4f (.text:PowerMSP432E4_sleepPolicy)
                  0000d3d8    00000010     drivers_msp432e4.aem4f : Timer.oem4f (.text:Timer_Params_init)
                  0000d3e8    00000010     msp432e4_driverlib.a : uart.o (.text:UARTRxErrorClear)
                  0000d3f8    00000010     rtsv7M4_T_le_v4SPD16_eabi.lib : isspace.c.obj (.text:isspace)
                  0000d408    00000010     drivers_msp432e4.aem4f : UARTMSP432E4.oem4f (.text:readBlockingTimeout)
                  0000d418    00000010     sysbios.aem4f : BIOS.obj (.text:ti_sysbios_BIOS_getCpuFreq__E)
                  0000d428    00000010                   : BIOS.obj (.text:ti_sysbios_BIOS_setThreadType__E)
                  0000d438    00000010                   : BIOS.obj (.text:ti_sysbios_BIOS_start__E)
                  0000d448    00000010                   : m3_TaskSupport_asm.obj (.text:ti_sysbios_family_arm_m3_TaskSupport_glue)
                  0000d458    00000010                   : BIOS.obj (.text:ti_sysbios_gates_GateMutex_Instance_finalize__E)
                  0000d468    00000010                   : BIOS.obj (.text:ti_sysbios_gates_GateSwi_enter__E)
                  0000d478    00000010     release_pem4f.oem4f (.text:ti_sysbios_knl_Mailbox_Object__get__S)
                  0000d488    00000010     release_pem4f.oem4f (.text:ti_sysbios_knl_Queue_Object__get__S)
                  0000d498    00000010     sysbios.aem4f : BIOS.obj (.text:ti_sysbios_knl_Semaphore_Instance_finalize__E)
                  0000d4a8    00000010                   : BIOS.obj (.text:ti_sysbios_knl_Swi_disable__E)
                  0000d4b8    00000010     release_pem4f.oem4f (.text:ti_sysbios_knl_Task_Object__get__S)
                  0000d4c8    00000010     sysbios.aem4f : BIOS.obj (.text:ti_sysbios_knl_Task_disable__E)
                  0000d4d8    00000010     rtsv7M4_T_le_v4SPD16_eabi.lib : tolower.c.obj (.text:tolower)
                  0000d4e8    00000010     sysbios.aem4f : BIOS.obj (.text:xdc_runtime_Memory_free__E)
                  0000d4f8    00000010                   : BIOS.obj (.text:xdc_runtime_SysCallback_abort__E)
                  0000d508    00000010                   : BIOS.obj (.text:xdc_runtime_SysCallback_exit__E)
                  0000d518    0000000e     drivers_msp432e4.aem4f : RingBuf.oem4f (.text:RingBuf_isFull)
                  0000d526    0000000e     rtsv7M4_T_le_v4SPD16_eabi.lib : copy_decompress_none.c.obj (.text:decompress:none:__TI_decompress_none)
                  0000d534    00000004     --HOLE-- [fill = 0]
                  0000d538    0000000e     sysbios.aem4f : BIOS.obj (.text:ti_sysbios_knl_Idle_loop__E)
                  0000d546    00000002     --HOLE-- [fill = 0]
                  0000d548    0000000e                   : BIOS.obj (.text:ti_sysbios_knl_Queue_empty__E)
                  0000d556    0000000c     dpl_msp432e4.aem4f : ClockP_tirtos.oem4f (.text:ClockP_delete)
                  0000d562    0000000c                        : HwiP_tirtos.oem4f (.text:HwiP_delete)
                  0000d56e    0000000c                        : SemaphoreP_tirtos.oem4f (.text:SemaphoreP_delete)
                  0000d57a    00000002     --HOLE-- [fill = 0]
                  0000d57c    0000000c     rtsv7M4_T_le_v4SPD16_eabi.lib : _lock.c.obj (.text:_register_lock)
                  0000d588    0000000c                                   : _lock.c.obj (.text:_register_unlock)
                  0000d594    0000000c                                   : copy_zero_init.c.obj (.text:decompress:ZI:__TI_zero_init)
                  0000d5a0    0000000c     sysbios.aem4f : BIOS.obj (.text:ti_sysbios_family_arm_lm4_Timer_getMaxTicks__E)
                  0000d5ac    0000000c     release_pem4f.oem4f (.text:ti_sysbios_family_arm_m3_Hwi_Params__init__S)
                  0000d5b8    0000000c     sysbios.aem4f : BIOS.obj (.text:ti_sysbios_family_arm_m3_Hwi_disableFxn__E)
                  0000d5c4    00000004     --HOLE-- [fill = 0]
                  0000d5c8    0000000c                   : BIOS.obj (.text:ti_sysbios_gates_GateHwi_enter__E)
                  0000d5d4    00000004     --HOLE-- [fill = 0]
                  0000d5d8    0000000c                   : BIOS.obj (.text:ti_sysbios_gates_GateSwi_query__E)
                  0000d5e4    0000000c     release_pem4f.oem4f (.text:ti_sysbios_knl_Clock_Params__init__S)
                  0000d5f0    0000000c     release_pem4f.oem4f (.text:ti_sysbios_knl_Semaphore_Params__init__S)
                  0000d5fc    00000004     --HOLE-- [fill = 0]
                  0000d600    0000000c     sysbios.aem4f : BIOS.obj (.text:ti_sysbios_knl_Task_self__E)
                  0000d60c    00000004     --HOLE-- [fill = 0]
                  0000d610    0000000c                   : BIOS.obj (.text:ti_sysbios_rts_ti_ReentSupport_taskRegHook__I)
                  0000d61c    00000004     --HOLE-- [fill = 0]
                  0000d620    0000000c                   : BIOS.obj (.text:xdc_runtime_Startup_rtsDone__E)
                  0000d62c    0000000a     dpl_msp432e4.aem4f : ClockP_tirtos.oem4f (.text:ClockP_Params_init)
                  0000d636    0000000a     main_tirtos.obj (.text:NDK_hookInit)
                  0000d640    0000000a     drivers_msp432e4.aem4f : Timer.oem4f (.text:Timer_setPeriod)
                  0000d64a    0000000a                            : Timer.oem4f (.text:Timer_start)
                  0000d654    0000000a                            : Timer.oem4f (.text:Timer_stop)
                  0000d65e    0000000a                            : UART.oem4f (.text:UART_read)
                  0000d668    0000000a                            : UART.oem4f (.text:UART_write)
                  0000d672    0000000a     rtsv7M4_T_le_v4SPD16_eabi.lib : sprintf.c.obj (.text:_outc)
                  0000d67c    0000000a     release_pem4f.oem4f (.text:xdc_runtime_IHeap_alloc)
                  0000d686    0000000a     release_pem4f.oem4f (.text:xdc_runtime_IHeap_free)
                  0000d690    00000008     dpl_msp432e4.aem4f : SemaphoreP_tirtos.oem4f (.text:SemaphoreP_Params_init)
                  0000d698    00000008     rtsv7M4_T_le_v4SPD16_eabi.lib : sscanf.c.obj (.text:_uninpchar)
                  0000d6a0    00000008     drivers_msp432e4.aem4f : UARTMSP432E4.oem4f (.text:readSemCallback)
                  0000d6a8    00000008     sysbios.aem4f : BIOS.obj (.text:ti_sysbios_family_arm_lm4_Timer_masterDisable__I)
                  0000d6b0    00000008                   : BIOS.obj (.text:ti_sysbios_family_arm_m3_Hwi_doSwiRestore__I)
                  0000d6b8    00000008                   : BIOS.obj (.text:ti_sysbios_family_arm_m3_Hwi_startup__E)
                  0000d6c0    00000008     drivers_msp432e4.aem4f : UARTMSP432E4.oem4f (.text:writeSemCallback)
                  0000d6c8    00000006     sysbios.aem4f : BIOS.obj (.text:ti_sysbios_family_arm_m3_Hwi_doTaskRestore__I)
                  0000d6ce    00000002     --HOLE-- [fill = 0]
                  0000d6d0    00000006                   : BIOS.obj (.text:ti_sysbios_family_arm_m3_Hwi_restoreFxn__E)
                  0000d6d6    00000002     --HOLE-- [fill = 0]
                  0000d6d8    00000006                   : BIOS.obj (.text:ti_sysbios_gates_GateHwi_leave__E)
                  0000d6de    00000002     --HOLE-- [fill = 0]
                  0000d6e0    00000006                   : BIOS.obj (.text:ti_sysbios_gates_GateSwi_leave__E)
                  0000d6e6    00000002     --HOLE-- [fill = 0]
                  0000d6e8    00000006                   : BIOS.obj (.text:ti_sysbios_heaps_HeapMem_isBlocking__E)
                  0000d6ee    00000002     --HOLE-- [fill = 0]
                  0000d6f0    00000006                   : BIOS.obj (.text:ti_sysbios_knl_Clock_stop__E)
                  0000d6f6    00000002     --HOLE-- [fill = 0]
                  0000d6f8    00000006                   : BIOS.obj (.text:ti_sysbios_knl_Queue_Instance_init__E)
                  0000d6fe    00000002     --HOLE-- [fill = 0]
                  0000d700    00000006                   : BIOS.obj (.text:ti_sysbios_knl_Swi_startup__E)
                  0000d706    00000002     --HOLE-- [fill = 0]
                  0000d708    00000006                   : BIOS.obj (.text:xdc_runtime_System_Module_startup__E)
                  0000d70e    00000002     --HOLE-- [fill = 0]
                  0000d710    00000004                   : BIOS.obj (.text:__aeabi_errno_addr)
                  0000d714    00000004     --HOLE-- [fill = 0]
                  0000d718    00000004                   : BIOS.obj (.text:ti_sysbios_gates_GateHwi_query__E)
                  0000d71c    00000004     --HOLE-- [fill = 0]
                  0000d720    00000004                   : BIOS.obj (.text:ti_sysbios_gates_GateMutex_query__E)
                  0000d724    00000004     --HOLE-- [fill = 0]
                  0000d728    00000004                   : BIOS.obj (.text:ti_sysbios_knl_Clock_setTimeout__E)
                  0000d72c    00000004     --HOLE-- [fill = 0]
                  0000d730    00000004                   : BIOS.obj (.text:ti_sysbios_knl_Semaphore_getCount__E)
                  0000d734    00000004     --HOLE-- [fill = 0]
                  0000d738    00000004                   : BIOS.obj (.text:ti_sysbios_knl_Task_startup__E)
                  0000d73c    00000004     --HOLE-- [fill = 0]
                  0000d740    00000002                   : BIOS.obj (.text:ti_sysbios_BIOS_linkedWithIncorrectBootLibrary__E)
                  0000d742    00000006     --HOLE-- [fill = 0]
                  0000d748    00000002                   : BIOS.obj (.text:ti_sysbios_gates_GateHwi_Instance_init__E)
                  0000d74a    00000006     --HOLE-- [fill = 0]
                  0000d750    00000002                   : BIOS.obj (.text:ti_sysbios_gates_GateSwi_Instance_init__E)
                  0000d752    00000006     --HOLE-- [fill = 0]
                  0000d758    00000002                   : BIOS.obj (.text:ti_sysbios_knl_Clock_logTick__E)
                  0000d75a    00000006     --HOLE-- [fill = 0]
                  0000d760    00000002                   : BIOS.obj (.text:xdc_runtime_SysCallback_defaultAbort)
                  0000d762    00000006     --HOLE-- [fill = 0]
                  0000d768    00000002                   : BIOS.obj (.text:xdc_runtime_SysCallback_defaultExit)
                  0000d76a    00000006     --HOLE-- [fill = 0]
                  0000d770    00000002                   : BIOS.obj (.text:xdc_runtime_System_abortSpin__E)
                  0000d772    00000006     --HOLE-- [fill = 0]
                  0000d778    00000002                   : BIOS.obj (.text:xdc_runtime_System_exitSpin__E)

.const     0    0000d780    0000104e     
                  0000d780    00000552     p100.obj (.const:.string)
                  0000dcd2    00000002     release_pem4f.oem4f (.const:ti_sysbios_family_arm_m3_Hwi_Module__id__C)
                  0000dcd4    00000210     sysbios.aem4f : BIOS.obj (.const:$O2$$)
                  0000dee4    00000101     rtsv7M4_T_le_v4SPD16_eabi.lib : ctype.c.obj (.const:.string:_ctypes_)
                  0000dfe5    00000003     drivers_msp432e4.aem4f : GPIOMSP432E4.oem4f (.const:.string:inPinTypes)
                  0000dfe8    000000c8     rtsv7M4_T_le_v4SPD16_eabi.lib : strtod.c.obj (.const:$O1$$)
                  0000e0b0    00000048     msp432e4_driverlib.a : gpio.o (.const:g_pui32GPIOBaseAddrs)
                  0000e0f8    00000048     drivers_msp432e4.aem4f : GPIOMSP432E4.oem4f (.const:gpioBaseAddresses)
                  0000e140    00000048                            : GPIOMSP432E4.oem4f (.const:powerMgrIds)
                  0000e188    0000003c     release_pem4f.oem4f (.const)
                  0000e1c4    0000003c     release_pem4f.oem4f (.const:ti_sysbios_knl_Task_Object__PARAMS__C)
                  0000e200    00000030     release_pem4f.oem4f (.const:ti_sysbios_family_arm_m3_Hwi_Object__PARAMS__C)
                  0000e230    00000030     release_pem4f.oem4f (.const:ti_sysbios_knl_Task_hooks__A)
                  0000e260    0000002c     ti_drivers_config.obj (.const:uartMSP432E4HWAttrs)
                  0000e28c    00000028     drivers_msp432e4.aem4f : UARTMSP432E4.oem4f (.const:UARTMSP432E4_fxnTable)
                  0000e2b4    00000028     release_pem4f.oem4f (.const:ti_sysbios_heaps_HeapMem_Module__FXNS__C)
                  0000e2dc    00000024     drivers_msp432e4.aem4f : UART.oem4f (.const:UART_defaultParams)
                  0000e300    00000024     release_pem4f.oem4f (.const:ti_sysbios_gates_GateHwi_Module__FXNS__C)
                  0000e324    00000024     release_pem4f.oem4f (.const:ti_sysbios_gates_GateMutex_Module__FXNS__C)
                  0000e348    00000024     release_pem4f.oem4f (.const:ti_sysbios_gates_GateSwi_Module__FXNS__C)
                  0000e36c    00000024     release_pem4f.oem4f (.const:ti_sysbios_heaps_HeapMem_Object__PARAMS__C)
                  0000e390    00000024     release_pem4f.oem4f (.const:ti_sysbios_knl_Clock_Object__PARAMS__C)
                  0000e3b4    00000024     release_pem4f.oem4f (.const:ti_sysbios_knl_Semaphore_Object__PARAMS__C)
                  0000e3d8    00000020     drivers_msp432e4.aem4f : GPIOMSP432E4.oem4f (.const:.string:gpioInterruptVectors)
                  0000e3f8    00000020                            : TimerMSP432E4.oem4f (.const:TimerMSP432E4_fxnTable)
                  0000e418    00000020     p100.obj (.const:pinMap)
                  0000e438    00000020     drivers_msp432e4.aem4f : UARTMSP432E4.oem4f (.const:staticFxnTable)
                  0000e458    00000020     release_pem4f.oem4f (.const:ti_sysbios_family_arm_m3_Hwi_Object__DESC__C)
                  0000e478    00000020     release_pem4f.oem4f (.const:ti_sysbios_gates_GateHwi_Object__DESC__C)
                  0000e498    00000020     release_pem4f.oem4f (.const:ti_sysbios_gates_GateMutex_Object__DESC__C)
                  0000e4b8    00000020     release_pem4f.oem4f (.const:ti_sysbios_gates_GateSwi_Object__DESC__C)
                  0000e4d8    00000020     release_pem4f.oem4f (.const:ti_sysbios_heaps_HeapMem_Object__DESC__C)
                  0000e4f8    00000020     release_pem4f.oem4f (.const:ti_sysbios_knl_Clock_Object__DESC__C)
                  0000e518    00000020     release_pem4f.oem4f (.const:ti_sysbios_knl_Queue_Object__DESC__C)
                  0000e538    00000020     release_pem4f.oem4f (.const:ti_sysbios_knl_Semaphore_Object__DESC__C)
                  0000e558    00000020     release_pem4f.oem4f (.const:ti_sysbios_knl_Task_Object__DESC__C)
                  0000e578    00000020     ti_drivers_config.obj (.const:timerMSP432E4HWAttrs)
                  0000e598    00000020     release_pem4f.oem4f (.const:xdc_runtime_Startup_sfxnTab__A)
                  0000e5b8    00000018     ti_drivers_config.obj (.const:Timer_config)
                  0000e5d0    00000018     release_pem4f.oem4f (.const:ti_sysbios_gates_GateHwi_Object__PARAMS__C)
                  0000e5e8    00000018     release_pem4f.oem4f (.const:ti_sysbios_gates_GateMutex_Object__PARAMS__C)
                  0000e600    00000018     release_pem4f.oem4f (.const:ti_sysbios_gates_GateSwi_Object__PARAMS__C)
                  0000e618    00000018     release_pem4f.oem4f (.const:ti_sysbios_knl_Queue_Object__PARAMS__C)
                  0000e630    00000014     ti_drivers_config.obj (.const:GPIOMSP432E4_config)
                  0000e644    00000014     drivers_msp432e4.aem4f : UARTMSP432E4.oem4f (.const:parityType)
                  0000e658    00000010     rtsv7M4_T_le_v4SPD16_eabi.lib : _scanfi.c.obj (.const:$O1$$)
                  0000e668    00000010     drivers_msp432e4.aem4f : UARTMSP432E4.oem4f (.const:dataLength)
                  0000e678    00000010     release_pem4f.oem4f (.const:xdc_runtime_Startup_firstFxns__A)
                  0000e688    00000010     release_pem4f.oem4f (.const:xdc_runtime_Startup_sfxnRts__A)
                  0000e698    0000000d     ti_drivers_config.obj (.const)
                  0000e6a5    00000001     release_pem4f.oem4f (.const:xdc_runtime_Error_policy__C)
                  0000e6a6    00000002     release_pem4f.oem4f (.const:ti_sysbios_heaps_HeapMem_Module__id__C)
                  0000e6a8    0000000c     ti_drivers_config.obj (.const:UART_config)
                  0000e6b4    0000000c     drivers_msp432e4.aem4f : Timer.oem4f (.const:defaultParams)
                  0000e6c0    0000000c     release_pem4f.oem4f (.const:ti_sysbios_knl_Idle_funcList__A)
                  0000e6cc    00000008     ti_drivers_config.obj (.const:PowerMSP432E4_config)
                  0000e6d4    00000008     drivers_msp432e4.aem4f : UARTMSP432E4.oem4f (.const:stopBits)
                  0000e6dc    00000008     release_pem4f.oem4f (.const:ti_sysbios_knl_Idle_funcList__C)
                  0000e6e4    00000008     release_pem4f.oem4f (.const:ti_sysbios_knl_Task_hooks__C)
                  0000e6ec    00000008     release_pem4f.oem4f (.const:xdc_runtime_Startup_firstFxns__C)
                  0000e6f4    00000008     release_pem4f.oem4f (.const:xdc_runtime_Startup_lastFxns__C)
                  0000e6fc    00000007     drivers_msp432e4.aem4f : GPIOMSP432E4.oem4f (.const:.string:outPinStrengths)
                  0000e703    00000006                            : GPIOMSP432E4.oem4f (.const:.string:interruptType)
                  0000e709    00000004                            : GPIOMSP432E4.oem4f (.const:.string:outPinTypes)
                  0000e70d    00000001     --HOLE-- [fill = 0]
                  0000e70e    00000002     release_pem4f.oem4f (.const:ti_sysbios_knl_Task_Module__id__C)
                  0000e710    00000004     release_pem4f.oem4f (.const:ti_sysbios_family_arm_lm4_Timer_enableFunc__C)
                  0000e714    00000004     release_pem4f.oem4f (.const:ti_sysbios_family_arm_lm4_Timer_numTimerDevices__C)
                  0000e718    00000004     release_pem4f.oem4f (.const:ti_sysbios_family_arm_lm4_Timer_startupNeeded__C)
                  0000e71c    00000004     release_pem4f.oem4f (.const:ti_sysbios_family_arm_m3_Hwi_E_alreadyDefined__C)
                  0000e720    00000004     release_pem4f.oem4f (.const:ti_sysbios_family_arm_m3_Hwi_E_badIntNum__C)
                  0000e724    00000004     release_pem4f.oem4f (.const:ti_sysbios_family_arm_m3_Hwi_NUM_INTERRUPTS__C)
                  0000e728    00000004     release_pem4f.oem4f (.const:ti_sysbios_family_arm_m3_Hwi_Object__count__C)
                  0000e72c    00000004     release_pem4f.oem4f (.const:ti_sysbios_family_arm_m3_Hwi_ccr__C)
                  0000e730    00000004     release_pem4f.oem4f (.const:ti_sysbios_family_arm_m3_Hwi_excHandlerFunc__C)
                  0000e734    00000004     release_pem4f.oem4f (.const:ti_sysbios_family_arm_m3_Hwi_nullIsrFunc__C)
                  0000e738    00000004     release_pem4f.oem4f (.const:ti_sysbios_family_arm_m3_Hwi_priGroup__C)
                  0000e73c    00000004     release_pem4f.oem4f (.const:ti_sysbios_gates_GateMutex_Instance_State_sem__O)
                  0000e740    00000004     release_pem4f.oem4f (.const:ti_sysbios_heaps_HeapMem_E_memory__C)
                  0000e744    00000004     release_pem4f.oem4f (.const:ti_sysbios_heaps_HeapMem_Module__gateObj__C)
                  0000e748    00000004     release_pem4f.oem4f (.const:ti_sysbios_heaps_HeapMem_Object__count__C)
                  0000e74c    00000004     release_pem4f.oem4f (.const:ti_sysbios_heaps_HeapMem_primaryHeapBaseAddr__C)
                  0000e750    00000004     release_pem4f.oem4f (.const:ti_sysbios_heaps_HeapMem_primaryHeapEndAddr__C)
                  0000e754    00000004     release_pem4f.oem4f (.const:ti_sysbios_heaps_HeapMem_reqAlign__C)
                  0000e758    00000004     release_pem4f.oem4f (.const:ti_sysbios_knl_Clock_Module_State_clockQ__O)
                  0000e75c    00000004     release_pem4f.oem4f (.const:ti_sysbios_knl_Mailbox_Instance_State_freeQue__O)
                  0000e760    00000004     release_pem4f.oem4f (.const:ti_sysbios_knl_Mailbox_Object__count__C)
                  0000e764    00000004     release_pem4f.oem4f (.const:ti_sysbios_knl_Mailbox_maxTypeAlign__C)
                  0000e768    00000004     release_pem4f.oem4f (.const:ti_sysbios_knl_Semaphore_Instance_State_pendQ__O)
                  0000e76c    00000004     release_pem4f.oem4f (.const:ti_sysbios_knl_Swi_Object__count__C)
                  0000e770    00000004     release_pem4f.oem4f (.const:ti_sysbios_knl_Task_E_deleteNotAllowed__C)
                  0000e774    00000004     release_pem4f.oem4f (.const:ti_sysbios_knl_Task_Module_State_inactiveQ__O)
                  0000e778    00000004     release_pem4f.oem4f (.const:ti_sysbios_knl_Task_Module_State_terminatedQ__O)
                  0000e77c    00000004     release_pem4f.oem4f (.const:ti_sysbios_knl_Task_Object__count__C)
                  0000e780    00000004     release_pem4f.oem4f (.const:ti_sysbios_knl_Task_Object__heap__C)
                  0000e784    00000004     release_pem4f.oem4f (.const:ti_sysbios_knl_Task_allBlockedFunc__C)
                  0000e788    00000004     release_pem4f.oem4f (.const:ti_sysbios_knl_Task_numConstructedTasks__C)
                  0000e78c    00000004     release_pem4f.oem4f (.const:xdc_runtime_Error_E_memory__C)
                  0000e790    00000004     release_pem4f.oem4f (.const:xdc_runtime_Error_policyFxn__C)
                  0000e794    00000004     release_pem4f.oem4f (.const:xdc_runtime_IGateProvider_Interface__BASE__C)
                  0000e798    00000004     release_pem4f.oem4f (.const:xdc_runtime_IHeap_Interface__BASE__C)
                  0000e79c    00000004     release_pem4f.oem4f (.const:xdc_runtime_IModule_Interface__BASE__C)
                  0000e7a0    00000004     release_pem4f.oem4f (.const:xdc_runtime_Memory_defaultHeapInstance__C)
                  0000e7a4    00000004     release_pem4f.oem4f (.const:xdc_runtime_Startup_execImpl__C)
                  0000e7a8    00000004     release_pem4f.oem4f (.const:xdc_runtime_Startup_maxPasses__C)
                  0000e7ac    00000004     release_pem4f.oem4f (.const:xdc_runtime_Startup_sfxnRts__C)
                  0000e7b0    00000004     release_pem4f.oem4f (.const:xdc_runtime_Startup_sfxnTab__C)
                  0000e7b4    00000004     release_pem4f.oem4f (.const:xdc_runtime_SysCallback_abortFxn__C)
                  0000e7b8    00000004     release_pem4f.oem4f (.const:xdc_runtime_SysCallback_exitFxn__C)
                  0000e7bc    00000004     release_pem4f.oem4f (.const:xdc_runtime_System_Module__gateObj__C)
                  0000e7c0    00000004     release_pem4f.oem4f (.const:xdc_runtime_System_abortFxn__C)
                  0000e7c4    00000004     release_pem4f.oem4f (.const:xdc_runtime_System_exitFxn__C)
                  0000e7c8    00000004     release_pem4f.oem4f (.const:xdc_runtime_System_maxAtexitHandlers__C)
                  0000e7cc    00000002     release_pem4f.oem4f (.const:xdc_runtime_Memory_Module__id__C)

.cinit     0    0000e7d0    00000448     
                  0000e7d0    00000424     (.cinit..data.load) [load image, compression = lzss]
                  0000ebf4    0000000c     (__TI_handler_table)
                  0000ec00    00000008     (.cinit..bss.load) [load image, compression = zero_init]
                  0000ec08    00000010     (__TI_cinit_table)

.init_array 
*          0    00000000    00000000     UNINITIALIZED

.bss       0    20020360    000082a8     UNINITIALIZED
                  20020360    00004000     (.common:scriptLines)
                  20024360    00001e00     release_pem4f.oem4f (.bss:taskStackSection)
                  20026160    000007d0     p100.obj (.bss:aboutMessage$3)
                  20026930    000007d0     p100.obj (.bss:formattedMessage$1)
                  20027100    000007d0     p100.obj (.bss:formattedMessage$2)
                  200278d0    00000640     (.common:tickers)
                  20027f10    00000360     (.common:ti_sysbios_family_arm_m3_Hwi_dispatchTable)
                  20028270    000000fc     (.common:callbacks)
                  2002836c    000000e0     (.common:glo)
                  2002844c    00000090     drivers_msp432e4.aem4f : GPIOMSP432E4.oem4f (.bss:gpioCallbackInfo)
                  200284dc    00000068     (.common:timerMSP432E4Objects)
                  20028544    00000064     (.common:uartMSP432E4Objects)
                  200285a8    00000020     ti_drivers_config.obj (.bss:uartMSP432E4RingBuffer0)
                  200285c8    0000000c     (.common:tickerTimerParams)
                  200285d4    00000008     (.common:ti_sysbios_knl_Task_Instance_State_0_hookEnv__A)
                  200285dc    00000008     (.common:ti_sysbios_knl_Task_Instance_State_1_hookEnv__A)
                  200285e4    00000008     (.common:ti_sysbios_knl_Task_Instance_State_2_hookEnv__A)
                  200285ec    00000008     (.common:ti_sysbios_knl_Task_Instance_State_3_hookEnv__A)
                  200285f4    00000008     (.common:ti_sysbios_knl_Task_Instance_State_4_hookEnv__A)
                  200285fc    00000004     drivers_msp432e4.aem4f : GPIOMSP432E4.oem4f (.bss)
                  20028600    00000004                            : TimerMSP432E4.oem4f (.bss:timerState)
                  20028604    00000004     (.common:tickerTimer)

.data      0    20028608    00000a11     UNINITIALIZED
                  20028608    0000017c     release_pem4f.oem4f (.data:ti_sysbios_knl_Task_Object__table__V)
                  20028784    0000016c     drivers_msp432e4.aem4f : PowerMSP432E4.oem4f (.data:PowerMSP432E4_module)
                  200288f0    000000c0     release_pem4f.oem4f (.data:ti_sysbios_knl_Swi_Object__table__V)
                  200289b0    0000008c     sysbios.aem4f : BIOS.obj (.data:$O1$$)
                  20028a3c    00000080     register.obj (.data:registers)
                  20028abc    00000080     release_pem4f.oem4f (.data:ti_sysbios_knl_Swi_Module_State_0_readyQ__A)
                  20028b3c    00000080     release_pem4f.oem4f (.data:ti_sysbios_knl_Task_Module_State_0_readyQ__A)
                  20028bbc    00000058     p100.obj (.data:errorCounters)
                  20028c14    00000058     p100.obj (.data:errorMessages)
                  20028c6c    00000058     p100.obj (.data:errorNames)
                  20028cc4    00000054     release_pem4f.oem4f (.data:ti_sysbios_gates_GateMutex_Object__table__V)
                  20028d18    00000044     release_pem4f.oem4f (.data:ti_sysbios_knl_Task_Module__state__V)
                  20028d5c    00000040     release_pem4f.oem4f (.data:ti_sysbios_family_arm_lm4_Timer_Module_State_0_device__A)
                  20028d9c    00000040     release_pem4f.oem4f (.data:ti_sysbios_family_arm_lm4_Timer_Object__table__V)
                  20028ddc    0000003c     release_pem4f.oem4f (.data:ti_sysbios_knl_Semaphore_Object__table__V)
                  20028e18    00000034     release_pem4f.oem4f (.data:ti_sysbios_family_arm_m3_Hwi_Module__state__V)
                  20028e4c    0000002c     release_pem4f.oem4f (.data:ti_sysbios_knl_Clock_Module__state__V)
                  20028e78    00000024     release_pem4f.oem4f (.data:ti_sysbios_BIOS_Module__state__V)
                  20028e9c    00000020     ti_drivers_config.obj (.data:gpioCallbackFunctions)
                  20028ebc    00000020     ti_drivers_config.obj (.data:gpioPinConfigs)
                  20028edc    00000020     release_pem4f.oem4f (.data:ti_sysbios_family_arm_lm4_Timer_Module_State_0_handles__A)
                  20028efc    00000020     release_pem4f.oem4f (.data:xdc_runtime_Error_IgnoreBlock)
                  20028f1c    0000001c     release_pem4f.oem4f (.data:ti_sysbios_knl_Swi_Module__state__V)
                  20028f38    00000018     release_pem4f.oem4f (.data:ti_sysbios_family_arm_m3_Hwi_Object__table__V)
                  20028f50    00000018     release_pem4f.oem4f (.data:ti_sysbios_heaps_HeapMem_Object__table__V)
                  20028f68    00000010     release_pem4f.oem4f (.data:ti_sysbios_knl_Queue_Object__table__V)
                  20028f78    0000000c     release_pem4f.oem4f (.data:ti_sysbios_family_arm_lm4_Timer_Module__state__V)
                  20028f84    00000008     rtsv7M4_T_le_v4SPD16_eabi.lib : _lock.c.obj (.data:$O1$$)
                  20028f8c    00000008     release_pem4f.oem4f (.data:ti_sysbios_family_arm_m3_Hwi_Module__root__V)
                  20028f94    00000008     release_pem4f.oem4f (.data:ti_sysbios_gates_GateHwi_Module__root__V)
                  20028f9c    00000008     release_pem4f.oem4f (.data:ti_sysbios_gates_GateMutex_Module__root__V)
                  20028fa4    00000008     release_pem4f.oem4f (.data:ti_sysbios_gates_GateSwi_Module__root__V)
                  20028fac    00000008     release_pem4f.oem4f (.data:ti_sysbios_heaps_HeapMem_Module__root__V)
                  20028fb4    00000008     release_pem4f.oem4f (.data:ti_sysbios_knl_Clock_Module__root__V)
                  20028fbc    00000008     release_pem4f.oem4f (.data:ti_sysbios_knl_Queue_Module__root__V)
                  20028fc4    00000008     release_pem4f.oem4f (.data:ti_sysbios_knl_Semaphore_Module__root__V)
                  20028fcc    00000008     release_pem4f.oem4f (.data:ti_sysbios_knl_Task_Module__root__V)
                  20028fd4    00000008     release_pem4f.oem4f (.data:xdc_runtime_Startup_Module__state__V)
                  20028fdc    00000008     release_pem4f.oem4f (.data:xdc_runtime_System_Module_State_0_atexitHandlers__A)
                  20028fe4    00000008     release_pem4f.oem4f (.data:xdc_runtime_System_Module__state__V)
                  20028fec    00000005     drivers_msp432e4.aem4f : GPIOMSP432E4.oem4f (.data)
                  20028ff1    00000001                            : Timer.oem4f (.data)
                  20028ff2    00000002     release_pem4f.oem4f (.data:ti_sysbios_family_arm_m3_Hwi_Module_State_0_excActive__A)
                  20028ff4    00000004     rtsv7M4_T_le_v4SPD16_eabi.lib : stkdepth_vars.c.obj (.data)
                  20028ff8    00000004                                   : strtok.c.obj (.data)
                  20028ffc    00000004     release_pem4f.oem4f (.data:ti_sysbios_family_arm_m3_Hwi_Module_State_0_excContext__A)
                  20029000    00000004     release_pem4f.oem4f (.data:ti_sysbios_family_arm_m3_Hwi_Module_State_0_excStack__A)
                  20029004    00000004     release_pem4f.oem4f (.data:ti_sysbios_gates_GateHwi_Object__table__V)
                  20029008    00000004     release_pem4f.oem4f (.data:ti_sysbios_gates_GateSwi_Object__table__V)
                  2002900c    00000004     release_pem4f.oem4f (.data:ti_sysbios_knl_Task_Module_State_0_idleTask__A)
                  20029010    00000004     release_pem4f.oem4f (.data:ti_sysbios_rts_ti_ReentSupport_Module__state__V)
                  20029014    00000004     release_pem4f.oem4f (.data:xdc_runtime_Memory_Module__state__V)
                  20029018    00000001     drivers_msp432e4.aem4f : UART.oem4f (.data)

.priheap   0    20000360    00020000     UNINITIALIZED
                  20000360    00020000     --HOLE--

.stack     0    2003fc00    00000400     UNINITIALIZED
                  2003fc00    00000400     --HOLE--

.bootVecs 
*          0    00000000    00000008     DSECT
                  00000000    00000008     boot.aem4f : boot.oem4f (.bootVecs)

.resetVecs 
*          0    00000000    0000003c     
                  00000000    0000003c     release_pem4f.oem4f (.resetVecs)

.vecs      0    20000000    00000360     NOLOAD SECTION
                  20000000    00000360     release_pem4f.oem4f (.vecs)

xdc.meta   0    00000000    00000129     COPY SECTION
                  00000000    00000129     release_pem4f.oem4f (xdc.meta)

xdc.noload 
*          0    00000000    00000000     COPY SECTION

__llvm_prf_cnts 
*          0    20000000    00000000     UNINITIALIZED

.binit     0    00000000    00000000     

MODULE SUMMARY

       Module                       code    ro data   rw data
       ------                       ----    -------   -------
    .\src\
       p100.obj                     14961   1394      22648  
       register.obj                 2746    0         128    
       tickers.obj                  756     0         1616   
       script.obj                   1388    0         0      
       callback.obj                 496     0         476    
       tasks.obj                    660     0         0      
       main_tirtos.obj              54      0         0      
    +--+----------------------------+-------+---------+---------+
       Total:                       21061   1394      24868  
                                                             
    .\syscfg\
       ti_drivers_config.obj        50      153       300    
    +--+----------------------------+-------+---------+---------+
       Total:                       50      153       300    
                                                             
    C:\Users\priva\OneDrive - Texas Tech University\Documents\ccs_workspace\tirtos_builds_MSP_EXP432E401Y_release_ccs\Debug\configPkg\package\cfg\
[...]
0000d5ad  ti_sysbios_family_arm_m3_Hwi_Params__init__S                    
0000d5ad  ti_sysbios_hal_Hwi_HwiProxy_Params__init__S                     
0000d5b9  ti_sysbios_family_arm_m3_Hwi_disableFxn__E                      
0000d5b9  ti_sysbios_hal_Hwi_HwiProxy_disable__E                          
0000d5c9  ti_sysbios_gates_GateHwi_enter__E                               
0000d5d9  ti_sysbios_gates_GateSwi_query__E                               
0000d5e5  ti_sysbios_knl_Clock_Params__init__S                            
0000d5f1  ti_sysbios_knl_Semaphore_Params__init__S                        
0000d601  ti_sysbios_knl_Task_self__E                                     
0000d611  ti_sysbios_rts_ti_ReentSupport_taskRegHook__I                   
0000d621  xdc_runtime_Startup_rtsDone__E                                  
0000d62d  ClockP_Params_init                                              
0000d637  NDK_hookInit                                                    
0000d641  Timer_setPeriod                                                 
0000d64b  Timer_start                                                     
0000d655  Timer_stop                                                      
0000d65f  UART_read                                                       
0000d669  UART_write                                                      
0000d67d  xdc_runtime_Memory_HeapProxy_alloc__E                           
0000d687  xdc_runtime_Memory_HeapProxy_free__E                            
0000d691  SemaphoreP_Params_init                                          
0000d6a9  ti_sysbios_family_arm_lm4_Timer_masterDisable__I                
0000d6b1  ti_sysbios_family_arm_m3_Hwi_doSwiRestore__I                    
0000d6b9  ti_sysbios_family_arm_m3_Hwi_startup__E                         
0000d6b9  ti_sysbios_hal_Hwi_HwiProxy_startup__E                          
0000d6b9  ti_sysbios_hal_Hwi_startup__E                                   
0000d6c9  ti_sysbios_family_arm_m3_Hwi_doTaskRestore__I                   
0000d6d1  HwiP_restore                                                    
0000d6d1  ti_sysbios_family_arm_m3_Hwi_restoreFxn__E                      
0000d6d1  ti_sysbios_hal_Hwi_HwiProxy_restore__E                          
0000d6d9  ti_sysbios_gates_GateHwi_leave__E                               
0000d6e1  ti_sysbios_gates_GateSwi_leave__E                               
0000d6e9  ti_sysbios_heaps_HeapMem_isBlocking__E                          
0000d6f1  ti_sysbios_knl_Clock_stop__E                                    
0000d6f9  ti_sysbios_knl_Queue_Instance_init__E                           
0000d701  ti_sysbios_knl_Swi_startup__E                                   
0000d709  xdc_runtime_System_Module_startup__E                            
0000d711  __aeabi_errno_addr                                              
0000d719  ti_sysbios_gates_GateHwi_query__E                               
0000d719  xdc_runtime_Main_Module_GateProxy_query__E                      
0000d719  xdc_runtime_System_Module_GateProxy_query__E                    
0000d721  ti_sysbios_BIOS_RtsGateProxy_query__E                           
0000d721  ti_sysbios_gates_GateMutex_query__E                             
0000d721  ti_sysbios_heaps_HeapMem_Module_GateProxy_query__E              
0000d729  ti_sysbios_knl_Clock_setTimeout__E                              
0000d731  ti_sysbios_knl_Semaphore_getCount__E                            
0000d739  ti_sysbios_knl_Task_startup__E                                  
0000d741  ti_sysbios_BIOS_linkedWithIncorrectBootLibrary__E               
0000d749  ti_sysbios_gates_GateHwi_Instance_init__E                       
0000d751  ti_sysbios_gates_GateSwi_Instance_init__E                       
0000d759  ti_sysbios_knl_Clock_logTick__E                                 
0000d761  xdc_runtime_SysCallback_defaultAbort                            
0000d769  xdc_runtime_SysCallback_defaultExit                             
0000d771  xdc_runtime_System_abortSpin__E                                 
0000d779  xdc_runtime_System_exitSpin__E                                  
0000dcd2  ti_sysbios_family_arm_m3_Hwi_Module__id__C                      
0000dee4  _ctypes_                                                        
0000e188  heap0                                                           
0000e18c  gateSwi0                                                        
0000e190  UARTReader                                                      
0000e194  UARTWriter                                                      
0000e198  UARTWriteSem                                                    
0000e19c  PayloadExecutor                                                 
0000e1a0  PayloadQueue                                                    
0000e1a4  OutMsgQueue                                                     
0000e1a8  PayloadSem                                                      
0000e1ac  Timer0_swi                                                      
0000e1b0  SW1_swi                                                         
0000e1b4  SW2_swi                                                         
0000e1b8  TickerSem                                                       
0000e1bc  TickerProcessor                                                 
0000e1c0  tiposix_mqGate                                                  
0000e1c4  ti_sysbios_knl_Task_Object__PARAMS__C                           
0000e200  ti_sysbios_family_arm_m3_Hwi_Object__PARAMS__C                  
0000e230  ti_sysbios_knl_Task_hooks__A                                    
0000e28c  UARTMSP432E4_fxnTable                                           
0000e2b4  ti_sysbios_heaps_HeapMem_Module__FXNS__C                        
0000e2dc  UART_defaultParams                                              
0000e300  ti_sysbios_gates_GateHwi_Module__FXNS__C                        
0000e324  ti_sysbios_gates_GateMutex_Module__FXNS__C                      
0000e348  ti_sysbios_gates_GateSwi_Module__FXNS__C                        
0000e36c  ti_sysbios_heaps_HeapMem_Object__PARAMS__C                      
0000e390  ti_sysbios_knl_Clock_Object__PARAMS__C                          
0000e3b4  ti_sysbios_knl_Semaphore_Object__PARAMS__C                      
0000e3f8  TimerMSP432E4_fxnTable                                          
0000e418  pinMap                                                          
0000e458  ti_sysbios_family_arm_m3_Hwi_Object__DESC__C                    
0000e478  ti_sysbios_gates_GateHwi_Object__DESC__C                        
0000e498  ti_sysbios_gates_GateMutex_Object__DESC__C                      
0000e4b8  ti_sysbios_gates_GateSwi_Object__DESC__C                        
0000e4d8  ti_sysbios_heaps_HeapMem_Object__DESC__C                        
0000e4f8  ti_sysbios_knl_Clock_Object__DESC__C                            
0000e518  ti_sysbios_knl_Queue_Object__DESC__C                            
0000e538  ti_sysbios_knl_Semaphore_Object__DESC__C                        
0000e558  ti_sysbios_knl_Task_Object__DESC__C                             
0000e578  timerMSP432E4HWAttrs                                            
0000e598  xdc_runtime_Startup_sfxnTab__A                                  
0000e5b8  Timer_config                                                    
0000e5d0  ti_sysbios_gates_GateHwi_Object__PARAMS__C                      
0000e5e8  ti_sysbios_gates_GateMutex_Object__PARAMS__C                    
0000e600  ti_sysbios_gates_GateSwi_Object__PARAMS__C                      
0000e618  ti_sysbios_knl_Queue_Object__PARAMS__C                          
0000e630  GPIOMSP432E4_config                                             
0000e678  xdc_runtime_Startup_firstFxns__A                                
0000e688  xdc_runtime_Startup_sfxnRts__A                                  
0000e698  CONFIG_GPIO_LED_0_CONST                                         
0000e699  CONFIG_GPIO_LED_1_CONST                                         
0000e69a  CONFIG_GPIO_LED_2_CONST                                         
0000e69b  CONFIG_GPIO_LED_3_CONST                                         
0000e69c  CONFIG_GPIO_4_CONST                                             
0000e69d  CONFIG_GPIO_5_CONST                                             
0000e69e  CONFIG_GPIO_SWITCH_6_CONST                                      
0000e69f  CONFIG_GPIO_SWITCH_7_CONST                                      
0000e6a0  CONFIG_GPT_0_CONST                                              
0000e6a1  CONFIG_GPT_1_CONST                                              
0000e6a2  Timer_count                                                     
0000e6a3  CONFIG_UART_0_CONST                                             
0000e6a4  UART_count                                                      
0000e6a5  xdc_runtime_Error_policy__C                                     
0000e6a6  ti_sysbios_heaps_HeapMem_Module__id__C                          
0000e6a8  UART_config                                                     
0000e6c0  ti_sysbios_knl_Idle_funcList__A                                 
0000e6cc  PowerMSP432E4_config                                            
0000e6dc  ti_sysbios_knl_Idle_funcList__C                                 
0000e6e4  ti_sysbios_knl_Task_hooks__C                                    
0000e6ec  xdc_runtime_Startup_firstFxns__C                                
0000e6f4  xdc_runtime_Startup_lastFxns__C                                 
0000e70e  ti_sysbios_knl_Task_Module__id__C                               
0000e710  ti_sysbios_family_arm_lm4_Timer_enableFunc__C                   
0000e714  ti_sysbios_family_arm_lm4_Timer_numTimerDevices__C              
0000e718  ti_sysbios_family_arm_lm4_Timer_startupNeeded__C                
0000e71c  ti_sysbios_family_arm_m3_Hwi_E_alreadyDefined__C                
0000e720  ti_sysbios_family_arm_m3_Hwi_E_badIntNum__C                     
0000e724  ti_sysbios_family_arm_m3_Hwi_NUM_INTERRUPTS__C                  
0000e728  ti_sysbios_family_arm_m3_Hwi_Object__count__C                   
0000e72c  ti_sysbios_family_arm_m3_Hwi_ccr__C                             
0000e730  ti_sysbios_family_arm_m3_Hwi_excHandlerFunc__C                  
0000e734  ti_sysbios_family_arm_m3_Hwi_nullIsrFunc__C                     
0000e738  ti_sysbios_family_arm_m3_Hwi_priGroup__C                        
0000e73c  ti_sysbios_gates_GateMutex_Instance_State_sem__O                
0000e740  ti_sysbios_heaps_HeapMem_E_memory__C                            
0000e744  ti_sysbios_heaps_HeapMem_Module__gateObj__C                     
0000e748  ti_sysbios_heaps_HeapMem_Object__count__C                       
0000e74c  ti_sysbios_heaps_HeapMem_primaryHeapBaseAddr__C                 
0000e750  ti_sysbios_heaps_HeapMem_primaryHeapEndAddr__C                  
0000e754  ti_sysbios_heaps_HeapMem_reqAlign__C                            
0000e758  ti_sysbios_knl_Clock_Module_State_clockQ__O                     
0000e75c  ti_sysbios_knl_Mailbox_Instance_State_freeQue__O                
0000e760  ti_sysbios_knl_Mailbox_Object__count__C                         
0000e764  ti_sysbios_knl_Mailbox_maxTypeAlign__C                          
0000e768  ti_sysbios_knl_Semaphore_Instance_State_pendQ__O                
0000e76c  ti_sysbios_knl_Swi_Object__count__C                             
0000e770  ti_sysbios_knl_Task_E_deleteNotAllowed__C                       
0000e774  ti_sysbios_knl_Task_Module_State_inactiveQ__O                   
0000e778  ti_sysbios_knl_Task_Module_State_terminatedQ__O                 
0000e77c  ti_sysbios_knl_Task_Object__count__C                            
0000e780  ti_sysbios_knl_Task_Object__heap__C                             
0000e784  ti_sysbios_knl_Task_allBlockedFunc__C                           
0000e788  ti_sysbios_knl_Task_numConstructedTasks__C                      
0000e78c  xdc_runtime_Error_E_memory__C                                   
0000e790  xdc_runtime_Error_policyFxn__C                                  
0000e794  xdc_runtime_IGateProvider_Interface__BASE__C                    
0000e798  xdc_runtime_IHeap_Interface__BASE__C                            
0000e79c  xdc_runtime_IModule_Interface__BASE__C                          
0000e7a0  xdc_runtime_Memory_defaultHeapInstance__C                       
0000e7a4  xdc_runtime_Startup_execImpl__C                                 
0000e7a8  xdc_runtime_Startup_maxPasses__C                                
0000e7ac  xdc_runtime_Startup_sfxnRts__C                                  
0000e7b0  xdc_runtime_Startup_sfxnTab__C                                  
0000e7b4  xdc_runtime_SysCallback_abortFxn__C                             
0000e7b8  xdc_runtime_SysCallback_exitFxn__C                              
0000e7bc  xdc_runtime_System_Module__gateObj__C                           
0000e7c0  xdc_runtime_System_abortFxn__C                                  
0000e7c4  xdc_runtime_System_exitFxn__C                                   
0000e7c8  xdc_runtime_System_maxAtexitHandlers__C                         
0000e7cc  xdc_runtime_Memory_Module__id__C                                
0000e7d0  __TI_static_base__                                              
0000ebf4  __TI_Handler_Table_Base                                         
0000ec00  __TI_Handler_Table_Limit                                        
0000ec08  __TI_CINIT_Base                                                 
0000ec18  __TI_CINIT_Limit                                                
00020000  HEAPSIZE                                                        
20000000  __start___llvm_prf_cnts                                         
20000000  __stop___llvm_prf_cnts                                          
20000000  ti_sysbios_family_arm_m3_Hwi_ramVectors                         
20000360  __primary_heap_start__                                          
20020360  __primary_heap_end__                                            
20020360  scriptLines                                                     
20024360  ti_sysbios_knl_Task_Instance_State_0_stack__A                   
20024b60  ti_sysbios_knl_Task_Instance_State_1_stack__A                   
20025360  ti_sysbios_knl_Task_Instance_State_2_stack__A                   
20025b60  ti_sysbios_knl_Task_Instance_State_3_stack__A                   
20025f60  ti_sysbios_knl_Task_Instance_State_4_stack__A                   
200278d0  tickers                                                         
20027f10  ti_sysbios_family_arm_m3_Hwi_dispatchTable                      
20028270  callbacks                                                       
2002836c  glo                                                             
200284dc  timerMSP432E4Objects                                            
20028544  uartMSP432E4Objects                                             
200285c8  tickerTimerParams                                               
200285d4  ti_sysbios_knl_Task_Instance_State_0_hookEnv__A                 
200285dc  ti_sysbios_knl_Task_Instance_State_1_hookEnv__A                 
200285e4  ti_sysbios_knl_Task_Instance_State_2_hookEnv__A                 
200285ec  ti_sysbios_knl_Task_Instance_State_3_hookEnv__A                 
200285f4  ti_sysbios_knl_Task_Instance_State_4_hookEnv__A                 
20028604  tickerTimer                                                     
20028608  ti_sysbios_knl_Task_Object__table__V                            
20028784  PowerMSP432E4_module                                            
200288f0  ti_sysbios_knl_Swi_Object__table__V                             
20028a3c  registers                                                       
20028abc  ti_sysbios_knl_Swi_Module_State_0_readyQ__A                     
20028b3c  ti_sysbios_knl_Task_Module_State_0_readyQ__A                    
20028bbc  errorCounters                                                   
20028c14  errorMessages                                                   
20028c6c  errorNames                                                      
20028cc4  ti_sysbios_gates_GateMutex_Object__table__V                     
20028d18  ti_sysbios_knl_Task_Module__state__V                            
20028d5c  ti_sysbios_family_arm_lm4_Timer_Module_State_0_device__A        
20028d9c  ti_sysbios_family_arm_lm4_Timer_Object__table__V                
20028ddc  ti_sysbios_knl_Semaphore_Object__table__V                       
20028e18  ti_sysbios_family_arm_m3_Hwi_Module__state__V                   
20028e4c  ti_sysbios_knl_Clock_Module__state__V                           
20028e78  ti_sysbios_BIOS_Module__state__V                                
20028e9c  gpioCallbackFunctions                                           
20028ebc  gpioPinConfigs                                                  
20028edc  ti_sysbios_family_arm_lm4_Timer_Module_State_0_handles__A       
20028efc  xdc_runtime_Error_IgnoreBlock                                   
20028f1c  ti_sysbios_knl_Swi_Module__state__V                             
20028f38  ti_sysbios_family_arm_m3_Hwi_Object__table__V                   
20028f50  ti_sysbios_heaps_HeapMem_Object__table__V                       
20028f68  ti_sysbios_knl_Queue_Object__table__V                           
20028f78  ti_sysbios_family_arm_lm4_Timer_Module__state__V                
20028f84  _lock                                                           
20028f88  _unlock                                                         
20028f8c  ti_sysbios_family_arm_m3_Hwi_Module__root__V                    
20028f94  ti_sysbios_gates_GateHwi_Module__root__V                        
20028f9c  ti_sysbios_gates_GateMutex_Module__root__V                      
20028fa4  ti_sysbios_gates_GateSwi_Module__root__V                        
20028fac  ti_sysbios_heaps_HeapMem_Module__root__V                        
20028fb4  ti_sysbios_knl_Clock_Module__root__V                            
20028fbc  ti_sysbios_knl_Queue_Module__root__V                            
20028fc4  ti_sysbios_knl_Semaphore_Module__root__V                        
20028fcc  ti_sysbios_knl_Task_Module__root__V                             
20028fd4  xdc_runtime_Startup_Module__state__V                            
20028fdc  xdc_runtime_System_Module_State_0_atexitHandlers__A             
20028fe4  xdc_runtime_System_Module__state__V                             
20028ff2  ti_sysbios_family_arm_m3_Hwi_Module_State_0_excActive__A        
20028ff4  main_func_sp                                                    
20028ffc  ti_sysbios_family_arm_m3_Hwi_Module_State_0_excContext__A       
20029000  ti_sysbios_family_arm_m3_Hwi_Module_State_0_excStack__A         
20029004  ti_sysbios_gates_GateHwi_Object__table__V                       
20029008  ti_sysbios_gates_GateSwi_Object__table__V                       
2002900c  ti_sysbios_knl_Task_Module_State_0_idleTask__A                  
20029010  ti_sysbios_rts_ti_ReentSupport_Module__state__V                 
20029014  xdc_runtime_Memory_Module__state__V                             
2003fc00  __stack                                                         
20040000  __STACK_END                                                     
e000e000  ti_sysbios_family_arm_m3_Hwi_nvic                               
ffffffff  __TI_pprof_out_hndl                                             
ffffffff  __TI_prof_data_size                                             
ffffffff  __TI_prof_data_start                                            
ffffffff  __binit__                                                       
ffffffff  __c_args__                                                      
ffffffff  binit                                                           
UNDEFED   SHT$$INIT_ARRAY$$Base                                           
UNDEFED   SHT$$INIT_ARRAY$$Limit                                          

[736 symbols]
