******************************************************************************
                  TI ARM Linker PC v20.2.7                     
******************************************************************************
>> Linked Fri Nov 22 00:14:41 2024

OUTPUT FILE NAME:   <uartecho_MSP_EXP432E401Y_tirtos_ccs.out>
ENTRY POINT SYMBOL: "_c_int00"  address: 000088d1


MEMORY CONFIGURATION

         name            origin    length      used     unused   attr    fill
----------------------  --------  ---------  --------  --------  ----  --------
  FLASH                 00000000   00100000  0000cc0c  000f33f4  R  X
  SRAM                  20000000   00040000  000293f5  00016c0b  RW X


SEGMENT ALLOCATION MAP

run origin  load origin   length   init length attrs members
----------  ----------- ---------- ----------- ----- -------
00000000    00000000    0000cc18   0000cc18    r-x
  00000000    00000000    0000003c   0000003c    r-- .resetVecs
  00000040    00000040    0000b832   0000b832    r-x .text
  0000b874    0000b874    00000f66   00000f66    r-- .const
  0000c7e0    0000c7e0    00000438   00000438    r-- .cinit
20000360    20000360    00020000   00000000    r--
  20000360    20000360    00020000   00000000    r-- .priheap
20020360    20020360    00008c95   00000000    rw-
  20020360    20020360    00008294   00000000    rw- .bss
  200285f4    200285f4    00000a01   00000000    rw- .data
2003fc00    2003fc00    00000400   00000000    rw-
  2003fc00    2003fc00    00000400   00000000    rw- .stack


SECTION ALLOCATION MAP

 output                                  attributes/
section   page    origin      length       input sections
--------  ----  ----------  ----------   ----------------
.text      0    00000040    0000b832     
                  00000040    00001dd0     p100.obj (.text:CMD_help)
                  00001e10    00000a4e     rtsv7M4_T_le_v4SPD16_eabi.lib : _printfi.c.obj (.text:__TI_printfi)
                  0000285e    00000002     ti_drivers_config.obj (.text:Board_initHook)
                  00002860    00000300     p100.obj (.text:CMD_reg)
                  00002b60    000002f0     drivers_msp432e4.aem4f : UARTMSP432E4.oem4f (.text:UARTMSP432E4_open)
                  00002e50    000002a0     sysbios.aem4f : BIOS.obj (.text:ti_sysbios_family_arm_msp432e4_init_Boot_sysCtlClockFreqSetI__I)
                  000030f0    00000270     rtsv7M4_T_le_v4SPD16_eabi.lib : _printfi.c.obj (.text:_pconv_a)
                  00003360    0000025b     p100.obj (.text:CMD_gpio)
                  000035bb    00000001     --HOLE-- [fill = 0]
                  000035bc    0000023a     msp432e4_driverlib.a : gpio.o (.text:GPIOPadConfigSet)
                  000037f6    00000002     p100.obj (.text:CMD_rem)
                  000037f8    0000020c     script.obj (.text:print_script_line)
                  00003a04    000001ec     script.obj (.text:print_all_script_lines)
                  00003bf0    000001d0     rtsv7M4_T_le_v4SPD16_eabi.lib : _printfi.c.obj (.text:_pconv_g)
                  00003dc0    000001c4     p100.obj (.text:CMD_ticker)
                  00003f84    000001b6     rtsv7M4_T_le_v4SPD16_eabi.lib : fd_add_t2.asm.obj (.text)
                  0000413a    00000002     drivers_msp432e4.aem4f : TimerMSP432E4.oem4f (.text:TimerMSP432E4_init)
                  0000413c    00000184                            : GPIOMSP432E4.oem4f (.text:GPIO_setConfig)
                  000042c0    00000177     p100.obj (.text:execute_payload)
                  00004437    00000001     --HOLE-- [fill = 0]
                  00004438    00000154     tickers.obj (.text:print_all_tickers)
                  0000458c    00000004     dpl_msp432e4.aem4f : ClockP_tirtos.oem4f (.text:ClockP_getCpuFreq)
                  00004590    00000154     sysbios.aem4f : BIOS.obj (.text:ti_sysbios_knl_Task_Instance_finalize__E)
                  000046e4    00000148     p100.obj (.text:CMD_script)
                  0000482c    00000144     p100.obj (.text:CMD_memr)
                  00004970    00000144     register.obj (.text:parse_operands)
                  00004ab4    0000013c     rtsv7M4_T_le_v4SPD16_eabi.lib : _printfi.c.obj (.text:_pconv_e)
                  00004bf0    00000138     p100.obj (.text:init_drivers)
                  00004d28    00000136     rtsv7M4_T_le_v4SPD16_eabi.lib : fd_div_t2.asm.obj (.text)
                  00004e5e    00000002     drivers_msp432e4.aem4f : UARTMSP432E4.oem4f (.text:UARTMSP432E4_init)
                  00004e60    00000130     rtsv7M4_T_le_v4SPD16_eabi.lib : strtol.c.obj (.text:strtol)
                  00004f90    00000130     sysbios.aem4f : BIOS.obj (.text:ti_sysbios_knl_Semaphore_pend__E)
                  000050c0    00000124     rtsv7M4_T_le_v4SPD16_eabi.lib : _printfi.c.obj (.text:fcvt)
                  000051e4    00000120     p100.obj (.text:init_globals)
                  00005304    00000004     dpl_msp432e4.aem4f : ClockP_tirtos.oem4f (.text:ClockP_setTimeout)
                  00005308    00000120     sysbios.aem4f : BIOS.obj (.text:xdc_runtime_Startup_startMods__I)
                  00005428    00000118     drivers_msp432e4.aem4f : TimerMSP432E4.oem4f (.text:TimerMSP432E4_open)
                  00005540    00000114     p100.obj (.text:CMD_callback)
                  00005654    00000114     register.obj (.text:reg_mov)
                  00005768    00000110     rtsv7M4_T_le_v4SPD16_eabi.lib : s_scalbn.c.obj (.text:scalbn)
                  00005878    00000110                                   : strtoul.c.obj (.text:strtoul)
                  00005988    00000110     sysbios.aem4f : BIOS.obj (.text:ti_sysbios_knl_Task_postInit__I)
                  00005a98    0000010c                   : BIOS.obj (.text:ti_sysbios_family_arm_lm4_Timer_start__E)
                  00005ba4    00000100     callback.obj (.text:print_all_callbacks)
                  00005ca4    000000fc     p100.obj (.text:CMD_timer)
                  00005da0    000000fc     rtsv7M4_T_le_v4SPD16_eabi.lib : fd_mul_t2.asm.obj (.text)
                  00005e9c    000000f0     sysbios.aem4f : m3_Hwi_asm.obj (.text:ti_sysbios_family_arm_m3_Hwi_dispatch__I)
                  00005f8c    000000ec     p100.obj (.text:CMD_about)
                  00006078    000000ec     p100.obj (.text:handle_UART)
                  00006164    000000d8     tickers.obj (.text:init_tickers)
                  0000623c    000000d0     p100.obj (.text:AddPayload)
                  0000630c    00000004     dpl_msp432e4.aem4f : ClockP_tirtos.oem4f (.text:ClockP_start)
                  00006310    000000d0     sysbios.aem4f : BIOS.obj (.text:ti_sysbios_heaps_HeapMem_alloc__E)
                  000063e0    000000c4     p100.obj (.text:AddProgramMessage)
                  000064a4    000000be     drivers_msp432e4.aem4f : UARTMSP432E4.oem4f (.text:UARTMSP432E4_close)
                  00006562    00000006                            : TimerMSP432E4.oem4f (.text:TimerMSP432E4_control)
                  00006568    000000bc     sysbios.aem4f : BIOS.obj (.text:ti_sysbios_knl_Task_exit__E)
                  00006624    00000004     dpl_msp432e4.aem4f : ClockP_tirtos.oem4f (.text:ClockP_stop)
                  00006628    000000bc     sysbios.aem4f : BIOS.obj (.text:xdc_runtime_Core_createObject__I)
                  000066e4    000000b8     register.obj (.text:reg_xchg)
                  0000679c    00000004     dpl_msp432e4.aem4f : HwiP_tirtos.oem4f (.text:HwiP_clearInterrupt)
                  000067a0    000000b8     sysbios.aem4f : BIOS.obj (.text:ti_sysbios_family_arm_m3_Hwi_Instance_init__E)
                  00006858    000000b6     drivers_msp432e4.aem4f : UARTMSP432E4.oem4f (.text:readTaskCallback)
                  0000690e    00000002     rtsv7M4_T_le_v4SPD16_eabi.lib : _lock.c.obj (.text:_nop)
                  00006910    000000b4     tickers.obj (.text:process_tickers)
                  000069c4    000000b1     rtsv7M4_T_le_v4SPD16_eabi.lib : _printfi.c.obj (.text:_ltostr)
                  00006a75    00000001     --HOLE-- [fill = 0]
                  00006a76    000000b0     drivers_msp432e4.aem4f : UARTMSP432E4.oem4f (.text:readTaskBlocking)
                  00006b26    00000002     rtsv7M4_T_le_v4SPD16_eabi.lib : div0.asm.obj (.text)
                  00006b28    000000b0     sysbios.aem4f : BIOS.obj (.text:ti_sysbios_family_arm_lm4_Timer_enableTiva__I)
                  00006bd8    000000ac     drivers_msp432e4.aem4f : GPIOMSP432E4.oem4f (.text:GPIO_init)
                  00006c84    000000a4     msp432e4_driverlib.a : gpio.o (.text:GPIOIntTypeSet)
                  00006d28    000000a0     auto_init.aem4f : auto_init.oem4f (.text)
                  00006dc8    0000009e     drivers_msp432e4.aem4f : UARTMSP432E4.oem4f (.text:UARTMSP432E4_readPolling)
                  00006e66    0000009c     rtsv7M4_T_le_v4SPD16_eabi.lib : memcpy_t2.asm.obj (.text)
                  00006f02    00000098     drivers_msp432e4.aem4f : UARTMSP432E4.oem4f (.text:UARTMSP432E4_write)
                  00006f9a    00000096     rtsv7M4_T_le_v4SPD16_eabi.lib : ull_div_t2.asm.obj (.text)
                  00007030    00000094     drivers_msp432e4.aem4f : UARTMSP432E4.oem4f (.text:readIsrTextBlocking)
                  000070c4    00000004     dpl_msp432e4.aem4f : HwiP_tirtos.oem4f (.text:HwiP_disable)
                  000070c8    00000094     sysbios.aem4f : BIOS.obj (.text:ti_sysbios_family_arm_m3_Hwi_initNVIC__E)
                  0000715c    00000090     drivers_msp432e4.aem4f : UARTMSP432E4.oem4f (.text:UARTMSP432E4_control)
                  000071ec    00000004     dpl_msp432e4.aem4f : SemaphoreP_tirtos.oem4f (.text:SemaphoreP_post)
                  000071f0    00000090     sysbios.aem4f : BIOS.obj (.text:ti_sysbios_knl_Task_Module_startup__E)
                  00007280    0000008c                   : m3_TaskSupport_asm.obj (.text:ti_sysbios_family_arm_m3_TaskSupport_buildTaskStack)
                  0000730c    00000004     release_pem4f.oem4f (.text:ti_sysbios_BIOS_RtsGateProxy_enter__E)
                  00007310    0000008c     sysbios.aem4f : BIOS.obj (.text:xdc_runtime_Memory_alloc__E)
                  0000739c    00000088     drivers_msp432e4.aem4f : TimerMSP432E4.oem4f (.text:TimerMSP432E4_setPeriod)
                  00007424    00000088                            : UARTMSP432E4.oem4f (.text:readIsrTextCallback)
                  000074ac    00000086     rtsv7M4_T_le_v4SPD16_eabi.lib : fd_cmp_t2.asm.obj (.text:__aeabi_cdcmple)
                  00007532    00000086                                   : fd_cmp_t2.asm.obj (.text:__aeabi_cdrcmple)
                  000075b8    00000086     sysbios.aem4f : BIOS.obj (.text:xdc_runtime_Core_constructObject__I)
                  0000763e    00000002     release_pem4f.oem4f (.text:ti_sysbios_BIOS_nullFunc__I)
                  00007640    00000084     p100.obj (.text:UART_write_safe)
                  000076c4    00000004     release_pem4f.oem4f (.text:ti_sysbios_BIOS_RtsGateProxy_leave__E)
                  000076c8    00000084     sysbios.aem4f : BIOS.obj (.text:ti_sysbios_family_arm_m3_Hwi_postInit__I)
                  0000774c    00000004                   : BIOS.obj (.text:ti_sysbios_family_arm_lm4_Timer_masterEnable__I)
                  00007750    00000084                   : BIOS.obj (.text:ti_sysbios_heaps_HeapMem_free__E)
                  000077d4    00000080     register.obj (.text:reg_rem)
                  00007854    00000004     release_pem4f.oem4f (.text:ti_sysbios_family_arm_m3_Hwi_delete)
                  00007858    00000080     sysbios.aem4f : BIOS.obj (.text:ti_sysbios_knl_Clock_workFunc__E)
                  000078d8    0000007c     register.obj (.text:reg_div)
                  00007954    0000007c     register.obj (.text:reg_neg)
                  000079d0    0000007c     register.obj (.text:reg_not)
                  00007a4c    0000007c     drivers_msp432e4.aem4f : UARTMSP432E4.oem4f (.text:writeData)
                  00007ac8    0000007a     rtsv7M4_T_le_v4SPD16_eabi.lib : memset_t2.asm.obj (.text)
                  00007b42    00000076     msp432e4_driverlib.a : uart.o (.text:UARTConfigSetExpClk)
                  00007bb8    00000074     register.obj (.text:reg_dec)
                  00007c2c    00000074     register.obj (.text:reg_inc)
                  00007ca0    00000074     sysbios.aem4f : BIOS.obj (.text:xdc_runtime_Core_deleteObject__I)
                  00007d14    00000072     drivers_msp432e4.aem4f : TimerMSP432E4.oem4f (.text:TimerMSP432E4_start)
                  00007d86    00000002     --HOLE-- [fill = 0]
                  00007d88    00000070     sysbios.aem4f : BIOS.obj (.text:ti_sysbios_heaps_HeapMem_initPrimary__I)
                  00007df8    0000006e     rtsv7M4_T_le_v4SPD16_eabi.lib : _printfi.c.obj (.text:_mcpy)
                  00007e66    00000002     --HOLE-- [fill = 0]
                  00007e68    0000006c     drivers_msp432e4.aem4f : PowerMSP432E4.oem4f (.text:Power_releaseDependency)
                  00007ed4    00000004     release_pem4f.oem4f (.text:ti_sysbios_family_arm_m3_TaskSupport_Module__startupDone__S)
                  00007ed8    0000006c     sysbios.aem4f : BIOS.obj (.text:ti_sysbios_knl_Swi_restoreHwi__E)
                  00007f44    00000068     p100.obj (.text:CMD_error)
                  00007fac    00000068     drivers_msp432e4.aem4f : GPIOMSP432E4.oem4f (.text:GPIO_hwiIntFxn)
                  00008014    00000068                            : PowerMSP432E4.oem4f (.text:Power_setDependency)
                  0000807c    00000068                            : TimerMSP432E4.oem4f (.text:TimerMSP432E4_allocateTimerResource)
                  000080e4    00000068     rtsv7M4_T_le_v4SPD16_eabi.lib : copy_decompress_lzss.c.obj (.text:decompress:lzss:__TI_decompress_lzss)
                  0000814c    00000068     drivers_msp432e4.aem4f : UARTMSP432E4.oem4f (.text:readIsrBinaryBlocking)
                  000081b4    00000064                            : PowerMSP432E4.oem4f (.text:Power_init)
                  00008218    00000064     rtsv7M4_T_le_v4SPD16_eabi.lib : s_frexp.c.obj (.text:frexp)
                  0000827c    00000064     register.obj (.text:print_all_registers)
                  000082e0    00000064     drivers_msp432e4.aem4f : UARTMSP432E4.oem4f (.text:readIsrBinaryCallback)
                  00008344    00000004     release_pem4f.oem4f (.text:ti_sysbios_heaps_HeapMem_Module_GateProxy_enter__E)
                  00008348    00000064     sysbios.aem4f : BIOS.obj (.text:ti_sysbios_family_arm_lm4_Timer_Module_startup__E)
                  000083ac    00000004     release_pem4f.oem4f (.text:ti_sysbios_heaps_HeapMem_Module_GateProxy_leave__E)
                  000083b0    00000064     sysbios.aem4f : BIOS.obj (.text:ti_sysbios_family_arm_m3_Hwi_dispatchC__I)
                  00008414    00000004     release_pem4f.oem4f (.text:ti_sysbios_knl_Clock_TimerProxy_getMaxTicks__E)
                  00008418    00000060     sysbios.aem4f : BIOS.obj (.text:ti_sysbios_knl_Semaphore_post__E)
                  00008478    00000060                   : BIOS.obj (.text:ti_sysbios_knl_Swi_run__I)
                  000084d8    0000005c     msp432e4_driverlib.a : gpio.o (.text:GPIODirModeSet)
                  00008534    0000005c     drivers_msp432e4.aem4f : TimerMSP432E4.oem4f (.text:getPowerMgrId)
                  00008590    0000005c                            : UARTMSP432E4.oem4f (.text:getPowerResourceId)
                  000085ec    0000005c     register.obj (.text:reg_max)
                  00008648    0000005c     register.obj (.text:reg_min)
                  000086a4    00000004     release_pem4f.oem4f (.text:ti_sysbios_knl_Clock_delete)
                  000086a8    0000005c     sysbios.aem4f : BIOS.obj (.text:ti_sysbios_knl_Swi_schedule__I)
                  00008704    00000004     release_pem4f.oem4f (.text:ti_sysbios_knl_Semaphore_delete)
                  00008708    0000005c     sysbios.aem4f : BIOS.obj (.text:ti_sysbios_knl_Task_startCore__E)
                  00008764    00000004     release_pem4f.oem4f (.text:ti_sysbios_knl_Task_delete)
                  00008768    0000005c     sysbios.aem4f : BIOS.obj (.text:xdc_runtime_Startup_exec__E)
                  000087c4    0000005a     register.obj (.text:parse_immediate)
                  0000881e    0000005a     register.obj (.text:parse_memory_address)
                  00008878    00000058     drivers_msp432e4.aem4f : GPIOMSP432E4.oem4f (.text:GPIO_setCallback)
                  000088d0    00000058     boot.aem4f : boot.oem4f (.text)
                  00008928    00000058     sysbios.aem4f : m3_Hwi_asm_switch.obj (.text:ti_sysbios_family_arm_m3_Hwi_initStacks__E)
                  00008980    00000056     rtsv7M4_T_le_v4SPD16_eabi.lib : _printfi.c.obj (.text:_pconv_f)
                  000089d6    00000002     --HOLE-- [fill = 0]
                  000089d8    00000054     drivers_msp432e4.aem4f : GPIOMSP432E4.oem4f (.text:GPIO_write)
                  00008a2c    00000054     rtsv7M4_T_le_v4SPD16_eabi.lib : _ltoa.c.obj (.text:__TI_ltoa)
                  00008a80    00000054     p100.obj (.text:formatAboutHeaderMsg)
                  00008ad4    00000054     tasks.obj (.text:payloadExecute)
                  00008b28    00000054     register.obj (.text:reg_add)
                  00008b7c    00000054     register.obj (.text:reg_and)
                  00008bd0    00000054     register.obj (.text:reg_ior)
                  00008c24    00000054     register.obj (.text:reg_mul)
                  00008c78    00000054     register.obj (.text:reg_sub)
                  00008ccc    00000054     register.obj (.text:reg_xor)
                  00008d20    00000054     sysbios.aem4f : BIOS.obj (.text:ti_sysbios_family_arm_lm4_Timer_initDevice__I)
                  00008d74    00000054     release_pem4f.oem4f (.text:ti_sysbios_family_arm_m3_Hwi_create)
                  00008dc8    00000054     tasks.obj (.text:uartWrite)
                  00008e1c    00000052     rtsv7M4_T_le_v4SPD16_eabi.lib : _printfi.c.obj (.text:_ecpy)
                  00008e6e    00000002     --HOLE-- [fill = 0]
                  00008e70    00000050     drivers_msp432e4.aem4f : GPIOMSP432E4.oem4f (.text:GPIO_toggle)
                  00008ec0    00000050                            : UARTMSP432E4.oem4f (.text:UARTMSP432E4_hwiIntFxn)
                  00008f10    00000050     p100.obj (.text:raiseError)
                  00008f60    00000050     sysbios.aem4f : BIOS.obj (.text:ti_sysbios_family_arm_m3_Hwi_Module_startup__E)
                  00008fb0    00000050                   : BIOS.obj (.text:ti_sysbios_knl_Clock_Instance_init__E)
                  00009000    0000004e     drivers_msp432e4.aem4f : TimerMSP432E4.oem4f (.text:TimerMSP432E4_stop)
                  0000904e    0000004e                            : TimerMSP432E4.oem4f (.text:initHw)
                  0000909c    0000004c                            : TimerMSP432E4.oem4f (.text:TimerMSP432E4_freeTimerResource)
                  000090e8    0000004c                            : UARTMSP432E4.oem4f (.text:UARTMSP432E4_writePolling)
                  00009134    0000004c     rtsv7M4_T_le_v4SPD16_eabi.lib : atoi.c.obj (.text:atoi)
                  00009180    0000004c                                   : cpy_tbl.c.obj (.text:copy_in)
                  000091cc    0000004c     drivers_msp432e4.aem4f : UARTMSP432E4.oem4f (.text:ringBufGet)
                  00009218    0000004c     sysbios.aem4f : BIOS.obj (.text:ti_sysbios_heaps_HeapMem_getStats__E)
                  00009264    00000004     release_pem4f.oem4f (.text:xdc_runtime_System_Module_GateProxy_enter__E)
                  00009268    0000004c     sysbios.aem4f : BIOS.obj (.text:ti_sysbios_knl_Swi_runLoop__I)
                  000092b4    00000004     release_pem4f.oem4f (.text:xdc_runtime_System_Module_GateProxy_leave__E)
                  000092b8    0000004c     sysbios.aem4f : BIOS.obj (.text:ti_sysbios_knl_Task_allBlockedFunction__I)
                  00009304    00000004     --HOLE-- [fill = 0]
                  00009308    0000004c                   : BIOS.obj (.text:ti_sysbios_knl_Task_schedule__I)
                  00009354    00000048     drivers_msp432e4.aem4f : UARTMSP432E4.oem4f (.text:UARTMSP432E4_writeCancel)
                  0000939c    00000048     p100.obj (.text:formatCompileDateTime)
                  000093e4    00000048     p100.obj (.text:reset_buffer)
                  0000942c    00000048     rtsv7M4_T_le_v4SPD16_eabi.lib : fd_toi_t2.asm.obj (.text)
                  00009474    00000004     --HOLE-- [fill = 0]
                  00009478    00000048     sysbios.aem4f : BIOS.obj (.text:ti_sysbios_family_arm_lm4_Timer_enableTimers__I)
                  000094c0    00000048                   : BIOS.obj (.text:ti_sysbios_family_arm_m3_Hwi_disableInterrupt__E)
                  00009508    00000048                   : BIOS.obj (.text:ti_sysbios_family_arm_m3_Hwi_enableInterrupt__E)
                  00009550    00000048                   : BIOS.obj (.text:ti_sysbios_knl_Mailbox_Module_startup__E)
                  00009598    00000048                   : BIOS.obj (.text:ti_sysbios_knl_Task_deleteTerminatedTasksFunc__I)
                  000095e0    00000048                   : BIOS.obj (.text:xdc_runtime_Core_assignParams__I)
                  00009628    00000046     drivers_msp432e4.aem4f : RingBuf.oem4f (.text:RingBuf_put)
                  0000966e    00000046                            : TimerMSP432E4.oem4f (.text:getPrescaler)
                  000096b4    00000044     msp432e4_driverlib.a : gpio.o (.text:GPIOPinConfigure)
                  000096f8    00000044                          : sysctl.o (.text:SysCtlPeripheralPresent)
                  0000973c    00000044                          : sysctl.o (.text:SysCtlPeripheralReady)
                  00009780    00000044     drivers_msp432e4.aem4f : Timer.oem4f (.text:Timer_init)
                  000097c4    00000044                            : UART.oem4f (.text:UART_init)
                  00009808    00000044     sysbios.aem4f : BIOS.obj (.text:ti_sysbios_family_arm_lm4_Timer_isrStub__E)
                  0000984c    00000004     --HOLE-- [fill = 0]
                  00009850    00000044                   : BIOS.obj (.text:ti_sysbios_family_arm_m3_Hwi_getStackInfo__E)
                  00009894    00000004     --HOLE-- [fill = 0]
                  00009898    00000044                   : BIOS.obj (.text:ti_sysbios_knl_Mailbox_postInit__I)
                  000098dc    00000004     --HOLE-- [fill = 0]
                  000098e0    00000044                   : BIOS.obj (.text:ti_sysbios_knl_Swi_post__E)
                  00009924    00000004     --HOLE-- [fill = 0]
                  00009928    00000044                   : BIOS.obj (.text:xdc_runtime_System_atexit__E)
                  0000996c    00000040     dpl_msp432e4.aem4f : ClockP_tirtos.oem4f (.text:ClockP_create)
                  000099ac    00000040                        : HwiP_tirtos.oem4f (.text:HwiP_create)
                  000099ec    00000040     drivers_msp432e4.aem4f : RingBuf.oem4f (.text:RingBuf_get)
                  00009a2c    00000040     msp432e4_driverlib.a : sysctl.o (.text:SysCtlPeripheralDisable)
                  00009a6c    00000040                          : sysctl.o (.text:SysCtlPeripheralEnable)
                  00009aac    00000040                          : sysctl.o (.text:SysCtlPeripheralPowerOff)
                  00009aec    00000040                          : sysctl.o (.text:SysCtlPeripheralPowerOn)
                  00009b2c    00000040                          : sysctl.o (.text:SysCtlPeripheralSleepDisable)
                  00009b6c    00000040                          : sysctl.o (.text:SysCtlPeripheralSleepEnable)
                  00009bac    00000040     drivers_msp432e4.aem4f : Timer.oem4f (.text:Timer_open)
                  00009bec    00000040                            : UARTMSP432E4.oem4f (.text:UARTMSP432E4_read)
                  00009c2c    00000040                            : UART.oem4f (.text:UART_open)
                  00009c6c    00000040     p100.obj (.text:getErrorName)
                  00009cac    00000040     register.obj (.text:is_valid_memory_address)
                  00009cec    00000040     rtsv7M4_T_le_v4SPD16_eabi.lib : sprintf.c.obj (.text:sprintf)
                  00009d2c    00000040                                   : strtok.c.obj (.text:strtok)
                  00009d6c    00000040     callback.obj (.text:sw2SWI)
                  00009dac    00000004     --HOLE-- [fill = 0]
                  00009db0    00000040     sysbios.aem4f : BIOS.obj (.text:ti_sysbios_family_arm_lm4_Timer_startup__E)
                  00009df0    00000040                   : BIOS.obj (.text:ti_sysbios_heaps_HeapMem_Instance_init__E)
                  00009e30    0000003e     rtsv7M4_T_le_v4SPD16_eabi.lib : _printfi.c.obj (.text:_fcpy)
                  00009e6e    0000003e     register.obj (.text:parse_register)
                  00009eac    0000003c     dpl_msp432e4.aem4f : SemaphoreP_tirtos.oem4f (.text:SemaphoreP_create)
                  00009ee8    0000003c     callback.obj (.text:sw1SWI)
                  00009f24    00000004     --HOLE-- [fill = 0]
                  00009f28    0000003c     sysbios.aem4f : BIOS.obj (.text:ti_sysbios_family_arm_m3_Hwi_Instance_finalize__E)
                  00009f64    0000003c     release_pem4f.oem4f (.text:ti_sysbios_knl_Clock_create)
                  00009fa0    0000003c     sysbios.aem4f : BIOS.obj (.text:ti_sysbios_knl_Swi_restore__E)
                  00009fdc    00000004     --HOLE-- [fill = 0]
                  00009fe0    0000003c                   : BIOS.obj (.text:xdc_runtime_System_processAtExit__E)
                  0000a01c    00000038     drivers_msp432e4.aem4f : TimerMSP432E4.oem4f (.text:TimerMSP432E4_hwiIntFunction)
                  0000a054    00000038     script.obj (.text:execute_script_from_line)
                  0000a08c    00000038     p100.obj (.text:refresh_user_input)
                  0000a0c4    00000004     --HOLE-- [fill = 0]
                  0000a0c8    00000038     sysbios.aem4f : BIOS.obj (.text:ti_sysbios_knl_Task_processVitalTaskFlag__I)
                  0000a100    00000038     callback.obj (.text:timer0SWI)
                  0000a138    00000038     tasks.obj (.text:uartRead)
                  0000a170    00000036     msp432e4_driverlib.a : timer.o (.text:TimerControlStall)
                  0000a1a6    00000036     drivers_msp432e4.aem4f : UARTMSP432E4.oem4f (.text:UARTMSP432E4_readCancel)
                  0000a1dc    00000036     rtsv7M4_T_le_v4SPD16_eabi.lib : strncpy.c.obj (.text:strncpy)
                  0000a212    00000034     drivers_msp432e4.aem4f : TimerMSP432E4.oem4f (.text:TimerMSP432E4_close)
                  0000a246    00000002     --HOLE-- [fill = 0]
                  0000a248    00000034     sysbios.aem4f : BIOS.obj (.text:_pthread_delete$44)
                  0000a27c    00000034     p100.obj (.text:memory_strdup)
                  0000a2b0    00000034     release_pem4f.oem4f (.text:ti_sysbios_knl_Semaphore_create)
                  0000a2e4    00000004     --HOLE-- [fill = 0]
                  0000a2e8    00000032     sysbios.aem4f : BIOS.obj (.text:ti_sysbios_hal_Hwi_initStack)
                  0000a31a    00000002     --HOLE-- [fill = 0]
                  0000a31c    00000030     ti_drivers_config.obj (.text:Board_init)
                  0000a34c    00000030     drivers_msp432e4.aem4f : GPIOMSP432E4.oem4f (.text:GPIOMSP432E4_undoPinConfig)
                  0000a37c    00000030                            : GPIOMSP432E4.oem4f (.text:GPIO_enableInt)
                  0000a3ac    00000030                            : GPIOMSP432E4.oem4f (.text:GPIO_read)
                  0000a3dc    00000030     msp432e4_driverlib.a : uart.o (.text:UARTDisable)
                  0000a40c    00000030     release_pem4f.oem4f (.text:ti_sysbios_BIOS_atExitFunc__I)
                  0000a43c    00000030     release_pem4f.oem4f (.text:ti_sysbios_BIOS_startFunc__I)
                  0000a46c    00000004     --HOLE-- [fill = 0]
                  0000a470    00000030     sysbios.aem4f : BIOS.obj (.text:ti_sysbios_family_arm_lm4_Timer_stop__E)
                  0000a4a0    00000030                   : BIOS.obj (.text:ti_sysbios_family_arm_m3_TaskSupport_start__E)
                  0000a4d0    00000030     release_pem4f.oem4f (.text:ti_sysbios_gates_GateHwi_Object__create__S)
                  0000a500    00000030     release_pem4f.oem4f (.text:ti_sysbios_gates_GateMutex_Object__create__S)
                  0000a530    00000030     sysbios.aem4f : BIOS.obj (.text:ti_sysbios_gates_GateMutex_enter__E)
                  0000a560    00000030     release_pem4f.oem4f (.text:ti_sysbios_gates_GateSwi_Object__create__S)
                  0000a590    00000030     release_pem4f.oem4f (.text:ti_sysbios_heaps_HeapMem_Object__create__S)
                  0000a5c0    00000030     release_pem4f.oem4f (.text:ti_sysbios_knl_Semaphore_construct)
                  0000a5f0    00000030     sysbios.aem4f : BIOS.obj (.text:ti_sysbios_knl_Semaphore_pendTimeout__I)
                  0000a620    00000030                   : BIOS.obj (.text:ti_sysbios_knl_Task_restore__E)
                  0000a650    00000030                   : BIOS.obj (.text:ti_sysbios_knl_Task_unblockI__E)
                  0000a680    0000002e     rtsv7M4_T_le_v4SPD16_eabi.lib : i_tofd_t2.asm.obj (.text)
                  0000a6ae    00000002     --HOLE-- [fill = 0]
                  0000a6b0    0000002c     dpl_msp432e4.aem4f : SemaphoreP_tirtos.oem4f (.text:SemaphoreP_createBinary)
                  0000a6dc    0000002c     msp432e4_driverlib.a : sysctl.o (.text:SysCtlPeripheralClockGating)
                  0000a708    0000002c     sysbios.aem4f : BIOS.obj (.text:_pthread_cleanupFxn)
                  0000a734    0000002c     script.obj (.text:init_script_lines)
                  0000a760    0000002c     main_tirtos.obj (.text:main)
                  0000a78c    0000002c     release_pem4f.oem4f (.text:ti_sysbios_gates_GateHwi_Handle__label__S)
                  0000a7b8    0000002c     release_pem4f.oem4f (.text:ti_sysbios_gates_GateMutex_Handle__label__S)
                  0000a7e4    0000002c     release_pem4f.oem4f (.text:ti_sysbios_gates_GateSwi_Handle__label__S)
                  0000a810    0000002c     release_pem4f.oem4f (.text:ti_sysbios_heaps_HeapMem_Handle__label__S)
                  0000a83c    0000002c     release_pem4f.oem4f (.text:ti_sysbios_knl_Clock_doTick__I)
                  0000a868    0000002c     release_pem4f.oem4f (.text:ti_sysbios_knl_Queue_construct)
                  0000a894    0000002a     msp432e4_driverlib.a : timer.o (.text:TimerLoadSet)
                  0000a8be    0000002a                          : timer.o (.text:TimerPrescaleSet)
                  0000a8e8    0000002a     rtsv7M4_T_le_v4SPD16_eabi.lib : strspn.c.obj (.text:strspn)
                  0000a912    00000002     --HOLE-- [fill = 0]
                  0000a914    00000028     sysbios.aem4f : m3_Hwi_asm.obj (.text:ti_sysbios_family_arm_m3_Hwi_excHandlerAsm__I)
                  0000a93c    00000004     --HOLE-- [fill = 0]
                  0000a940    00000028                   : BIOS.obj (.text:ti_sysbios_knl_Clock_addI__E)
                  0000a968    00000028                   : BIOS.obj (.text:ti_sysbios_knl_Swi_Module_startup__E)
                  0000a990    00000026                   : m3_Hwi_asm.obj (.text:ti_sysbios_family_arm_m3_Hwi_pendSV__I)
                  0000a9b6    00000024     msp432e4_driverlib.a : gpio.o (.text:GPIOPinTypeUART)
                  0000a9da    00000024                          : uart.o (.text:UARTCharPutNonBlocking)
                  0000a9fe    00000024                          : uart.o (.text:UARTEnable)
                  0000aa22    00000024     rtsv7M4_T_le_v4SPD16_eabi.lib : strcspn.c.obj (.text:strcspn)
                  0000aa46    00000002     --HOLE-- [fill = 0]
                  0000aa48    00000024     release_pem4f.oem4f (.text:ti_sysbios_BIOS_registerRTSLock__I)
                  0000aa6c    00000024     release_pem4f.oem4f (.text:ti_sysbios_BIOS_removeRTSLock__I)
                  0000aa90    00000024     release_pem4f.oem4f (.text:ti_sysbios_gates_GateMutex_Object__delete__S)
                  0000aab4    00000004     --HOLE-- [fill = 0]
                  0000aab8    00000024     sysbios.aem4f : BIOS.obj (.text:ti_sysbios_knl_Clock_Module_startup__E)
                  0000aadc    00000024     release_pem4f.oem4f (.text:ti_sysbios_knl_Clock_Object__delete__S)
                  0000ab00    00000024     sysbios.aem4f : BIOS.obj (.text:ti_sysbios_knl_Clock_start__E)
                  0000ab24    00000004     --HOLE-- [fill = 0]
                  0000ab28    00000024                   : BIOS.obj (.text:ti_sysbios_knl_Semaphore_Instance_init__E)
                  0000ab4c    00000024     release_pem4f.oem4f (.text:ti_sysbios_knl_Semaphore_Object__delete__S)
                  0000ab70    00000024     sysbios.aem4f : BIOS.obj (.text:ti_sysbios_knl_Task_restoreHwi__E)
                  0000ab94    00000004     --HOLE-- [fill = 0]
                  0000ab98    00000024                   : BIOS.obj (.text:xdc_runtime_Error_policyMin__E)
                  0000abbc    00000004     --HOLE-- [fill = 0]
                  0000abc0    00000024                   : BIOS.obj (.text:xdc_runtime_System_abort__E)
                  0000abe4    00000022     msp432e4_driverlib.a : gpio.o (.text:GPIOIntStatus)
                  0000ac06    00000002     --HOLE-- [fill = 0]
                  0000ac08    00000022     sysbios.aem4f : BIOS.obj (.text:ti_sysbios_family_arm_lm4_Timer_write__I)
                  0000ac2a    00000020     msp432e4_driverlib.a : gpio.o (.text:GPIOPinWrite)
                  0000ac4a    00000020     drivers_msp432e4.aem4f : RingBuf.oem4f (.text:RingBuf_peek)
                  0000ac6a    00000002     --HOLE-- [fill = 0]
                  0000ac6c    00000020     p100.obj (.text:digitalWrite)
                  0000ac8c    00000020     drivers_msp432e4.aem4f : GPIOMSP432E4.oem4f (.text:getGpioIntIndex)
                  0000acac    00000020     release_pem4f.oem4f (.text:ti_sysbios_BIOS_rtsLock__I)
                  0000accc    00000020     release_pem4f.oem4f (.text:ti_sysbios_family_arm_m3_Hwi_Object__delete__S)
                  0000acec    00000004     --HOLE-- [fill = 0]
                  0000acf0    00000020     sysbios.aem4f : BIOS.obj (.text:ti_sysbios_family_arm_m3_Hwi_clearInterrupt__E)
                  0000ad10    00000020     release_pem4f.oem4f (.text:ti_sysbios_gates_GateHwi_Object__delete__S)
                  0000ad30    00000020     release_pem4f.oem4f (.text:ti_sysbios_gates_GateSwi_Object__delete__S)
                  0000ad50    00000020     release_pem4f.oem4f (.text:ti_sysbios_heaps_HeapMem_Object__delete__S)
                  0000ad70    00000020     sysbios.aem4f : BIOS.obj (.text:ti_sysbios_knl_Idle_run__E)
                  0000ad90    00000020     release_pem4f.oem4f (.text:ti_sysbios_knl_Semaphore_destruct)
                  0000adb0    00000020     release_pem4f.oem4f (.text:ti_sysbios_knl_Task_Object__delete__S)
                  0000add0    0000001e     msp432e4_driverlib.a : timer.o (.text:TimerDisable)
                  0000adee    0000001e                          : timer.o (.text:TimerEnable)
                  0000ae0c    0000001e                          : uart.o (.text:UARTBusy)
                  0000ae2a    0000001e                          : uart.o (.text:UARTCharPut)
                  0000ae48    0000001e                          : uart.o (.text:UARTCharsAvail)
                  0000ae66    0000001e                          : uart.o (.text:UARTIntStatus)
                  0000ae84    0000001e     sysbios.aem4f : m3_Hwi_asm_switch.obj (.text:ti_sysbios_family_xxx_Hwi_switchAndRunFunc)
                  0000aea2    0000001c     msp432e4_driverlib.a : uart.o (.text:UARTCharGetNonBlocking)
                  0000aebe    0000001c                          : uart.o (.text:UARTFlowControlSet)
                  0000aeda    0000001c                          : uart.o (.text:UARTTxIntModeSet)
                  0000aef6    0000001c     rtsv7M4_T_le_v4SPD16_eabi.lib : memccpy.c.obj (.text:memccpy)
                  0000af12    00000006     --HOLE-- [fill = 0]
                  0000af18    0000001c     sysbios.aem4f : BIOS.obj (.text:ti_sysbios_family_arm_m3_Hwi_excHandler__I)
                  0000af34    00000004     --HOLE-- [fill = 0]
                  0000af38    0000001c                   : BIOS.obj (.text:ti_sysbios_gates_GateMutex_Instance_init__E)
                  0000af54    00000004     --HOLE-- [fill = 0]
                  0000af58    0000001c                   : BIOS.obj (.text:ti_sysbios_knl_Clock_Instance_finalize__E)
                  0000af74    0000001c     release_pem4f.oem4f (.text:ti_sysbios_knl_Queue_destruct)
                  0000af90    0000001c     sysbios.aem4f : BIOS.obj (.text:ti_sysbios_knl_Queue_get__E)
                  0000afac    00000004     --HOLE-- [fill = 0]
                  0000afb0    0000001c                   : BIOS.obj (.text:ti_sysbios_knl_Queue_put__E)
                  0000afcc    00000004     --HOLE-- [fill = 0]
                  0000afd0    0000001c                   : BIOS.obj (.text:ti_sysbios_knl_Task_enter__I)
                  0000afec    00000004     --HOLE-- [fill = 0]
                  0000aff0    0000001c                   : BIOS.obj (.text:ti_sysbios_rts_ti_ReentSupport_getReent__F)
                  0000b00c    0000001c     tasks.obj (.text:tickerProcessingTask)
                  0000b028    0000001b     p100.obj (.text:CMD_print)
                  0000b043    00000001     --HOLE-- [fill = 0]
                  0000b044    0000001a     msp432e4_driverlib.a : gpio.o (.text:GPIOIntEnable)
                  0000b05e    0000001a     rtsv7M4_T_le_v4SPD16_eabi.lib : s_copysign.c.obj (.text:copysign)
                  0000b078    00000018     msp432e4_driverlib.a : gpio.o (.text:GPIOPinRead)
                  0000b090    00000018     drivers_msp432e4.aem4f : PowerMSP432E4.oem4f (.text:Power_idleFunc)
                  0000b0a8    00000018     msp432e4_driverlib.a : timer.o (.text:TimerIntDisable)
                  0000b0c0    00000018                          : timer.o (.text:TimerIntEnable)
                  0000b0d8    00000018     drivers_msp432e4.aem4f : TimerMSP432E4.oem4f (.text:TimerMSP432E4_getCount)
                  0000b0f0    00000018     msp432e4_driverlib.a : uart.o (.text:UARTFIFOLevelSet)
                  0000b108    00000018                          : uart.o (.text:UARTIntDisable)
                  0000b120    00000018                          : uart.o (.text:UARTIntEnable)
                  0000b138    00000018     drivers_msp432e4.aem4f : UART.oem4f (.text:UART_Params_init)
                  0000b150    00000018     rtsv7M4_T_le_v4SPD16_eabi.lib : args_main.c.obj (.text:_args_main)
                  0000b168    00000018                                   : sprintf.c.obj (.text:_outs)
                  0000b180    00000018     p100.obj (.text:digitalRead)
                  0000b198    00000018     rtsv7M4_T_le_v4SPD16_eabi.lib : strcmp.c.obj (.text:strcmp)
                  0000b1b0    00000018     release_pem4f.oem4f (.text:ti_sysbios_BIOS_rtsUnlock__I)
                  0000b1c8    00000018     release_pem4f.oem4f (.text:ti_sysbios_family_arm_lm4_Timer_Module__startupDone__F)
                  0000b1e0    00000018     release_pem4f.oem4f (.text:ti_sysbios_family_arm_m3_Hwi_Module__startupDone__F)
                  0000b1f8    00000018     sysbios.aem4f : m3_TaskSupport_asm.obj (.text:ti_sysbios_family_arm_m3_TaskSupport_swap__E)
                  0000b210    00000018                   : BIOS.obj (.text:ti_sysbios_gates_GateMutex_leave__E)
                  0000b228    00000018     release_pem4f.oem4f (.text:ti_sysbios_rts_ti_ReentSupport_getTlsAddr__I)
                  0000b240    00000018     p100.obj (.text:togglePin)
                  0000b258    00000018     sysbios.aem4f : BIOS.obj (.text:xdc_runtime_Error_init__E)
                  0000b270    00000018                   : BIOS.obj (.text:xdc_runtime_System_exit__E)
                  0000b288    00000016     msp432e4_driverlib.a : uart.o (.text:UARTCharGet)
                  0000b29e    00000016     p100.obj (.text:UART_write_safe_strlen)
                  0000b2b4    00000016     rtsv7M4_T_le_v4SPD16_eabi.lib : strchr.c.obj (.text:strchr)
                  0000b2ca    00000016     release_pem4f.oem4f (.text:ti_sysbios_BIOS_exitFunc__I)
                  0000b2e0    00000014     msp432e4_driverlib.a : gpio.o (.text:GPIOIntClear)
                  0000b2f4    00000014     drivers_msp432e4.aem4f : GPIOMSP432E4.oem4f (.text:GPIOMSP432E4_getGpioBaseAddr)
                  0000b308    00000014                            : GPIOMSP432E4.oem4f (.text:GPIOMSP432E4_getPowerResourceId)
                  0000b31c    00000014     p100.obj (.text:clear_console)
                  0000b330    00000014     rtsv7M4_T_le_v4SPD16_eabi.lib : strcpy.c.obj (.text:strcpy)
                  0000b344    00000014                                   : strlen.c.obj (.text:strlen)
                  0000b358    00000014     callback.obj (.text:sw1Callback_fxn)
                  0000b36c    00000014     callback.obj (.text:sw2Callback_fxn)
                  0000b380    00000014     release_pem4f.oem4f (.text:ti_sysbios_family_arm_m3_Hwi_Object__get__S)
                  0000b394    00000004     --HOLE-- [fill = 0]
                  0000b398    00000014     sysbios.aem4f : BIOS.obj (.text:ti_sysbios_family_arm_m3_Hwi_switchFromBootStack__E)
                  0000b3ac    00000014     release_pem4f.oem4f (.text:ti_sysbios_heaps_HeapMem_Object__get__S)
                  0000b3c0    00000014     release_pem4f.oem4f (.text:ti_sysbios_knl_Swi_Object__get__S)
                  0000b3d4    00000014     release_pem4f.oem4f (.text:ti_sysbios_knl_Task_Object__first__S)
                  0000b3e8    00000014     release_pem4f.oem4f (.text:ti_sysbios_knl_Task_Object__next__S)
                  0000b3fc    00000014     tickers.obj (.text:ticker_timer_callback)
                  0000b410    00000014     callback.obj (.text:timer0Callback_fxn)
                  0000b424    00000012     drivers_msp432e4.aem4f : RingBuf.oem4f (.text:RingBuf_construct)
                  0000b436    00000012     dpl_msp432e4.aem4f : SemaphoreP_tirtos.oem4f (.text:SemaphoreP_pend)
                  0000b448    00000012     msp432e4_driverlib.a : timer.o (.text:TimerIntClear)
                  0000b45a    00000012                          : uart.o (.text:UARTIntClear)
                  0000b46c    00000012                          : uart.o (.text:UARTRxErrorGet)
                  0000b47e    00000002     --HOLE-- [fill = 0]
                  0000b480    00000012     sysbios.aem4f : BIOS.obj (.text:ti_sysbios_hal_Hwi_Module_startup__E)
                  0000b492    00000012     rtsv7M4_T_le_v4SPD16_eabi.lib : wcslen.c.obj (.text:wcslen)
                  0000b4a4    00000012     release_pem4f.oem4f (.text:xdc_runtime_Startup_exec__I)
                  0000b4b6    00000002     --HOLE-- [fill = 0]
                  0000b4b8    00000010     release_pem4f.oem4f (.text:.bootCodeSection:ti_sysbios_family_arm_msp432e4_init_Boot_init__I)
                  0000b4c8    00000010     dpl_msp432e4.aem4f : HwiP_tirtos.oem4f (.text:HwiP_Params_init)
                  0000b4d8    00000010                        : PowerMSP432E4_tirtos.oem4f (.text:PowerMSP432E4_sleepPolicy)
                  0000b4e8    00000010     drivers_msp432e4.aem4f : Timer.oem4f (.text:Timer_Params_init)
                  0000b4f8    00000010     msp432e4_driverlib.a : uart.o (.text:UARTRxErrorClear)
                  0000b508    00000010     drivers_msp432e4.aem4f : UARTMSP432E4.oem4f (.text:readBlockingTimeout)
                  0000b518    00000010     sysbios.aem4f : BIOS.obj (.text:ti_sysbios_BIOS_getCpuFreq__E)
                  0000b528    00000010                   : BIOS.obj (.text:ti_sysbios_BIOS_setThreadType__E)
                  0000b538    00000010                   : BIOS.obj (.text:ti_sysbios_BIOS_start__E)
                  0000b548    00000010                   : m3_TaskSupport_asm.obj (.text:ti_sysbios_family_arm_m3_TaskSupport_glue)
                  0000b558    00000010                   : BIOS.obj (.text:ti_sysbios_gates_GateMutex_Instance_finalize__E)
                  0000b568    00000010                   : BIOS.obj (.text:ti_sysbios_gates_GateSwi_enter__E)
                  0000b578    00000010     release_pem4f.oem4f (.text:ti_sysbios_knl_Mailbox_Object__get__S)
                  0000b588    00000010     release_pem4f.oem4f (.text:ti_sysbios_knl_Queue_Object__get__S)
                  0000b598    00000010     sysbios.aem4f : BIOS.obj (.text:ti_sysbios_knl_Semaphore_Instance_finalize__E)
                  0000b5a8    00000010                   : BIOS.obj (.text:ti_sysbios_knl_Swi_disable__E)
                  0000b5b8    00000010     release_pem4f.oem4f (.text:ti_sysbios_knl_Task_Object__get__S)
                  0000b5c8    00000010     sysbios.aem4f : BIOS.obj (.text:ti_sysbios_knl_Task_disable__E)
                  0000b5d8    00000010     rtsv7M4_T_le_v4SPD16_eabi.lib : tolower.c.obj (.text:tolower)
                  0000b5e8    00000010     sysbios.aem4f : BIOS.obj (.text:xdc_runtime_Memory_free__E)
                  0000b5f8    00000010                   : BIOS.obj (.text:xdc_runtime_SysCallback_abort__E)
                  0000b608    00000010                   : BIOS.obj (.text:xdc_runtime_SysCallback_exit__E)
                  0000b618    0000000e     drivers_msp432e4.aem4f : RingBuf.oem4f (.text:RingBuf_isFull)
                  0000b626    0000000e     rtsv7M4_T_le_v4SPD16_eabi.lib : copy_decompress_none.c.obj (.text:decompress:none:__TI_decompress_none)
                  0000b634    00000004     --HOLE-- [fill = 0]
                  0000b638    0000000e     sysbios.aem4f : BIOS.obj (.text:ti_sysbios_knl_Idle_loop__E)
                  0000b646    00000002     --HOLE-- [fill = 0]
                  0000b648    0000000e                   : BIOS.obj (.text:ti_sysbios_knl_Queue_empty__E)
                  0000b656    0000000c     dpl_msp432e4.aem4f : ClockP_tirtos.oem4f (.text:ClockP_delete)
                  0000b662    0000000c                        : HwiP_tirtos.oem4f (.text:HwiP_delete)
                  0000b66e    0000000c                        : SemaphoreP_tirtos.oem4f (.text:SemaphoreP_delete)
                  0000b67a    00000002     --HOLE-- [fill = 0]
                  0000b67c    0000000c     rtsv7M4_T_le_v4SPD16_eabi.lib : _lock.c.obj (.text:_register_lock)
                  0000b688    0000000c                                   : _lock.c.obj (.text:_register_unlock)
                  0000b694    0000000c                                   : copy_zero_init.c.obj (.text:decompress:ZI:__TI_zero_init)
                  0000b6a0    0000000c     sysbios.aem4f : BIOS.obj (.text:ti_sysbios_family_arm_lm4_Timer_getMaxTicks__E)
                  0000b6ac    0000000c     release_pem4f.oem4f (.text:ti_sysbios_family_arm_m3_Hwi_Params__init__S)
                  0000b6b8    0000000c     sysbios.aem4f : BIOS.obj (.text:ti_sysbios_family_arm_m3_Hwi_disableFxn__E)
                  0000b6c4    00000004     --HOLE-- [fill = 0]
                  0000b6c8    0000000c                   : BIOS.obj (.text:ti_sysbios_gates_GateHwi_enter__E)
                  0000b6d4    00000004     --HOLE-- [fill = 0]
                  0000b6d8    0000000c                   : BIOS.obj (.text:ti_sysbios_gates_GateSwi_query__E)
                  0000b6e4    0000000c     release_pem4f.oem4f (.text:ti_sysbios_knl_Clock_Params__init__S)
                  0000b6f0    0000000c     release_pem4f.oem4f (.text:ti_sysbios_knl_Semaphore_Params__init__S)
                  0000b6fc    00000004     --HOLE-- [fill = 0]
                  0000b700    0000000c     sysbios.aem4f : BIOS.obj (.text:ti_sysbios_knl_Task_self__E)
                  0000b70c    00000004     --HOLE-- [fill = 0]
                  0000b710    0000000c                   : BIOS.obj (.text:ti_sysbios_rts_ti_ReentSupport_taskRegHook__I)
                  0000b71c    00000004     --HOLE-- [fill = 0]
                  0000b720    0000000c                   : BIOS.obj (.text:xdc_runtime_Startup_rtsDone__E)
                  0000b72c    0000000a     dpl_msp432e4.aem4f : ClockP_tirtos.oem4f (.text:ClockP_Params_init)
                  0000b736    0000000a     main_tirtos.obj (.text:NDK_hookInit)
                  0000b740    0000000a     drivers_msp432e4.aem4f : Timer.oem4f (.text:Timer_setPeriod)
                  0000b74a    0000000a                            : Timer.oem4f (.text:Timer_start)
                  0000b754    0000000a                            : Timer.oem4f (.text:Timer_stop)
                  0000b75e    0000000a                            : UART.oem4f (.text:UART_read)
                  0000b768    0000000a                            : UART.oem4f (.text:UART_write)
                  0000b772    0000000a     rtsv7M4_T_le_v4SPD16_eabi.lib : sprintf.c.obj (.text:_outc)
                  0000b77c    0000000a     release_pem4f.oem4f (.text:xdc_runtime_IHeap_alloc)
                  0000b786    0000000a     release_pem4f.oem4f (.text:xdc_runtime_IHeap_free)
                  0000b790    00000008     dpl_msp432e4.aem4f : SemaphoreP_tirtos.oem4f (.text:SemaphoreP_Params_init)
                  0000b798    00000008     drivers_msp432e4.aem4f : UARTMSP432E4.oem4f (.text:readSemCallback)
                  0000b7a0    00000008     sysbios.aem4f : BIOS.obj (.text:ti_sysbios_family_arm_lm4_Timer_masterDisable__I)
                  0000b7a8    00000008                   : BIOS.obj (.text:ti_sysbios_family_arm_m3_Hwi_doSwiRestore__I)
                  0000b7b0    00000008                   : BIOS.obj (.text:ti_sysbios_family_arm_m3_Hwi_startup__E)
                  0000b7b8    00000008     drivers_msp432e4.aem4f : UARTMSP432E4.oem4f (.text:writeSemCallback)
                  0000b7c0    00000006     sysbios.aem4f : BIOS.obj (.text:ti_sysbios_family_arm_m3_Hwi_doTaskRestore__I)
                  0000b7c6    00000002     --HOLE-- [fill = 0]
                  0000b7c8    00000006                   : BIOS.obj (.text:ti_sysbios_family_arm_m3_Hwi_restoreFxn__E)
                  0000b7ce    00000002     --HOLE-- [fill = 0]
                  0000b7d0    00000006                   : BIOS.obj (.text:ti_sysbios_gates_GateHwi_leave__E)
                  0000b7d6    00000002     --HOLE-- [fill = 0]
                  0000b7d8    00000006                   : BIOS.obj (.text:ti_sysbios_gates_GateSwi_leave__E)
                  0000b7de    00000002     --HOLE-- [fill = 0]
                  0000b7e0    00000006                   : BIOS.obj (.text:ti_sysbios_heaps_HeapMem_isBlocking__E)
                  0000b7e6    00000002     --HOLE-- [fill = 0]
                  0000b7e8    00000006                   : BIOS.obj (.text:ti_sysbios_knl_Clock_stop__E)
                  0000b7ee    00000002     --HOLE-- [fill = 0]
                  0000b7f0    00000006                   : BIOS.obj (.text:ti_sysbios_knl_Queue_Instance_init__E)
                  0000b7f6    00000002     --HOLE-- [fill = 0]
                  0000b7f8    00000006                   : BIOS.obj (.text:ti_sysbios_knl_Swi_startup__E)
                  0000b7fe    00000002     --HOLE-- [fill = 0]
                  0000b800    00000006                   : BIOS.obj (.text:xdc_runtime_System_Module_startup__E)
                  0000b806    00000002     --HOLE-- [fill = 0]
                  0000b808    00000004                   : BIOS.obj (.text:__aeabi_errno_addr)
                  0000b80c    00000004     --HOLE-- [fill = 0]
                  0000b810    00000004                   : BIOS.obj (.text:ti_sysbios_gates_GateHwi_query__E)
                  0000b814    00000004     --HOLE-- [fill = 0]
                  0000b818    00000004                   : BIOS.obj (.text:ti_sysbios_gates_GateMutex_query__E)
                  0000b81c    00000004     --HOLE-- [fill = 0]
                  0000b820    00000004                   : BIOS.obj (.text:ti_sysbios_knl_Clock_setTimeout__E)
                  0000b824    00000004     --HOLE-- [fill = 0]
                  0000b828    00000004                   : BIOS.obj (.text:ti_sysbios_knl_Semaphore_getCount__E)
                  0000b82c    00000004     --HOLE-- [fill = 0]
                  0000b830    00000004                   : BIOS.obj (.text:ti_sysbios_knl_Task_startup__E)
                  0000b834    00000004     --HOLE-- [fill = 0]
                  0000b838    00000002                   : BIOS.obj (.text:ti_sysbios_BIOS_linkedWithIncorrectBootLibrary__E)
                  0000b83a    00000006     --HOLE-- [fill = 0]
                  0000b840    00000002                   : BIOS.obj (.text:ti_sysbios_gates_GateHwi_Instance_init__E)
                  0000b842    00000006     --HOLE-- [fill = 0]
                  0000b848    00000002                   : BIOS.obj (.text:ti_sysbios_gates_GateSwi_Instance_init__E)
                  0000b84a    00000006     --HOLE-- [fill = 0]
                  0000b850    00000002                   : BIOS.obj (.text:ti_sysbios_knl_Clock_logTick__E)
                  0000b852    00000006     --HOLE-- [fill = 0]
                  0000b858    00000002                   : BIOS.obj (.text:xdc_runtime_SysCallback_defaultAbort)
                  0000b85a    00000006     --HOLE-- [fill = 0]
                  0000b860    00000002                   : BIOS.obj (.text:xdc_runtime_SysCallback_defaultExit)
                  0000b862    00000006     --HOLE-- [fill = 0]
                  0000b868    00000002                   : BIOS.obj (.text:xdc_runtime_System_abortSpin__E)
                  0000b86a    00000006     --HOLE-- [fill = 0]
                  0000b870    00000002                   : BIOS.obj (.text:xdc_runtime_System_exitSpin__E)

.const     0    0000b874    00000f66     
                  0000b874    00000542     p100.obj (.const:.string)
                  0000bdb6    00000002     release_pem4f.oem4f (.const:ti_sysbios_family_arm_m3_Hwi_Module__id__C)
                  0000bdb8    00000210     sysbios.aem4f : BIOS.obj (.const:$O2$$)
                  0000bfc8    00000101     rtsv7M4_T_le_v4SPD16_eabi.lib : ctype.c.obj (.const:.string:_ctypes_)
                  0000c0c9    00000003     drivers_msp432e4.aem4f : GPIOMSP432E4.oem4f (.const:.string:inPinTypes)
                  0000c0cc    00000048     msp432e4_driverlib.a : gpio.o (.const:g_pui32GPIOBaseAddrs)
                  0000c114    00000048     drivers_msp432e4.aem4f : GPIOMSP432E4.oem4f (.const:gpioBaseAddresses)
                  0000c15c    00000048                            : GPIOMSP432E4.oem4f (.const:powerMgrIds)
                  0000c1a4    0000003c     release_pem4f.oem4f (.const)
                  0000c1e0    0000003c     release_pem4f.oem4f (.const:ti_sysbios_knl_Task_Object__PARAMS__C)
                  0000c21c    00000030     release_pem4f.oem4f (.const:ti_sysbios_family_arm_m3_Hwi_Object__PARAMS__C)
                  0000c24c    00000030     release_pem4f.oem4f (.const:ti_sysbios_knl_Task_hooks__A)
                  0000c27c    0000002c     ti_drivers_config.obj (.const:uartMSP432E4HWAttrs)
                  0000c2a8    00000028     drivers_msp432e4.aem4f : UARTMSP432E4.oem4f (.const:UARTMSP432E4_fxnTable)
                  0000c2d0    00000028     release_pem4f.oem4f (.const:ti_sysbios_heaps_HeapMem_Module__FXNS__C)
                  0000c2f8    00000024     drivers_msp432e4.aem4f : UART.oem4f (.const:UART_defaultParams)
                  0000c31c    00000024     release_pem4f.oem4f (.const:ti_sysbios_gates_GateHwi_Module__FXNS__C)
                  0000c340    00000024     release_pem4f.oem4f (.const:ti_sysbios_gates_GateMutex_Module__FXNS__C)
                  0000c364    00000024     release_pem4f.oem4f (.const:ti_sysbios_gates_GateSwi_Module__FXNS__C)
                  0000c388    00000024     release_pem4f.oem4f (.const:ti_sysbios_heaps_HeapMem_Object__PARAMS__C)
                  0000c3ac    00000024     release_pem4f.oem4f (.const:ti_sysbios_knl_Clock_Object__PARAMS__C)
                  0000c3d0    00000024     release_pem4f.oem4f (.const:ti_sysbios_knl_Semaphore_Object__PARAMS__C)
                  0000c3f4    00000020     drivers_msp432e4.aem4f : GPIOMSP432E4.oem4f (.const:.string:gpioInterruptVectors)
                  0000c414    00000020                            : TimerMSP432E4.oem4f (.const:TimerMSP432E4_fxnTable)
                  0000c434    00000020     p100.obj (.const:pinMap)
                  0000c454    00000020     drivers_msp432e4.aem4f : UARTMSP432E4.oem4f (.const:staticFxnTable)
                  0000c474    00000020     release_pem4f.oem4f (.const:ti_sysbios_family_arm_m3_Hwi_Object__DESC__C)
                  0000c494    00000020     release_pem4f.oem4f (.const:ti_sysbios_gates_GateHwi_Object__DESC__C)
                  0000c4b4    00000020     release_pem4f.oem4f (.const:ti_sysbios_gates_GateMutex_Object__DESC__C)
                  0000c4d4    00000020     release_pem4f.oem4f (.const:ti_sysbios_gates_GateSwi_Object__DESC__C)
                  0000c4f4    00000020     release_pem4f.oem4f (.const:ti_sysbios_heaps_HeapMem_Object__DESC__C)
                  0000c514    00000020     release_pem4f.oem4f (.const:ti_sysbios_knl_Clock_Object__DESC__C)
                  0000c534    00000020     release_pem4f.oem4f (.const:ti_sysbios_knl_Queue_Object__DESC__C)
                  0000c554    00000020     release_pem4f.oem4f (.const:ti_sysbios_knl_Semaphore_Object__DESC__C)
                  0000c574    00000020     release_pem4f.oem4f (.const:ti_sysbios_knl_Task_Object__DESC__C)
                  0000c594    00000020     ti_drivers_config.obj (.const:timerMSP432E4HWAttrs)
                  0000c5b4    00000020     release_pem4f.oem4f (.const:xdc_runtime_Startup_sfxnTab__A)
                  0000c5d4    00000018     ti_drivers_config.obj (.const:Timer_config)
                  0000c5ec    00000018     release_pem4f.oem4f (.const:ti_sysbios_gates_GateHwi_Object__PARAMS__C)
                  0000c604    00000018     release_pem4f.oem4f (.const:ti_sysbios_gates_GateMutex_Object__PARAMS__C)
                  0000c61c    00000018     release_pem4f.oem4f (.const:ti_sysbios_gates_GateSwi_Object__PARAMS__C)
                  0000c634    00000018     release_pem4f.oem4f (.const:ti_sysbios_knl_Queue_Object__PARAMS__C)
                  0000c64c    00000014     ti_drivers_config.obj (.const:GPIOMSP432E4_config)
                  0000c660    00000014     drivers_msp432e4.aem4f : UARTMSP432E4.oem4f (.const:parityType)
                  0000c674    00000010                            : UARTMSP432E4.oem4f (.const:dataLength)
                  0000c684    00000010     release_pem4f.oem4f (.const:xdc_runtime_Startup_firstFxns__A)
                  0000c694    00000010     release_pem4f.oem4f (.const:xdc_runtime_Startup_sfxnRts__A)
                  0000c6a4    0000000d     ti_drivers_config.obj (.const)
                  0000c6b1    00000001     release_pem4f.oem4f (.const:xdc_runtime_Error_policy__C)
                  0000c6b2    00000002     release_pem4f.oem4f (.const:ti_sysbios_heaps_HeapMem_Module__id__C)
                  0000c6b4    0000000c     ti_drivers_config.obj (.const:UART_config)
                  0000c6c0    0000000c     drivers_msp432e4.aem4f : Timer.oem4f (.const:defaultParams)
                  0000c6cc    0000000c     release_pem4f.oem4f (.const:ti_sysbios_knl_Idle_funcList__A)
                  0000c6d8    00000008     ti_drivers_config.obj (.const:PowerMSP432E4_config)
                  0000c6e0    00000008     drivers_msp432e4.aem4f : UARTMSP432E4.oem4f (.const:stopBits)
                  0000c6e8    00000008     release_pem4f.oem4f (.const:ti_sysbios_knl_Idle_funcList__C)
                  0000c6f0    00000008     release_pem4f.oem4f (.const:ti_sysbios_knl_Task_hooks__C)
                  0000c6f8    00000008     release_pem4f.oem4f (.const:xdc_runtime_Startup_firstFxns__C)
                  0000c700    00000008     release_pem4f.oem4f (.const:xdc_runtime_Startup_lastFxns__C)
                  0000c708    00000007     drivers_msp432e4.aem4f : GPIOMSP432E4.oem4f (.const:.string:outPinStrengths)
                  0000c70f    00000006                            : GPIOMSP432E4.oem4f (.const:.string:interruptType)
                  0000c715    00000004                            : GPIOMSP432E4.oem4f (.const:.string:outPinTypes)
                  0000c719    00000001     --HOLE-- [fill = 0]
                  0000c71a    00000002     release_pem4f.oem4f (.const:ti_sysbios_knl_Task_Module__id__C)
                  0000c71c    00000004     release_pem4f.oem4f (.const:ti_sysbios_family_arm_lm4_Timer_enableFunc__C)
                  0000c720    00000004     release_pem4f.oem4f (.const:ti_sysbios_family_arm_lm4_Timer_numTimerDevices__C)
                  0000c724    00000004     release_pem4f.oem4f (.const:ti_sysbios_family_arm_lm4_Timer_startupNeeded__C)
                  0000c728    00000004     release_pem4f.oem4f (.const:ti_sysbios_family_arm_m3_Hwi_E_alreadyDefined__C)
                  0000c72c    00000004     release_pem4f.oem4f (.const:ti_sysbios_family_arm_m3_Hwi_E_badIntNum__C)
                  0000c730    00000004     release_pem4f.oem4f (.const:ti_sysbios_family_arm_m3_Hwi_NUM_INTERRUPTS__C)
                  0000c734    00000004     release_pem4f.oem4f (.const:ti_sysbios_family_arm_m3_Hwi_Object__count__C)
                  0000c738    00000004     release_pem4f.oem4f (.const:ti_sysbios_family_arm_m3_Hwi_ccr__C)
                  0000c73c    00000004     release_pem4f.oem4f (.const:ti_sysbios_family_arm_m3_Hwi_excHandlerFunc__C)
                  0000c740    00000004     release_pem4f.oem4f (.const:ti_sysbios_family_arm_m3_Hwi_nullIsrFunc__C)
                  0000c744    00000004     release_pem4f.oem4f (.const:ti_sysbios_family_arm_m3_Hwi_priGroup__C)
                  0000c748    00000004     release_pem4f.oem4f (.const:ti_sysbios_gates_GateMutex_Instance_State_sem__O)
                  0000c74c    00000004     release_pem4f.oem4f (.const:ti_sysbios_heaps_HeapMem_E_memory__C)
                  0000c750    00000004     release_pem4f.oem4f (.const:ti_sysbios_heaps_HeapMem_Module__gateObj__C)
                  0000c754    00000004     release_pem4f.oem4f (.const:ti_sysbios_heaps_HeapMem_Object__count__C)
                  0000c758    00000004     release_pem4f.oem4f (.const:ti_sysbios_heaps_HeapMem_primaryHeapBaseAddr__C)
                  0000c75c    00000004     release_pem4f.oem4f (.const:ti_sysbios_heaps_HeapMem_primaryHeapEndAddr__C)
                  0000c760    00000004     release_pem4f.oem4f (.const:ti_sysbios_heaps_HeapMem_reqAlign__C)
                  0000c764    00000004     release_pem4f.oem4f (.const:ti_sysbios_knl_Clock_Module_State_clockQ__O)
                  0000c768    00000004     release_pem4f.oem4f (.const:ti_sysbios_knl_Mailbox_Instance_State_freeQue__O)
                  0000c76c    00000004     release_pem4f.oem4f (.const:ti_sysbios_knl_Mailbox_Object__count__C)
                  0000c770    00000004     release_pem4f.oem4f (.const:ti_sysbios_knl_Mailbox_maxTypeAlign__C)
                  0000c774    00000004     release_pem4f.oem4f (.const:ti_sysbios_knl_Semaphore_Instance_State_pendQ__O)
                  0000c778    00000004     release_pem4f.oem4f (.const:ti_sysbios_knl_Swi_Object__count__C)
                  0000c77c    00000004     release_pem4f.oem4f (.const:ti_sysbios_knl_Task_E_deleteNotAllowed__C)
                  0000c780    00000004     release_pem4f.oem4f (.const:ti_sysbios_knl_Task_Module_State_inactiveQ__O)
                  0000c784    00000004     release_pem4f.oem4f (.const:ti_sysbios_knl_Task_Module_State_terminatedQ__O)
                  0000c788    00000004     release_pem4f.oem4f (.const:ti_sysbios_knl_Task_Object__count__C)
                  0000c78c    00000004     release_pem4f.oem4f (.const:ti_sysbios_knl_Task_Object__heap__C)
                  0000c790    00000004     release_pem4f.oem4f (.const:ti_sysbios_knl_Task_allBlockedFunc__C)
                  0000c794    00000004     release_pem4f.oem4f (.const:ti_sysbios_knl_Task_numConstructedTasks__C)
                  0000c798    00000004     release_pem4f.oem4f (.const:xdc_runtime_Error_E_memory__C)
                  0000c79c    00000004     release_pem4f.oem4f (.const:xdc_runtime_Error_policyFxn__C)
                  0000c7a0    00000004     release_pem4f.oem4f (.const:xdc_runtime_IGateProvider_Interface__BASE__C)
                  0000c7a4    00000004     release_pem4f.oem4f (.const:xdc_runtime_IHeap_Interface__BASE__C)
                  0000c7a8    00000004     release_pem4f.oem4f (.const:xdc_runtime_IModule_Interface__BASE__C)
                  0000c7ac    00000004     release_pem4f.oem4f (.const:xdc_runtime_Memory_defaultHeapInstance__C)
                  0000c7b0    00000004     release_pem4f.oem4f (.const:xdc_runtime_Startup_execImpl__C)
                  0000c7b4    00000004     release_pem4f.oem4f (.const:xdc_runtime_Startup_maxPasses__C)
                  0000c7b8    00000004     release_pem4f.oem4f (.const:xdc_runtime_Startup_sfxnRts__C)
                  0000c7bc    00000004     release_pem4f.oem4f (.const:xdc_runtime_Startup_sfxnTab__C)
                  0000c7c0    00000004     release_pem4f.oem4f (.const:xdc_runtime_SysCallback_abortFxn__C)
                  0000c7c4    00000004     release_pem4f.oem4f (.const:xdc_runtime_SysCallback_exitFxn__C)
                  0000c7c8    00000004     release_pem4f.oem4f (.const:xdc_runtime_System_Module__gateObj__C)
                  0000c7cc    00000004     release_pem4f.oem4f (.const:xdc_runtime_System_abortFxn__C)
                  0000c7d0    00000004     release_pem4f.oem4f (.const:xdc_runtime_System_exitFxn__C)
                  0000c7d4    00000004     release_pem4f.oem4f (.const:xdc_runtime_System_maxAtexitHandlers__C)
                  0000c7d8    00000002     release_pem4f.oem4f (.const:xdc_runtime_Memory_Module__id__C)

.cinit     0    0000c7e0    00000438     
                  0000c7e0    00000412     (.cinit..data.load) [load image, compression = lzss]
                  0000cbf2    00000002     --HOLE-- [fill = 0]
                  0000cbf4    0000000c     (__TI_handler_table)
                  0000cc00    00000008     (.cinit..bss.load) [load image, compression = zero_init]
                  0000cc08    00000010     (__TI_cinit_table)

.init_array 
*          0    00000000    00000000     UNINITIALIZED

.bss       0    20020360    00008294     UNINITIALIZED
                  20020360    00004000     (.common:scriptLines)
                  20024360    00001e00     release_pem4f.oem4f (.bss:taskStackSection)
                  20026160    000007d0     p100.obj (.bss:aboutMessage$3)
                  20026930    000007d0     p100.obj (.bss:formattedMessage$1)
                  20027100    000007d0     p100.obj (.bss:formattedMessage$2)
                  200278d0    00000640     (.common:tickers)
                  20027f10    00000360     (.common:ti_sysbios_family_arm_m3_Hwi_dispatchTable)
                  20028270    000000fc     (.common:callbacks)
                  2002836c    000000cc     (.common:glo)
                  20028438    00000090     drivers_msp432e4.aem4f : GPIOMSP432E4.oem4f (.bss:gpioCallbackInfo)
                  200284c8    00000068     (.common:timerMSP432E4Objects)
                  20028530    00000064     (.common:uartMSP432E4Objects)
                  20028594    00000020     ti_drivers_config.obj (.bss:uartMSP432E4RingBuffer0)
                  200285b4    0000000c     (.common:tickerTimerParams)
                  200285c0    00000008     (.common:ti_sysbios_knl_Task_Instance_State_0_hookEnv__A)
                  200285c8    00000008     (.common:ti_sysbios_knl_Task_Instance_State_1_hookEnv__A)
                  200285d0    00000008     (.common:ti_sysbios_knl_Task_Instance_State_2_hookEnv__A)
                  200285d8    00000008     (.common:ti_sysbios_knl_Task_Instance_State_3_hookEnv__A)
                  200285e0    00000008     (.common:ti_sysbios_knl_Task_Instance_State_4_hookEnv__A)
                  200285e8    00000004     drivers_msp432e4.aem4f : GPIOMSP432E4.oem4f (.bss)
                  200285ec    00000004                            : TimerMSP432E4.oem4f (.bss:timerState)
                  200285f0    00000004     (.common:tickerTimer)

.data      0    200285f4    00000a01     UNINITIALIZED
                  200285f4    0000017c     release_pem4f.oem4f (.data:ti_sysbios_knl_Task_Object__table__V)
                  20028770    0000016c     drivers_msp432e4.aem4f : PowerMSP432E4.oem4f (.data:PowerMSP432E4_module)
                  200288dc    000000c0     release_pem4f.oem4f (.data:ti_sysbios_knl_Swi_Object__table__V)
                  2002899c    0000008c     sysbios.aem4f : BIOS.obj (.data:$O1$$)
                  20028a28    00000080     register.obj (.data:registers)
                  20028aa8    00000080     release_pem4f.oem4f (.data:ti_sysbios_knl_Swi_Module_State_0_readyQ__A)
                  20028b28    00000080     release_pem4f.oem4f (.data:ti_sysbios_knl_Task_Module_State_0_readyQ__A)
                  20028ba8    00000058     p100.obj (.data:errorCounters)
                  20028c00    00000054     p100.obj (.data:errorMessages)
                  20028c54    00000054     release_pem4f.oem4f (.data:ti_sysbios_gates_GateMutex_Object__table__V)
                  20028ca8    0000004c     p100.obj (.data:errorNames)
                  20028cf4    00000044     release_pem4f.oem4f (.data:ti_sysbios_knl_Task_Module__state__V)
                  20028d38    00000040     release_pem4f.oem4f (.data:ti_sysbios_family_arm_lm4_Timer_Module_State_0_device__A)
                  20028d78    00000040     release_pem4f.oem4f (.data:ti_sysbios_family_arm_lm4_Timer_Object__table__V)
                  20028db8    0000003c     release_pem4f.oem4f (.data:ti_sysbios_knl_Semaphore_Object__table__V)
                  20028df4    00000034     release_pem4f.oem4f (.data:ti_sysbios_family_arm_m3_Hwi_Module__state__V)
                  20028e28    0000002c     release_pem4f.oem4f (.data:ti_sysbios_knl_Clock_Module__state__V)
                  20028e54    00000024     release_pem4f.oem4f (.data:ti_sysbios_BIOS_Module__state__V)
                  20028e78    00000020     ti_drivers_config.obj (.data:gpioCallbackFunctions)
                  20028e98    00000020     ti_drivers_config.obj (.data:gpioPinConfigs)
                  20028eb8    00000020     release_pem4f.oem4f (.data:ti_sysbios_family_arm_lm4_Timer_Module_State_0_handles__A)
                  20028ed8    00000020     release_pem4f.oem4f (.data:xdc_runtime_Error_IgnoreBlock)
                  20028ef8    0000001c     release_pem4f.oem4f (.data:ti_sysbios_knl_Swi_Module__state__V)
                  20028f14    00000018     release_pem4f.oem4f (.data:ti_sysbios_family_arm_m3_Hwi_Object__table__V)
                  20028f2c    00000018     release_pem4f.oem4f (.data:ti_sysbios_heaps_HeapMem_Object__table__V)
                  20028f44    00000010     release_pem4f.oem4f (.data:ti_sysbios_knl_Queue_Object__table__V)
                  20028f54    0000000c     release_pem4f.oem4f (.data:ti_sysbios_family_arm_lm4_Timer_Module__state__V)
                  20028f60    00000008     rtsv7M4_T_le_v4SPD16_eabi.lib : _lock.c.obj (.data:$O1$$)
                  20028f68    00000008     release_pem4f.oem4f (.data:ti_sysbios_family_arm_m3_Hwi_Module__root__V)
                  20028f70    00000008     release_pem4f.oem4f (.data:ti_sysbios_gates_GateHwi_Module__root__V)
                  20028f78    00000008     release_pem4f.oem4f (.data:ti_sysbios_gates_GateMutex_Module__root__V)
                  20028f80    00000008     release_pem4f.oem4f (.data:ti_sysbios_gates_GateSwi_Module__root__V)
                  20028f88    00000008     release_pem4f.oem4f (.data:ti_sysbios_heaps_HeapMem_Module__root__V)
                  20028f90    00000008     release_pem4f.oem4f (.data:ti_sysbios_knl_Clock_Module__root__V)
                  20028f98    00000008     release_pem4f.oem4f (.data:ti_sysbios_knl_Queue_Module__root__V)
                  20028fa0    00000008     release_pem4f.oem4f (.data:ti_sysbios_knl_Semaphore_Module__root__V)
                  20028fa8    00000008     release_pem4f.oem4f (.data:ti_sysbios_knl_Task_Module__root__V)
                  20028fb0    00000008     release_pem4f.oem4f (.data:xdc_runtime_Startup_Module__state__V)
                  20028fb8    00000008     release_pem4f.oem4f (.data:xdc_runtime_System_Module_State_0_atexitHandlers__A)
                  20028fc0    00000008     release_pem4f.oem4f (.data:xdc_runtime_System_Module__state__V)
                  20028fc8    00000005     drivers_msp432e4.aem4f : GPIOMSP432E4.oem4f (.data)
                  20028fcd    00000001                            : Timer.oem4f (.data)
                  20028fce    00000002     release_pem4f.oem4f (.data:ti_sysbios_family_arm_m3_Hwi_Module_State_0_excActive__A)
                  20028fd0    00000004     rtsv7M4_T_le_v4SPD16_eabi.lib : stkdepth_vars.c.obj (.data)
                  20028fd4    00000004                                   : strtok.c.obj (.data)
                  20028fd8    00000004     release_pem4f.oem4f (.data:ti_sysbios_family_arm_m3_Hwi_Module_State_0_excContext__A)
                  20028fdc    00000004     release_pem4f.oem4f (.data:ti_sysbios_family_arm_m3_Hwi_Module_State_0_excStack__A)
                  20028fe0    00000004     release_pem4f.oem4f (.data:ti_sysbios_gates_GateHwi_Object__table__V)
                  20028fe4    00000004     release_pem4f.oem4f (.data:ti_sysbios_gates_GateSwi_Object__table__V)
                  20028fe8    00000004     release_pem4f.oem4f (.data:ti_sysbios_knl_Task_Module_State_0_idleTask__A)
                  20028fec    00000004     release_pem4f.oem4f (.data:ti_sysbios_rts_ti_ReentSupport_Module__state__V)
                  20028ff0    00000004     release_pem4f.oem4f (.data:xdc_runtime_Memory_Module__state__V)
                  20028ff4    00000001     drivers_msp432e4.aem4f : UART.oem4f (.data)

.priheap   0    20000360    00020000     UNINITIALIZED
                  20000360    00020000     --HOLE--

.stack     0    2003fc00    00000400     UNINITIALIZED
                  2003fc00    00000400     --HOLE--

.bootVecs 
*          0    00000000    00000008     DSECT
                  00000000    00000008     boot.aem4f : boot.oem4f (.bootVecs)

.resetVecs 
*          0    00000000    0000003c     
                  00000000    0000003c     release_pem4f.oem4f (.resetVecs)

.vecs      0    20000000    00000360     NOLOAD SECTION
                  20000000    00000360     release_pem4f.oem4f (.vecs)

xdc.meta   0    00000000    00000134     COPY SECTION
                  00000000    00000134     release_pem4f.oem4f (xdc.meta)

xdc.noload 
*          0    00000000    00000000     COPY SECTION

__llvm_prf_cnts 
*          0    20000000    00000000     UNINITIALIZED

.binit     0    00000000    00000000     

MODULE SUMMARY

       Module                       code    ro data   rw data
       ------                       ----    -------   -------
    .\src\
       p100.obj                     13353   1378      22632  
       register.obj                 2610    0         128    
       tickers.obj                  756     0         1616   
       script.obj                   1116    0         0      
       callback.obj                 496     0         456    
       tasks.obj                    252     0         0      
       main_tirtos.obj              54      0         0      
    +--+----------------------------+-------+---------+---------+
       Total:                       18637   1378      24832  
                                                             
    .\syscfg\
       ti_drivers_config.obj        50      153       300    
    +--+----------------------------+-------+---------+---------+
       Total:                       50      153       300    
                                                             
    C:\Users\Mark Dannemiller\OneDrive - Texas Tech University\Documents\ccs_workspace\tirtos_builds_MSP_EXP432E401Y_release_ccs\Debug\configPkg\package\cfg\
       release_pem4f.oem4f          1634    1221      11042  
    +--+----------------------------+-------+---------+---------+
       Total:                       1634    1221      11042  
                                                             
    C:/ti/simplelink_msp432e4_sdk_4_20_00_12/kernel/tirtos/packages/ti/dpl/lib/dpl_msp432e4.aem4f
       SemaphoreP_tirtos.oem4f      146     0         0      
       ClockP_tirtos.oem4f          102     0         0      
       HwiP_tirtos.oem4f            100     0         0      
       PowerMSP432E4_tirtos.oem4f   16      0         0      
    +--+----------------------------+-------+---------+---------+
       Total:                       364     0         0      
                                                             
    C:/ti/simplelink_msp432e4_sdk_4_20_00_12/source/ti/devices/msp432e4/driverlib/lib/ccs/m4f/msp432e4_driverlib.a
       gpio.o                       1066    72        0      
       uart.o                       588     0         0      
       sysctl.o                     564     0         0      
       timer.o                      264     0         0      
    +--+----------------------------+-------+---------+---------+
       Total:                       2482    72        0      
                                                             
    C:/ti/simplelink_msp432e4_sdk_4_20_00_12/source/ti/drivers/lib/drivers_msp432e4.aem4f
       UARTMSP432E4.oem4f           2914    116       0      
       GPIOMSP432E4.oem4f           1132    196       153    
       TimerMSP432E4.oem4f          1168    32        4      
       PowerMSP432E4.oem4f          336     0         364    
       UART.oem4f                   176     36        1      
       RingBuf.oem4f                198     0         0      
       Timer.oem4f                  178     12        1      
    +--+----------------------------+-------+---------+---------+
       Total:                       6102    392       523    
                                                             
    C:\Users\Mark Dannemiller\OneDrive - Texas Tech University\Documents\ccs_workspace\tirtos_builds_MSP_EXP432E401Y_release_ccs\src\sysbios\sysbios.aem4f
       BIOS.obj                     8278    528       140    
       m3_Hwi_asm.obj               318     0         0      
       m3_TaskSupport_asm.obj       180     0         0      
       m3_Hwi_asm_switch.obj        118     0         0      
    +--+----------------------------+-------+---------+---------+
       Total:                       8894    528       140    
                                                             
    C:\ti\ccs1280\ccs\tools\compiler\ti-cgt-arm_20.2.7.LTS\lib\rtsv7M4_T_le_v4SPD16_eabi.lib
       _printfi.c.obj               4851    0         0      
       fd_add_t2.asm.obj            438     0         0      
       fd_div_t2.asm.obj            310     0         0      
       strtol.c.obj                 304     0         0      
       s_scalbn.c.obj               272     0         0      
       strtoul.c.obj                272     0         0      
[...]
0000b6ad  ti_sysbios_family_arm_m3_Hwi_Params__init__S                    
0000b6ad  ti_sysbios_hal_Hwi_HwiProxy_Params__init__S                     
0000b6b9  ti_sysbios_family_arm_m3_Hwi_disableFxn__E                      
0000b6b9  ti_sysbios_hal_Hwi_HwiProxy_disable__E                          
0000b6c9  ti_sysbios_gates_GateHwi_enter__E                               
0000b6d9  ti_sysbios_gates_GateSwi_query__E                               
0000b6e5  ti_sysbios_knl_Clock_Params__init__S                            
0000b6f1  ti_sysbios_knl_Semaphore_Params__init__S                        
0000b701  ti_sysbios_knl_Task_self__E                                     
0000b711  ti_sysbios_rts_ti_ReentSupport_taskRegHook__I                   
0000b721  xdc_runtime_Startup_rtsDone__E                                  
0000b72d  ClockP_Params_init                                              
0000b737  NDK_hookInit                                                    
0000b741  Timer_setPeriod                                                 
0000b74b  Timer_start                                                     
0000b755  Timer_stop                                                      
0000b75f  UART_read                                                       
0000b769  UART_write                                                      
0000b77d  xdc_runtime_Memory_HeapProxy_alloc__E                           
0000b787  xdc_runtime_Memory_HeapProxy_free__E                            
0000b791  SemaphoreP_Params_init                                          
0000b7a1  ti_sysbios_family_arm_lm4_Timer_masterDisable__I                
0000b7a9  ti_sysbios_family_arm_m3_Hwi_doSwiRestore__I                    
0000b7b1  ti_sysbios_family_arm_m3_Hwi_startup__E                         
0000b7b1  ti_sysbios_hal_Hwi_HwiProxy_startup__E                          
0000b7b1  ti_sysbios_hal_Hwi_startup__E                                   
0000b7c1  ti_sysbios_family_arm_m3_Hwi_doTaskRestore__I                   
0000b7c9  HwiP_restore                                                    
0000b7c9  ti_sysbios_family_arm_m3_Hwi_restoreFxn__E                      
0000b7c9  ti_sysbios_hal_Hwi_HwiProxy_restore__E                          
0000b7d1  ti_sysbios_gates_GateHwi_leave__E                               
0000b7d9  ti_sysbios_gates_GateSwi_leave__E                               
0000b7e1  ti_sysbios_heaps_HeapMem_isBlocking__E                          
0000b7e9  ti_sysbios_knl_Clock_stop__E                                    
0000b7f1  ti_sysbios_knl_Queue_Instance_init__E                           
0000b7f9  ti_sysbios_knl_Swi_startup__E                                   
0000b801  xdc_runtime_System_Module_startup__E                            
0000b809  __aeabi_errno_addr                                              
0000b811  ti_sysbios_gates_GateHwi_query__E                               
0000b811  xdc_runtime_Main_Module_GateProxy_query__E                      
0000b811  xdc_runtime_System_Module_GateProxy_query__E                    
0000b819  ti_sysbios_BIOS_RtsGateProxy_query__E                           
0000b819  ti_sysbios_gates_GateMutex_query__E                             
0000b819  ti_sysbios_heaps_HeapMem_Module_GateProxy_query__E              
0000b821  ti_sysbios_knl_Clock_setTimeout__E                              
0000b829  ti_sysbios_knl_Semaphore_getCount__E                            
0000b831  ti_sysbios_knl_Task_startup__E                                  
0000b839  ti_sysbios_BIOS_linkedWithIncorrectBootLibrary__E               
0000b841  ti_sysbios_gates_GateHwi_Instance_init__E                       
0000b849  ti_sysbios_gates_GateSwi_Instance_init__E                       
0000b851  ti_sysbios_knl_Clock_logTick__E                                 
0000b859  xdc_runtime_SysCallback_defaultAbort                            
0000b861  xdc_runtime_SysCallback_defaultExit                             
0000b869  xdc_runtime_System_abortSpin__E                                 
0000b871  xdc_runtime_System_exitSpin__E                                  
0000bdb6  ti_sysbios_family_arm_m3_Hwi_Module__id__C                      
0000bfc8  _ctypes_                                                        
0000c1a4  heap0                                                           
0000c1a8  gateSwi0                                                        
0000c1ac  UARTReader                                                      
0000c1b0  UARTWriter                                                      
0000c1b4  UARTWriteSem                                                    
0000c1b8  PayloadExecutor                                                 
0000c1bc  PayloadQueue                                                    
0000c1c0  OutMsgQueue                                                     
0000c1c4  PayloadSem                                                      
0000c1c8  Timer0_swi                                                      
0000c1cc  SW1_swi                                                         
0000c1d0  SW2_swi                                                         
0000c1d4  TickerSem                                                       
0000c1d8  TickerProcessor                                                 
0000c1dc  tiposix_mqGate                                                  
0000c1e0  ti_sysbios_knl_Task_Object__PARAMS__C                           
0000c21c  ti_sysbios_family_arm_m3_Hwi_Object__PARAMS__C                  
0000c24c  ti_sysbios_knl_Task_hooks__A                                    
0000c2a8  UARTMSP432E4_fxnTable                                           
0000c2d0  ti_sysbios_heaps_HeapMem_Module__FXNS__C                        
0000c2f8  UART_defaultParams                                              
0000c31c  ti_sysbios_gates_GateHwi_Module__FXNS__C                        
0000c340  ti_sysbios_gates_GateMutex_Module__FXNS__C                      
0000c364  ti_sysbios_gates_GateSwi_Module__FXNS__C                        
0000c388  ti_sysbios_heaps_HeapMem_Object__PARAMS__C                      
0000c3ac  ti_sysbios_knl_Clock_Object__PARAMS__C                          
0000c3d0  ti_sysbios_knl_Semaphore_Object__PARAMS__C                      
0000c414  TimerMSP432E4_fxnTable                                          
0000c434  pinMap                                                          
0000c474  ti_sysbios_family_arm_m3_Hwi_Object__DESC__C                    
0000c494  ti_sysbios_gates_GateHwi_Object__DESC__C                        
0000c4b4  ti_sysbios_gates_GateMutex_Object__DESC__C                      
0000c4d4  ti_sysbios_gates_GateSwi_Object__DESC__C                        
0000c4f4  ti_sysbios_heaps_HeapMem_Object__DESC__C                        
0000c514  ti_sysbios_knl_Clock_Object__DESC__C                            
0000c534  ti_sysbios_knl_Queue_Object__DESC__C                            
0000c554  ti_sysbios_knl_Semaphore_Object__DESC__C                        
0000c574  ti_sysbios_knl_Task_Object__DESC__C                             
0000c594  timerMSP432E4HWAttrs                                            
0000c5b4  xdc_runtime_Startup_sfxnTab__A                                  
0000c5d4  Timer_config                                                    
0000c5ec  ti_sysbios_gates_GateHwi_Object__PARAMS__C                      
0000c604  ti_sysbios_gates_GateMutex_Object__PARAMS__C                    
0000c61c  ti_sysbios_gates_GateSwi_Object__PARAMS__C                      
0000c634  ti_sysbios_knl_Queue_Object__PARAMS__C                          
0000c64c  GPIOMSP432E4_config                                             
0000c684  xdc_runtime_Startup_firstFxns__A                                
0000c694  xdc_runtime_Startup_sfxnRts__A                                  
0000c6a4  CONFIG_GPIO_LED_0_CONST                                         
0000c6a5  CONFIG_GPIO_LED_1_CONST                                         
0000c6a6  CONFIG_GPIO_LED_2_CONST                                         
0000c6a7  CONFIG_GPIO_LED_3_CONST                                         
0000c6a8  CONFIG_GPIO_4_CONST                                             
0000c6a9  CONFIG_GPIO_5_CONST                                             
0000c6aa  CONFIG_GPIO_SWITCH_6_CONST                                      
0000c6ab  CONFIG_GPIO_SWITCH_7_CONST                                      
0000c6ac  CONFIG_GPT_0_CONST                                              
0000c6ad  CONFIG_GPT_1_CONST                                              
0000c6ae  Timer_count                                                     
0000c6af  CONFIG_UART_0_CONST                                             
0000c6b0  UART_count                                                      
0000c6b1  xdc_runtime_Error_policy__C                                     
0000c6b2  ti_sysbios_heaps_HeapMem_Module__id__C                          
0000c6b4  UART_config                                                     
0000c6cc  ti_sysbios_knl_Idle_funcList__A                                 
0000c6d8  PowerMSP432E4_config                                            
0000c6e8  ti_sysbios_knl_Idle_funcList__C                                 
0000c6f0  ti_sysbios_knl_Task_hooks__C                                    
0000c6f8  xdc_runtime_Startup_firstFxns__C                                
0000c700  xdc_runtime_Startup_lastFxns__C                                 
0000c71a  ti_sysbios_knl_Task_Module__id__C                               
0000c71c  ti_sysbios_family_arm_lm4_Timer_enableFunc__C                   
0000c720  ti_sysbios_family_arm_lm4_Timer_numTimerDevices__C              
0000c724  ti_sysbios_family_arm_lm4_Timer_startupNeeded__C                
0000c728  ti_sysbios_family_arm_m3_Hwi_E_alreadyDefined__C                
0000c72c  ti_sysbios_family_arm_m3_Hwi_E_badIntNum__C                     
0000c730  ti_sysbios_family_arm_m3_Hwi_NUM_INTERRUPTS__C                  
0000c734  ti_sysbios_family_arm_m3_Hwi_Object__count__C                   
0000c738  ti_sysbios_family_arm_m3_Hwi_ccr__C                             
0000c73c  ti_sysbios_family_arm_m3_Hwi_excHandlerFunc__C                  
0000c740  ti_sysbios_family_arm_m3_Hwi_nullIsrFunc__C                     
0000c744  ti_sysbios_family_arm_m3_Hwi_priGroup__C                        
0000c748  ti_sysbios_gates_GateMutex_Instance_State_sem__O                
0000c74c  ti_sysbios_heaps_HeapMem_E_memory__C                            
0000c750  ti_sysbios_heaps_HeapMem_Module__gateObj__C                     
0000c754  ti_sysbios_heaps_HeapMem_Object__count__C                       
0000c758  ti_sysbios_heaps_HeapMem_primaryHeapBaseAddr__C                 
0000c75c  ti_sysbios_heaps_HeapMem_primaryHeapEndAddr__C                  
0000c760  ti_sysbios_heaps_HeapMem_reqAlign__C                            
0000c764  ti_sysbios_knl_Clock_Module_State_clockQ__O                     
0000c768  ti_sysbios_knl_Mailbox_Instance_State_freeQue__O                
0000c76c  ti_sysbios_knl_Mailbox_Object__count__C                         
0000c770  ti_sysbios_knl_Mailbox_maxTypeAlign__C                          
0000c774  ti_sysbios_knl_Semaphore_Instance_State_pendQ__O                
0000c778  ti_sysbios_knl_Swi_Object__count__C                             
0000c77c  ti_sysbios_knl_Task_E_deleteNotAllowed__C                       
0000c780  ti_sysbios_knl_Task_Module_State_inactiveQ__O                   
0000c784  ti_sysbios_knl_Task_Module_State_terminatedQ__O                 
0000c788  ti_sysbios_knl_Task_Object__count__C                            
0000c78c  ti_sysbios_knl_Task_Object__heap__C                             
0000c790  ti_sysbios_knl_Task_allBlockedFunc__C                           
0000c794  ti_sysbios_knl_Task_numConstructedTasks__C                      
0000c798  xdc_runtime_Error_E_memory__C                                   
0000c79c  xdc_runtime_Error_policyFxn__C                                  
0000c7a0  xdc_runtime_IGateProvider_Interface__BASE__C                    
0000c7a4  xdc_runtime_IHeap_Interface__BASE__C                            
0000c7a8  xdc_runtime_IModule_Interface__BASE__C                          
0000c7ac  xdc_runtime_Memory_defaultHeapInstance__C                       
0000c7b0  xdc_runtime_Startup_execImpl__C                                 
0000c7b4  xdc_runtime_Startup_maxPasses__C                                
0000c7b8  xdc_runtime_Startup_sfxnRts__C                                  
0000c7bc  xdc_runtime_Startup_sfxnTab__C                                  
0000c7c0  xdc_runtime_SysCallback_abortFxn__C                             
0000c7c4  xdc_runtime_SysCallback_exitFxn__C                              
0000c7c8  xdc_runtime_System_Module__gateObj__C                           
0000c7cc  xdc_runtime_System_abortFxn__C                                  
0000c7d0  xdc_runtime_System_exitFxn__C                                   
0000c7d4  xdc_runtime_System_maxAtexitHandlers__C                         
0000c7d8  xdc_runtime_Memory_Module__id__C                                
0000c7e0  __TI_static_base__                                              
0000cbf4  __TI_Handler_Table_Base                                         
0000cc00  __TI_Handler_Table_Limit                                        
0000cc08  __TI_CINIT_Base                                                 
0000cc18  __TI_CINIT_Limit                                                
00020000  HEAPSIZE                                                        
20000000  __start___llvm_prf_cnts                                         
20000000  __stop___llvm_prf_cnts                                          
20000000  ti_sysbios_family_arm_m3_Hwi_ramVectors                         
20000360  __primary_heap_start__                                          
20020360  __primary_heap_end__                                            
20020360  scriptLines                                                     
20024360  ti_sysbios_knl_Task_Instance_State_0_stack__A                   
20024b60  ti_sysbios_knl_Task_Instance_State_1_stack__A                   
20025360  ti_sysbios_knl_Task_Instance_State_2_stack__A                   
20025b60  ti_sysbios_knl_Task_Instance_State_3_stack__A                   
20025f60  ti_sysbios_knl_Task_Instance_State_4_stack__A                   
200278d0  tickers                                                         
20027f10  ti_sysbios_family_arm_m3_Hwi_dispatchTable                      
20028270  callbacks                                                       
2002836c  glo                                                             
200284c8  timerMSP432E4Objects                                            
20028530  uartMSP432E4Objects                                             
200285b4  tickerTimerParams                                               
200285c0  ti_sysbios_knl_Task_Instance_State_0_hookEnv__A                 
200285c8  ti_sysbios_knl_Task_Instance_State_1_hookEnv__A                 
200285d0  ti_sysbios_knl_Task_Instance_State_2_hookEnv__A                 
200285d8  ti_sysbios_knl_Task_Instance_State_3_hookEnv__A                 
200285e0  ti_sysbios_knl_Task_Instance_State_4_hookEnv__A                 
200285f0  tickerTimer                                                     
200285f4  ti_sysbios_knl_Task_Object__table__V                            
20028770  PowerMSP432E4_module                                            
200288dc  ti_sysbios_knl_Swi_Object__table__V                             
20028a28  registers                                                       
20028aa8  ti_sysbios_knl_Swi_Module_State_0_readyQ__A                     
20028b28  ti_sysbios_knl_Task_Module_State_0_readyQ__A                    
20028ba8  errorCounters                                                   
20028c00  errorMessages                                                   
20028c54  ti_sysbios_gates_GateMutex_Object__table__V                     
20028ca8  errorNames                                                      
20028cf4  ti_sysbios_knl_Task_Module__state__V                            
20028d38  ti_sysbios_family_arm_lm4_Timer_Module_State_0_device__A        
20028d78  ti_sysbios_family_arm_lm4_Timer_Object__table__V                
20028db8  ti_sysbios_knl_Semaphore_Object__table__V                       
20028df4  ti_sysbios_family_arm_m3_Hwi_Module__state__V                   
20028e28  ti_sysbios_knl_Clock_Module__state__V                           
20028e54  ti_sysbios_BIOS_Module__state__V                                
20028e78  gpioCallbackFunctions                                           
20028e98  gpioPinConfigs                                                  
20028eb8  ti_sysbios_family_arm_lm4_Timer_Module_State_0_handles__A       
20028ed8  xdc_runtime_Error_IgnoreBlock                                   
20028ef8  ti_sysbios_knl_Swi_Module__state__V                             
20028f14  ti_sysbios_family_arm_m3_Hwi_Object__table__V                   
20028f2c  ti_sysbios_heaps_HeapMem_Object__table__V                       
20028f44  ti_sysbios_knl_Queue_Object__table__V                           
20028f54  ti_sysbios_family_arm_lm4_Timer_Module__state__V                
20028f60  _lock                                                           
20028f64  _unlock                                                         
20028f68  ti_sysbios_family_arm_m3_Hwi_Module__root__V                    
20028f70  ti_sysbios_gates_GateHwi_Module__root__V                        
20028f78  ti_sysbios_gates_GateMutex_Module__root__V                      
20028f80  ti_sysbios_gates_GateSwi_Module__root__V                        
20028f88  ti_sysbios_heaps_HeapMem_Module__root__V                        
20028f90  ti_sysbios_knl_Clock_Module__root__V                            
20028f98  ti_sysbios_knl_Queue_Module__root__V                            
20028fa0  ti_sysbios_knl_Semaphore_Module__root__V                        
20028fa8  ti_sysbios_knl_Task_Module__root__V                             
20028fb0  xdc_runtime_Startup_Module__state__V                            
20028fb8  xdc_runtime_System_Module_State_0_atexitHandlers__A             
20028fc0  xdc_runtime_System_Module__state__V                             
20028fce  ti_sysbios_family_arm_m3_Hwi_Module_State_0_excActive__A        
20028fd0  main_func_sp                                                    
20028fd8  ti_sysbios_family_arm_m3_Hwi_Module_State_0_excContext__A       
20028fdc  ti_sysbios_family_arm_m3_Hwi_Module_State_0_excStack__A         
20028fe0  ti_sysbios_gates_GateHwi_Object__table__V                       
20028fe4  ti_sysbios_gates_GateSwi_Object__table__V                       
20028fe8  ti_sysbios_knl_Task_Module_State_0_idleTask__A                  
20028fec  ti_sysbios_rts_ti_ReentSupport_Module__state__V                 
20028ff0  xdc_runtime_Memory_Module__state__V                             
2003fc00  __stack                                                         
20040000  __STACK_END                                                     
e000e000  ti_sysbios_family_arm_m3_Hwi_nvic                               
ffffffff  __TI_pprof_out_hndl                                             
ffffffff  __TI_prof_data_size                                             
ffffffff  __TI_prof_data_start                                            
ffffffff  __binit__                                                       
ffffffff  __c_args__                                                      
ffffffff  binit                                                           
UNDEFED   SHT$$INIT_ARRAY$$Base                                           
UNDEFED   SHT$$INIT_ARRAY$$Limit                                          

[712 symbols]
